c:\users\cmonmeow\desktop\shipwright\build\x64\libultraship\src\libultraship.dir\release\os_cache.obj
c:\users\cmonmeow\desktop\shipwright\build\x64\libultraship\src\libultraship.dir\release\nullaudioplayer.obj
c:\users\cmonmeow\desktop\shipwright\build\x64\libultraship\src\libultraship.dir\release\config.obj
c:\users\cmonmeow\desktop\shipwright\build\x64\libultraship\src\libultraship.dir\release\utils.obj
c:\users\cmonmeow\desktop\shipwright\build\x64\libultraship\src\libultraship.dir\release\resource.obj
c:\users\cmonmeow\desktop\shipwright\build\x64\libultraship\src\libultraship.dir\release\folderarchive.obj
c:\users\cmonmeow\desktop\shipwright\build\x64\libultraship\src\libultraship.dir\release\light.obj
c:\users\cmonmeow\desktop\shipwright\build\x64\libultraship\src\libultraship.dir\release\os.obj
c:\users\cmonmeow\desktop\shipwright\build\x64\libultraship\src\libultraship.dir\release\crashhandler.obj
c:\users\cmonmeow\desktop\shipwright\build\x64\libultraship\src\libultraship.dir\release\archivemanager.obj
c:\users\cmonmeow\desktop\shipwright\build\x64\libultraship\src\libultraship.dir\release\fast3dwindow.obj
c:\users\cmonmeow\desktop\shipwright\build\x64\libultraship\src\libultraship.dir\release\resourcebridge.obj
c:\users\cmonmeow\desktop\shipwright\build\x64\libultraship\src\libultraship.dir\release\window.obj
c:\users\cmonmeow\desktop\shipwright\build\x64\libultraship\src\libultraship.dir\release\strhash64.obj
c:\users\cmonmeow\desktop\shipwright\build\x64\libultraship\src\libultraship.dir\release\stringhelper.obj
c:\users\cmonmeow\desktop\shipwright\build\x64\libultraship\src\libultraship.dir\release\shader.obj
c:\users\cmonmeow\desktop\shipwright\build\x64\libultraship\src\libultraship.dir\release\archive.obj
c:\users\cmonmeow\desktop\shipwright\build\x64\libultraship\src\libultraship.dir\release\displaylist.obj
c:\users\cmonmeow\desktop\shipwright\build\x64\libultraship\src\libultraship.dir\release\vertexfactory.obj
c:\users\cmonmeow\desktop\shipwright\build\x64\libultraship\src\libultraship.dir\release\os_vm.obj
c:\users\cmonmeow\desktop\shipwright\build\x64\libultraship\src\libultraship.dir\release\consolevariable.obj
c:\users\cmonmeow\desktop\shipwright\build\x64\libultraship\src\libultraship.dir\release\binaryreader.obj
c:\users\cmonmeow\desktop\shipwright\build\x64\libultraship\src\libultraship.dir\release\stox.obj
c:\users\cmonmeow\desktop\shipwright\build\x64\libultraship\src\libultraship.dir\release\displaylistfactory.obj
c:\users\cmonmeow\desktop\shipwright\build\x64\libultraship\src\libultraship.dir\release\crashhandlerbridge.obj
c:\users\cmonmeow\desktop\shipwright\build\x64\libultraship\src\libultraship.dir\release\windowbridge.obj
c:\users\cmonmeow\desktop\shipwright\build\x64\libultraship\src\libultraship.dir\release\audio.obj
c:\users\cmonmeow\desktop\shipwright\build\x64\libultraship\src\libultraship.dir\release\filedropmgr.obj
c:\users\cmonmeow\desktop\shipwright\build\x64\libultraship\src\libultraship.dir\release\binarywriter.obj
c:\users\cmonmeow\desktop\shipwright\build\x64\libultraship\src\libultraship.dir\release\resourceloader.obj
c:\users\cmonmeow\desktop\shipwright\build\x64\libultraship\src\libultraship.dir\release\matrix.obj
c:\users\cmonmeow\desktop\shipwright\build\x64\libultraship\src\libultraship.dir\release\texturefactory.obj
c:\users\cmonmeow\desktop\shipwright\build\x64\libultraship\src\libultraship.dir\release\consolevariablebridge.obj
c:\users\cmonmeow\desktop\shipwright\build\x64\libultraship\src\libultraship.dir\release\audioplayer.obj
c:\users\cmonmeow\desktop\shipwright\build\x64\libultraship\src\libultraship.dir\release\resourcefactoryxml.obj
c:\users\cmonmeow\desktop\shipwright\build\x64\libultraship\src\libultraship.dir\release\otrarchive.obj
c:\users\cmonmeow\desktop\shipwright\build\x64\libultraship\src\libultraship.dir\release\texture.obj
c:\users\cmonmeow\desktop\shipwright\build\x64\libultraship\src\libultraship.dir\release\gfx_opengl.obj
c:\users\cmonmeow\desktop\shipwright\build\x64\libultraship\src\libultraship.dir\release\os_pi.obj
c:\users\cmonmeow\desktop\shipwright\build\x64\libultraship\src\libultraship.dir\release\memorystream.obj
c:\users\cmonmeow\desktop\shipwright\build\x64\libultraship\src\libultraship.dir\release\blob.obj
c:\users\cmonmeow\desktop\shipwright\build\x64\libultraship\src\libultraship.dir\release\blobfactory.obj
c:\users\cmonmeow\desktop\shipwright\build\x64\libultraship\src\libultraship.dir\release\gfxdebuggerbridge.obj
c:\users\cmonmeow\desktop\shipwright\build\x64\libultraship\src\libultraship.dir\release\context.obj
c:\users\cmonmeow\desktop\shipwright\build\x64\libultraship\src\libultraship.dir\release\stream.obj
c:\users\cmonmeow\desktop\shipwright\build\x64\libultraship\src\libultraship.dir\release\json.obj
c:\users\cmonmeow\desktop\shipwright\build\x64\libultraship\src\libultraship.dir\release\lightfactory.obj
c:\users\cmonmeow\desktop\shipwright\build\x64\libultraship\src\libultraship.dir\release\os_eeprom.obj
c:\users\cmonmeow\desktop\shipwright\build\x64\libultraship\src\libultraship.dir\release\resourcemanager.obj
c:\users\cmonmeow\desktop\shipwright\build\x64\libultraship\src\libultraship.dir\release\interpreter.obj
c:\users\cmonmeow\desktop\shipwright\build\x64\libultraship\src\libultraship.dir\release\os_mesg.obj
c:\users\cmonmeow\desktop\shipwright\build\x64\libultraship\src\libultraship.dir\release\wasapiaudioplayer.obj
c:\users\cmonmeow\desktop\shipwright\build\x64\libultraship\src\libultraship.dir\release\shaderfactory.obj
c:\users\cmonmeow\desktop\shipwright\build\x64\libultraship\src\libultraship.dir\release\vertex.obj
c:\users\cmonmeow\desktop\shipwright\build\x64\libultraship\src\libultraship.dir\release\os_time.obj
c:\users\cmonmeow\desktop\shipwright\build\x64\libultraship\src\libultraship.dir\release\os_vi.obj
c:\users\cmonmeow\desktop\shipwright\build\x64\libultraship\src\libultraship.dir\release\console.obj
c:\users\cmonmeow\desktop\shipwright\build\x64\libultraship\src\libultraship.dir\release\resourcefactorybinary.obj
c:\users\cmonmeow\desktop\shipwright\build\x64\libultraship\src\libultraship.dir\release\o2rarchive.obj
c:\users\cmonmeow\desktop\shipwright\build\x64\libultraship\src\libultraship.dir\release\gfxdebugger.obj
c:\users\cmonmeow\desktop\shipwright\build\x64\libultraship\src\libultraship.dir\release\matrixfactory.obj
c:\users\cmonmeow\desktop\shipwright\build\x64\libultraship\src\libultraship.dir\release\audiobridge.obj
c:\users\cmonmeow\desktop\shipwright\build\x64\libultraship\src\libultraship.dir\release\gfxbridge.obj
c:\users\cmonmeow\desktop\shipwright\build\x64\libultraship\src\libultraship.dir\release\jsonfactory.obj
c:\users\cmonmeow\desktop\shipwright\build\x64\libultraship\src\libultraship.dir\release\controllerdefaultmappings.obj
c:\users\cmonmeow\desktop\shipwright\build\x64\libultraship\src\libultraship.dir\release\soundmatrixdecoder.obj
c:\users\cmonmeow\desktop\shipwright\build\x64\libultraship\src\libultraship.dir\release\gfx_win32_opengl.obj
c:\users\cmonmeow\desktop\shipwright\build\x64\libultraship\src\libultraship.dir\release\win32input.obj
c:\users\cmonmeow\desktop\shipwright\build\x64\libultraship\src\libultraship.dir\release\pathengineoverlay.obj
c:\users\cmonmeow\desktop\shipwright\x64\release\libultraship.pdb
c:\users\cmonmeow\desktop\shipwright\build\x64\libultraship\src\libultraship.dir\release\glob.obj
c:\users\cmonmeow\desktop\shipwright\build\x64\libultraship\src\cmakefiles\generate.stamp
c:\users\cmonmeow\desktop\shipwright\x64\release\libultraship.lib
c:\users\cmonmeow\desktop\shipwright\build\x64\libultraship\src\libultraship.dir\release\audiodmaregistry.obj
c:\users\cmonmeow\desktop\shipwright\build\x64\libultraship\src\libultraship.dir\release\axisdirectionmappingfactory.obj
c:\users\cmonmeow\desktop\shipwright\build\x64\libultraship\src\libultraship.dir\release\buttonmappingfactory.obj
c:\users\cmonmeow\desktop\shipwright\build\x64\libultraship\src\libultraship.dir\release\connectedphysicaldevicemanager.obj
c:\users\cmonmeow\desktop\shipwright\build\x64\libultraship\src\libultraship.dir\release\consolewindow.obj
c:\users\cmonmeow\desktop\shipwright\build\x64\libultraship\src\libultraship.dir\release\controldevice.obj
c:\users\cmonmeow\desktop\shipwright\build\x64\libultraship\src\libultraship.dir\release\controlleraxisdirectionmapping.obj
c:\users\cmonmeow\desktop\shipwright\build\x64\libultraship\src\libultraship.dir\release\controllerbridge.obj
c:\users\cmonmeow\desktop\shipwright\build\x64\libultraship\src\libultraship.dir\release\controllerbutton.obj
c:\users\cmonmeow\desktop\shipwright\build\x64\libultraship\src\libultraship.dir\release\controllerbuttonmapping.obj
c:\users\cmonmeow\desktop\shipwright\build\x64\libultraship\src\libultraship.dir\release\controllergyro.obj
c:\users\cmonmeow\desktop\shipwright\build\x64\libultraship\src\libultraship.dir\release\controllergyromapping.obj
c:\users\cmonmeow\desktop\shipwright\build\x64\libultraship\src\libultraship.dir\release\controllerinputmapping.obj
c:\users\cmonmeow\desktop\shipwright\build\x64\libultraship\src\libultraship.dir\release\controllerled.obj
c:\users\cmonmeow\desktop\shipwright\build\x64\libultraship\src\libultraship.dir\release\controllerledmapping.obj
c:\users\cmonmeow\desktop\shipwright\build\x64\libultraship\src\libultraship.dir\release\controllermapping.obj
c:\users\cmonmeow\desktop\shipwright\build\x64\libultraship\src\libultraship.dir\release\controllerrumble.obj
c:\users\cmonmeow\desktop\shipwright\build\x64\libultraship\src\libultraship.dir\release\controllerrumblemapping.obj
c:\users\cmonmeow\desktop\shipwright\build\x64\libultraship\src\libultraship.dir\release\controllerstick.obj
c:\users\cmonmeow\desktop\shipwright\build\x64\libultraship\src\libultraship.dir\release\controlport.obj
c:\users\cmonmeow\desktop\shipwright\build\x64\libultraship\src\libultraship.dir\release\eventdebuggerwindow.obj
c:\users\cmonmeow\desktop\shipwright\build\x64\libultraship\src\libultraship.dir\release\eventsbridge.obj
c:\users\cmonmeow\desktop\shipwright\build\x64\libultraship\src\libultraship.dir\release\eventsystem.obj
c:\users\cmonmeow\desktop\shipwright\build\x64\libultraship\src\libultraship.dir\release\fast3dgui.obj
c:\users\cmonmeow\desktop\shipwright\build\x64\libultraship\src\libultraship.dir\release\fastmousestatemanager.obj
c:\users\cmonmeow\desktop\shipwright\build\x64\libultraship\src\libultraship.dir\release\font.obj
c:\users\cmonmeow\desktop\shipwright\build\x64\libultraship\src\libultraship.dir\release\fontfactory.obj
c:\users\cmonmeow\desktop\shipwright\build\x64\libultraship\src\libultraship.dir\release\gameoverlay.obj
c:\users\cmonmeow\desktop\shipwright\build\x64\libultraship\src\libultraship.dir\release\gfxdebuggerwindow.obj
c:\users\cmonmeow\desktop\shipwright\build\x64\libultraship\src\libultraship.dir\release\gfx_direct3d11.obj
c:\users\cmonmeow\desktop\shipwright\build\x64\libultraship\src\libultraship.dir\release\gfx_direct3d_common.obj
c:\users\cmonmeow\desktop\shipwright\build\x64\libultraship\src\libultraship.dir\release\gfx_dxgi.obj
c:\users\cmonmeow\desktop\shipwright\build\x64\libultraship\src\libultraship.dir\release\gfx_metal.obj
c:\users\cmonmeow\desktop\shipwright\build\x64\libultraship\src\libultraship.dir\release\gfx_metal_shader.obj
c:\users\cmonmeow\desktop\shipwright\build\x64\libultraship\src\libultraship.dir\release\gfx_sdl2.obj
c:\users\cmonmeow\desktop\shipwright\build\x64\libultraship\src\libultraship.dir\release\globalsdldevicesettings.obj
c:\users\cmonmeow\desktop\shipwright\build\x64\libultraship\src\libultraship.dir\release\gui.obj
c:\users\cmonmeow\desktop\shipwright\build\x64\libultraship\src\libultraship.dir\release\guielement.obj
c:\users\cmonmeow\desktop\shipwright\build\x64\libultraship\src\libultraship.dir\release\guimenubar.obj
c:\users\cmonmeow\desktop\shipwright\build\x64\libultraship\src\libultraship.dir\release\guitexture.obj
c:\users\cmonmeow\desktop\shipwright\build\x64\libultraship\src\libultraship.dir\release\guitexturefactory.obj
c:\users\cmonmeow\desktop\shipwright\build\x64\libultraship\src\libultraship.dir\release\guiwindow.obj
c:\users\cmonmeow\desktop\shipwright\build\x64\libultraship\src\libultraship.dir\release\gyromappingfactory.obj
c:\users\cmonmeow\desktop\shipwright\build\x64\libultraship\src\libultraship.dir\release\inputeditorwindow.obj
c:\users\cmonmeow\desktop\shipwright\build\x64\libultraship\src\libultraship.dir\release\keyboardkeytoanymapping.obj
c:\users\cmonmeow\desktop\shipwright\build\x64\libultraship\src\libultraship.dir\release\keyboardkeytoaxisdirectionmapping.obj
c:\users\cmonmeow\desktop\shipwright\build\x64\libultraship\src\libultraship.dir\release\keyboardkeytobuttonmapping.obj
c:\users\cmonmeow\desktop\shipwright\build\x64\libultraship\src\libultraship.dir\release\ledmappingfactory.obj
c:\users\cmonmeow\desktop\shipwright\build\x64\libultraship\src\libultraship.dir\release\luslog.obj
c:\users\cmonmeow\desktop\shipwright\build\x64\libultraship\src\libultraship.dir\release\mousebuttontoanymapping.obj
c:\users\cmonmeow\desktop\shipwright\build\x64\libultraship\src\libultraship.dir\release\mousebuttontoaxisdirectionmapping.obj
c:\users\cmonmeow\desktop\shipwright\build\x64\libultraship\src\libultraship.dir\release\mousebuttontobuttonmapping.obj
c:\users\cmonmeow\desktop\shipwright\build\x64\libultraship\src\libultraship.dir\release\mousestatemanager.obj
c:\users\cmonmeow\desktop\shipwright\build\x64\libultraship\src\libultraship.dir\release\mousewheeltoanymapping.obj
c:\users\cmonmeow\desktop\shipwright\build\x64\libultraship\src\libultraship.dir\release\mousewheeltoaxisdirectionmapping.obj
c:\users\cmonmeow\desktop\shipwright\build\x64\libultraship\src\libultraship.dir\release\mousewheeltobuttonmapping.obj
c:\users\cmonmeow\desktop\shipwright\build\x64\libultraship\src\libultraship.dir\release\rumblemappingfactory.obj
c:\users\cmonmeow\desktop\shipwright\build\x64\libultraship\src\libultraship.dir\release\sdladdremovedeviceeventhandler.obj
c:\users\cmonmeow\desktop\shipwright\build\x64\libultraship\src\libultraship.dir\release\sdlaudioplayer.obj
c:\users\cmonmeow\desktop\shipwright\build\x64\libultraship\src\libultraship.dir\release\sdlaxisdirectiontoanymapping.obj
c:\users\cmonmeow\desktop\shipwright\build\x64\libultraship\src\libultraship.dir\release\sdlaxisdirectiontoaxisdirectionmapping.obj
c:\users\cmonmeow\desktop\shipwright\build\x64\libultraship\src\libultraship.dir\release\sdlaxisdirectiontobuttonmapping.obj
c:\users\cmonmeow\desktop\shipwright\build\x64\libultraship\src\libultraship.dir\release\sdlbuttontoanymapping.obj
c:\users\cmonmeow\desktop\shipwright\build\x64\libultraship\src\libultraship.dir\release\sdlbuttontoaxisdirectionmapping.obj
c:\users\cmonmeow\desktop\shipwright\build\x64\libultraship\src\libultraship.dir\release\sdlbuttontobuttonmapping.obj
c:\users\cmonmeow\desktop\shipwright\build\x64\libultraship\src\libultraship.dir\release\sdlgyromapping.obj
c:\users\cmonmeow\desktop\shipwright\build\x64\libultraship\src\libultraship.dir\release\sdlledmapping.obj
c:\users\cmonmeow\desktop\shipwright\build\x64\libultraship\src\libultraship.dir\release\sdlrumblemapping.obj
c:\users\cmonmeow\desktop\shipwright\build\x64\libultraship\src\libultraship.dir\release\statswindow.obj
c:\users\cmonmeow\desktop\shipwright\build\x64\libultraship\src\libultraship.dir\release\wheelhandler.obj
c:\users\cmonmeow\desktop\shipwright\build\x64\libultraship\src\libultraship.dir\release\libultraship.tlog\cl.command.1.tlog
c:\users\cmonmeow\desktop\shipwright\build\x64\libultraship\src\libultraship.dir\release\libultraship.tlog\cl.items.tlog
c:\users\cmonmeow\desktop\shipwright\build\x64\libultraship\src\libultraship.dir\release\libultraship.tlog\cl.read.1.tlog
c:\users\cmonmeow\desktop\shipwright\build\x64\libultraship\src\libultraship.dir\release\libultraship.tlog\cl.write.1.tlog
c:\users\cmonmeow\desktop\shipwright\build\x64\libultraship\src\libultraship.dir\release\libultraship.tlog\custombuild.command.1.tlog
c:\users\cmonmeow\desktop\shipwright\build\x64\libultraship\src\libultraship.dir\release\libultraship.tlog\custombuild.read.1.tlog
c:\users\cmonmeow\desktop\shipwright\build\x64\libultraship\src\libultraship.dir\release\libultraship.tlog\custombuild.write.1.tlog
c:\users\cmonmeow\desktop\shipwright\build\x64\libultraship\src\libultraship.dir\release\libultraship.tlog\lib-link.read.1.tlog
c:\users\cmonmeow\desktop\shipwright\build\x64\libultraship\src\libultraship.dir\release\libultraship.tlog\lib-link.write.1.tlog
c:\users\cmonmeow\desktop\shipwright\build\x64\libultraship\src\libultraship.dir\release\libultraship.tlog\lib.command.1.tlog
