c:\users\cmonmeow\desktop\shipwright\build\x64\libultraship\imgui.dir\debug\imgui_draw.obj
c:\users\cmonmeow\desktop\shipwright\build\x64\libultraship\imgui.dir\debug\imgui_tables.obj
c:\users\cmonmeow\desktop\shipwright\build\x64\libultraship\imgui.dir\debug\imgui_impl_dx11.obj
c:\users\cmonmeow\desktop\shipwright\build\x64\libultraship\imgui.dir\debug\imgui_impl_opengl3.obj
c:\users\cmonmeow\desktop\shipwright\build\x64\libultraship\imgui.dir\debug\imgui_impl_sdl2.obj
c:\users\cmonmeow\desktop\shipwright\build\x64\libultraship\imgui.dir\debug\imgui_impl_win32.obj
c:\users\cmonmeow\desktop\shipwright\build\x64\libultraship\imgui.dir\debug\imgui_demo.obj
c:\users\cmonmeow\desktop\shipwright\build\x64\libultraship\imgui.dir\debug\imgui.obj
c:\users\cmonmeow\desktop\shipwright\build\x64\libultraship\imgui.dir\debug\imgui_widgets.obj
c:\users\cmonmeow\desktop\shipwright\build\x64\libultraship\cmakefiles\generate.stamp
c:\users\cmonmeow\desktop\shipwright\build\x64\libultraship\debug\imgui.lib
c:\users\cmonmeow\desktop\shipwright\build\x64\libultraship\imgui.dir\debug\imgui.tlog\cl.1396.write.1.tlog
c:\users\cmonmeow\desktop\shipwright\build\x64\libultraship\imgui.dir\debug\imgui.tlog\cl.command.1.tlog
c:\users\cmonmeow\desktop\shipwright\build\x64\libultraship\imgui.dir\debug\imgui.tlog\cl.items.tlog
c:\users\cmonmeow\desktop\shipwright\build\x64\libultraship\imgui.dir\debug\imgui.tlog\cl.read.1.tlog
c:\users\cmonmeow\desktop\shipwright\build\x64\libultraship\imgui.dir\debug\imgui.tlog\custombuild.command.1.tlog
c:\users\cmonmeow\desktop\shipwright\build\x64\libultraship\imgui.dir\debug\imgui.tlog\custombuild.read.1.tlog
c:\users\cmonmeow\desktop\shipwright\build\x64\libultraship\imgui.dir\debug\imgui.tlog\custombuild.write.1.tlog
c:\users\cmonmeow\desktop\shipwright\build\x64\libultraship\imgui.dir\debug\imgui.tlog\lib-link.read.1.tlog
c:\users\cmonmeow\desktop\shipwright\build\x64\libultraship\imgui.dir\debug\imgui.tlog\lib-link.write.1.tlog
c:\users\cmonmeow\desktop\shipwright\build\x64\libultraship\imgui.dir\debug\imgui.tlog\lib.command.1.tlog
