cl : command line  warning D9002: ignoring unknown option '/O3'
cl : command line  warning D9002: ignoring unknown option '/O3'
  main.cpp
cl : command line  warning D9002: ignoring unknown option '/O3'
  ast.cpp
cl : command line  warning D9002: ignoring unknown option '/O3'
  lexer.cpp
cl : command line  warning D9002: ignoring unknown option '/O3'
  processor.cpp
cl : command line  warning D9002: ignoring unknown option '/O3'
  gv.cpp
C:\Users\CmonMeow\Desktop\Shipwright\build\x64\_deps\prism-src\src\prism\processor.h(154,7): warning C4099: 'prism::Node': type name first seen using 'struct' now seen using 'class'
  (compiling source file '../prism-src/src/main.cpp')
      C:\Users\CmonMeow\Desktop\Shipwright\build\x64\_deps\prism-src\src\prism\processor.h(154,7):
      see declaration of 'prism::Node'
  
C:\Users\CmonMeow\Desktop\Shipwright\build\x64\_deps\prism-src\src\prism\processor.h(154,7): warning C4099: 'prism::Node': type name first seen using 'struct' now seen using 'class'
  (compiling source file '../prism-src/src/prism/processor.cpp')
      C:\Users\CmonMeow\Desktop\Shipwright\build\x64\_deps\prism-src\src\prism\processor.h(154,7):
      see declaration of 'prism::Node'
  
C:\Users\CmonMeow\Desktop\Shipwright\build\x64\_deps\prism-src\src\prism\processor.h(190,58): warning C4267: 'argument': conversion from 'size_t' to 'int', possible loss of data
  (compiling source file '../prism-src/src/prism/processor.cpp')
      C:\Users\CmonMeow\Desktop\Shipwright\build\x64\_deps\prism-src\src\prism\processor.h(190,58):
      the template instantiation context (the oldest one first) is
          C:\Users\CmonMeow\Desktop\Shipwright\build\x64\_deps\prism-src\src\prism\processor.cpp(735,17):
          see reference to function template instantiation 'void prism::Processor::array_iterate<bool>(prism::ForNode &,prism::ForContext &)' being compiled
  
cl : command line  warning D9002: ignoring unknown option '/O3'
  invoke.c
  prism.vcxproj -> C:\Users\CmonMeow\Desktop\Shipwright\build\x64\_deps\prism-build\Release\prism.lib
