  ZTextMM.cpp
  SetCutsceneEntryList.cpp
  CrashHandler.cpp
  Declaration.cpp
  FileWorker.cpp
  GameConfig.cpp
  Globals.cpp
  ImageBackend.cpp
  Main.cpp
  OutputFormatter.cpp
  WarningHandler.cpp
  yaz0.cpp
  Cutscene_Common.cpp
C:\Users\CmonMeow\Desktop\Shipwright\ZAPDTR\ZAPD\ImageBackend.cpp(1,9): warning C4005: '_CRT_SECURE_NO_WARNINGS': macro redefinition
      C:\Users\CmonMeow\Desktop\Shipwright\ZAPDTR\ZAPD\ImageBackend.cpp(1,9):
      '_CRT_SECURE_NO_WARNINGS' previously declared on the command line
  
C:\Users\CmonMeow\Desktop\Shipwright\ZAPDTR\ZAPD\yaz0\yaz0.cpp(47,22): warning C4018: '>': signed/unsigned mismatch
C:\Users\CmonMeow\Desktop\Shipwright\ZAPDTR\ZAPD\yaz0\yaz0.cpp(80,24): warning C4018: '>': signed/unsigned mismatch
C:\Users\CmonMeow\Desktop\Shipwright\ZAPDTR\ZAPD\yaz0\yaz0.cpp(201,19): warning C4018: '<': signed/unsigned mismatch
  CutsceneMM_Commands.cpp
C:\Users\CmonMeow\Desktop\Shipwright\ZAPDTR\ZAPD\Utils\BitConverter.h(197,50): warning C4267: 'argument': conversion from 'size_t' to 'int32_t', possible loss of data
  (compiling source file '../../../ZAPDTR/ZAPD/OtherStructs/Cutscene_Common.cpp')
  
C:\Users\CmonMeow\Desktop\Shipwright\ZAPDTR\ZAPD\Utils\BitConverter.h(202,50): warning C4267: 'argument': conversion from 'size_t' to 'int32_t', possible loss of data
  (compiling source file '../../../ZAPDTR/ZAPD/OtherStructs/Cutscene_Common.cpp')
  
C:\Users\CmonMeow\Desktop\Shipwright\ZAPDTR\ZAPD\Utils\BitConverter.h(197,50): warning C4267: 'argument': conversion from 'size_t' to 'int32_t', possible loss of data
  (compiling source file '../../../ZAPDTR/ZAPD/WarningHandler.cpp')
  
C:\Users\CmonMeow\Desktop\Shipwright\ZAPDTR\ZAPD\Utils\BitConverter.h(202,50): warning C4267: 'argument': conversion from 'size_t' to 'int32_t', possible loss of data
  (compiling source file '../../../ZAPDTR/ZAPD/WarningHandler.cpp')
  
C:\Users\CmonMeow\Desktop\Shipwright\ZAPDTR\ZAPD\Utils\BitConverter.h(197,50): warning C4267: 'argument': conversion from 'size_t' to 'int32_t', possible loss of data
  (compiling source file '../../../ZAPDTR/ZAPD/ZRoom/Commands/SetCutsceneEntryList.cpp')
  
C:\Users\CmonMeow\Desktop\Shipwright\ZAPDTR\ZAPD\Utils\BitConverter.h(202,50): warning C4267: 'argument': conversion from 'size_t' to 'int32_t', possible loss of data
  (compiling source file '../../../ZAPDTR/ZAPD/ZRoom/Commands/SetCutsceneEntryList.cpp')
  
C:\Users\CmonMeow\Desktop\Shipwright\ZAPDTR\ZAPD\Utils\BitConverter.h(197,50): warning C4267: 'argument': conversion from 'size_t' to 'int32_t', possible loss of data
  (compiling source file '../../../ZAPDTR/ZAPD/ZTextMM.cpp')
  
C:\Users\CmonMeow\Desktop\Shipwright\ZAPDTR\ZAPD\Utils\BitConverter.h(202,50): warning C4267: 'argument': conversion from 'size_t' to 'int32_t', possible loss of data
  (compiling source file '../../../ZAPDTR/ZAPD/ZTextMM.cpp')
  
C:\Users\CmonMeow\Desktop\Shipwright\ZAPDTR\ZAPD\OtherStructs\Cutscene_Common.cpp(121,36): warning C4267: '+=': conversion from 'size_t' to 'offset_t', possible loss of data
  CutsceneOoT_Commands.cpp
C:\Users\CmonMeow\Desktop\Shipwright\ZAPDTR\ZAPD\CrashHandler.cpp(112,12): warning C4244: 'argument': conversion from 'time_t' to 'unsigned int', possible loss of data
  SkinLimbStructs.cpp
C:\Users\CmonMeow\Desktop\Shipwright\ZAPDTR\ZAPD\Utils\BitConverter.h(197,50): warning C4267: 'argument': conversion from 'size_t' to 'int32_t', possible loss of data
  (compiling source file '../../../ZAPDTR/ZAPD/Declaration.cpp')
  
C:\Users\CmonMeow\Desktop\Shipwright\ZAPDTR\ZAPD\Utils\BitConverter.h(202,50): warning C4267: 'argument': conversion from 'size_t' to 'int32_t', possible loss of data
  (compiling source file '../../../ZAPDTR/ZAPD/Declaration.cpp')
  
C:\Users\CmonMeow\Desktop\Shipwright\ZAPDTR\ZAPD\Utils\BitConverter.h(197,50): warning C4267: 'argument': conversion from 'size_t' to 'int32_t', possible loss of data
  (compiling source file '../../../ZAPDTR/ZAPD/Main.cpp')
  
C:\Users\CmonMeow\Desktop\Shipwright\ZAPDTR\ZAPD\Utils\BitConverter.h(202,50): warning C4267: 'argument': conversion from 'size_t' to 'int32_t', possible loss of data
  (compiling source file '../../../ZAPDTR/ZAPD/Main.cpp')
  
C:\Users\CmonMeow\Desktop\Shipwright\ZAPDTR\ZAPD\Utils\BitConverter.h(197,50): warning C4267: 'argument': conversion from 'size_t' to 'int32_t', possible loss of data
  (compiling source file '../../../ZAPDTR/ZAPD/Globals.cpp')
  
C:\Users\CmonMeow\Desktop\Shipwright\ZAPDTR\ZAPD\Utils\BitConverter.h(202,50): warning C4267: 'argument': conversion from 'size_t' to 'int32_t', possible loss of data
  (compiling source file '../../../ZAPDTR/ZAPD/Globals.cpp')
  
C:\Users\CmonMeow\Desktop\Shipwright\ZAPDTR\ZAPD\Utils\BitConverter.h(197,50): warning C4267: 'argument': conversion from 'size_t' to 'int32_t', possible loss of data
  (compiling source file '../../../ZAPDTR/ZAPD/OutputFormatter.cpp')
  
C:\Users\CmonMeow\Desktop\Shipwright\ZAPDTR\ZAPD\Utils\BitConverter.h(202,50): warning C4267: 'argument': conversion from 'size_t' to 'int32_t', possible loss of data
  (compiling source file '../../../ZAPDTR/ZAPD/OutputFormatter.cpp')
  
C:\Users\CmonMeow\Desktop\Shipwright\ZAPDTR\ZAPD\Utils\BitConverter.h(197,50): warning C4267: 'argument': conversion from 'size_t' to 'int32_t', possible loss of data
  (compiling source file '../../../ZAPDTR/ZAPD/ImageBackend.cpp')
  
C:\Users\CmonMeow\Desktop\Shipwright\ZAPDTR\ZAPD\Utils\BitConverter.h(202,50): warning C4267: 'argument': conversion from 'size_t' to 'int32_t', possible loss of data
  (compiling source file '../../../ZAPDTR/ZAPD/ImageBackend.cpp')
  
C:\Users\CmonMeow\Desktop\Shipwright\ZAPDTR\ZAPD\ImageBackend.cpp(193,66): warning C4267: 'argument': conversion from 'size_t' to 'int', possible loss of data
C:\Users\CmonMeow\Desktop\Shipwright\ZAPDTR\ZAPD\ImageBackend.cpp(207,41): warning C4267: 'argument': conversion from 'size_t' to 'int', possible loss of data
C:\Users\CmonMeow\Desktop\Shipwright\ZAPDTR\ZAPD\ImageBackend.cpp(256,22): warning C4244: 'initializing': conversion from 'double' to 'size_t', possible loss of data
C:\Users\CmonMeow\Desktop\Shipwright\ZAPDTR\ZAPD\ImageBackend.cpp(286,22): warning C4244: 'initializing': conversion from 'double' to 'size_t', possible loss of data
C:\Users\CmonMeow\Desktop\Shipwright\ZAPDTR\ZAPD\ImageBackend.cpp(306,22): warning C4244: 'initializing': conversion from 'double' to 'size_t', possible loss of data
C:\Users\CmonMeow\Desktop\Shipwright\ZAPDTR\ZAPD\ImageBackend.cpp(327,22): warning C4244: 'initializing': conversion from 'double' to 'size_t', possible loss of data
C:\Users\CmonMeow\Desktop\Shipwright\ZAPDTR\ZAPD\ImageBackend.cpp(351,22): warning C4244: 'initializing': conversion from 'double' to 'size_t', possible loss of data
C:\Users\CmonMeow\Desktop\Shipwright\ZAPDTR\ZAPD\ImageBackend.cpp(365,22): warning C4244: 'initializing': conversion from 'double' to 'size_t', possible loss of data
C:\Users\CmonMeow\Desktop\Shipwright\ZAPDTR\ZAPD\ImageBackend.cpp(379,22): warning C4244: 'initializing': conversion from 'double' to 'size_t', possible loss of data
C:\Users\CmonMeow\Desktop\Shipwright\ZAPDTR\ZAPD\ImageBackend.cpp(405,22): warning C4244: 'initializing': conversion from 'double' to 'size_t', possible loss of data
C:\Users\CmonMeow\Desktop\Shipwright\ZAPDTR\ZAPD\OutputFormatter.cpp(13,20): warning C4244: 'initializing': conversion from '__int64' to 'uint32_t', possible loss of data
C:\Users\CmonMeow\Desktop\Shipwright\ZAPDTR\ZAPD\OutputFormatter.cpp(96,35): warning C4267: 'argument': conversion from 'size_t' to 'int', possible loss of data
C:\Users\CmonMeow\Desktop\Shipwright\ZAPDTR\ZAPD\Utils\BitConverter.h(197,50): warning C4267: 'argument': conversion from 'size_t' to 'int32_t', possible loss of data
  (compiling source file '../../../ZAPDTR/ZAPD/GameConfig.cpp')
  
C:\Users\CmonMeow\Desktop\Shipwright\ZAPDTR\ZAPD\Utils\BitConverter.h(202,50): warning C4267: 'argument': conversion from 'size_t' to 'int32_t', possible loss of data
  (compiling source file '../../../ZAPDTR/ZAPD/GameConfig.cpp')
  
C:\Users\CmonMeow\Desktop\Shipwright\ZAPDTR\ZAPD\WarningHandler.cpp(221,25): warning C4477: 'fprintf' : format string '%s' requires an argument of type 'char *', but variadic argument 1 has type 'const std::filesystem::path::value_type *'
      C:\Users\CmonMeow\Desktop\Shipwright\ZAPDTR\ZAPD\WarningHandler.cpp(221,25):
      consider using '%ls' in the format string
      C:\Users\CmonMeow\Desktop\Shipwright\ZAPDTR\ZAPD\WarningHandler.cpp(221,25):
      consider using '%lls' in the format string
      C:\Users\CmonMeow\Desktop\Shipwright\ZAPDTR\ZAPD\WarningHandler.cpp(221,25):
      consider using '%Ls' in the format string
      C:\Users\CmonMeow\Desktop\Shipwright\ZAPDTR\ZAPD\WarningHandler.cpp(221,25):
      consider using '%ws' in the format string
  
C:\Users\CmonMeow\Desktop\Shipwright\ZAPDTR\ZAPD\GameConfig.cpp(246,24): warning C4244: 'argument': conversion from 'uint16_t' to 'unsigned char', possible loss of data
C:\Users\CmonMeow\Desktop\Shipwright\ZAPDTR\ZAPD\GameConfig.cpp(249,21): warning C4244: 'argument': conversion from 'uint16_t' to 'unsigned char', possible loss of data
C:\Users\CmonMeow\Desktop\Shipwright\ZAPDTR\ZAPD\GameConfig.cpp(252,25): warning C4244: 'argument': conversion from 'uint16_t' to 'unsigned char', possible loss of data
C:\Users\CmonMeow\Desktop\Shipwright\ZAPDTR\ZAPD\ZTextMM.cpp(34,36): warning C4244: '=': conversion from 'int64_t' to 'uint32_t', possible loss of data
C:\Users\CmonMeow\Desktop\Shipwright\ZAPDTR\ZAPD\ZTextMM.cpp(47,33): warning C4244: '=': conversion from 'int64_t' to 'uint32_t', possible loss of data
C:\Users\CmonMeow\Desktop\Shipwright\ZAPDTR\ZAPD\Globals.cpp(87,12): warning C4244: 'initializing': conversion from '__int64' to 'int', possible loss of data
C:\Users\CmonMeow\Desktop\Shipwright\ZAPDTR\ZAPD\Globals.cpp(99,12): warning C4244: 'initializing': conversion from '__int64' to 'int', possible loss of data
C:\Users\CmonMeow\Desktop\Shipwright\ZAPDTR\ZAPD\Globals.cpp(148,65): warning C4267: 'argument': conversion from 'size_t' to 'int', possible loss of data
C:\Users\CmonMeow\Desktop\Shipwright\ZAPDTR\ZAPD\Utils\BitConverter.h(197,50): warning C4267: 'argument': conversion from 'size_t' to 'int32_t', possible loss of data
  (compiling source file '../../../ZAPDTR/ZAPD/OtherStructs/SkinLimbStructs.cpp')
  
C:\Users\CmonMeow\Desktop\Shipwright\ZAPDTR\ZAPD\Utils\BitConverter.h(202,50): warning C4267: 'argument': conversion from 'size_t' to 'int32_t', possible loss of data
  (compiling source file '../../../ZAPDTR/ZAPD/OtherStructs/SkinLimbStructs.cpp')
  
C:\Users\CmonMeow\Desktop\Shipwright\ZAPDTR\ZAPD\Main.cpp(253,11): warning C4477: 'printf' : format string '%s' requires an argument of type 'char *', but variadic argument 1 has type 'const std::filesystem::path::value_type *'
      C:\Users\CmonMeow\Desktop\Shipwright\ZAPDTR\ZAPD\Main.cpp(253,11):
      consider using '%ls' in the format string
      C:\Users\CmonMeow\Desktop\Shipwright\ZAPDTR\ZAPD\Main.cpp(253,11):
      consider using '%lls' in the format string
      C:\Users\CmonMeow\Desktop\Shipwright\ZAPDTR\ZAPD\Main.cpp(253,11):
      consider using '%Ls' in the format string
      C:\Users\CmonMeow\Desktop\Shipwright\ZAPDTR\ZAPD\Main.cpp(253,11):
      consider using '%ws' in the format string
  
C:\Users\CmonMeow\Desktop\Shipwright\ZAPDTR\ZAPD\Main.cpp(366,12): warning C4477: 'printf' : format string '%s' requires an argument of type 'char *', but variadic argument 1 has type 'const std::filesystem::path::value_type *'
      C:\Users\CmonMeow\Desktop\Shipwright\ZAPDTR\ZAPD\Main.cpp(366,12):
      consider using '%ls' in the format string
      C:\Users\CmonMeow\Desktop\Shipwright\ZAPDTR\ZAPD\Main.cpp(366,12):
      consider using '%lls' in the format string
      C:\Users\CmonMeow\Desktop\Shipwright\ZAPDTR\ZAPD\Main.cpp(366,12):
      consider using '%Ls' in the format string
      C:\Users\CmonMeow\Desktop\Shipwright\ZAPDTR\ZAPD\Main.cpp(366,12):
      consider using '%ws' in the format string
  
C:\Users\CmonMeow\Desktop\Shipwright\ZAPDTR\ZAPD\Main.cpp(671,36): warning C4267: 'argument': conversion from 'size_t' to 'int', possible loss of data
C:\Users\CmonMeow\Desktop\Shipwright\ZAPDTR\ZAPD\Main.cpp(673,22): warning C4267: 'argument': conversion from 'size_t' to 'const _Ty', possible loss of data
C:\Users\CmonMeow\Desktop\Shipwright\ZAPDTR\ZAPD\Main.cpp(673,22): warning C4267:         with
C:\Users\CmonMeow\Desktop\Shipwright\ZAPDTR\ZAPD\Main.cpp(673,22): warning C4267:         [
C:\Users\CmonMeow\Desktop\Shipwright\ZAPDTR\ZAPD\Main.cpp(673,22): warning C4267:             _Ty=unsigned int
C:\Users\CmonMeow\Desktop\Shipwright\ZAPDTR\ZAPD\Main.cpp(673,22): warning C4267:         ]
C:\Users\CmonMeow\Desktop\Shipwright\ZAPDTR\ZAPD\Main.cpp(682,35): warning C4267: 'argument': conversion from 'size_t' to 'int', possible loss of data
C:\Users\CmonMeow\Desktop\Shipwright\ZAPDTR\ZAPD\Main.cpp(682,19): warning C4267: 'argument': conversion from 'size_t' to 'int', possible loss of data
C:\Users\CmonMeow\Desktop\Shipwright\ZAPDTR\ZAPD\Main.cpp(691,23): warning C4267: 'argument': conversion from 'size_t' to 'int', possible loss of data
C:\Users\CmonMeow\Desktop\Shipwright\ZAPDTR\ZAPD\Main.cpp(691,20): warning C4267: 'argument': conversion from 'size_t' to 'int', possible loss of data
C:\Users\CmonMeow\Desktop\Shipwright\ZAPDTR\ZAPD\Main.cpp(710,12): warning C4477: 'printf' : format string '%i' requires an argument of type 'int', but variadic argument 1 has type '_Rep'
C:\Users\CmonMeow\Desktop\Shipwright\ZAPDTR\ZAPD\Main.cpp(710,12): warning C4477:         with
C:\Users\CmonMeow\Desktop\Shipwright\ZAPDTR\ZAPD\Main.cpp(710,12): warning C4477:         [
C:\Users\CmonMeow\Desktop\Shipwright\ZAPDTR\ZAPD\Main.cpp(710,12): warning C4477:             _Rep=__int64
C:\Users\CmonMeow\Desktop\Shipwright\ZAPDTR\ZAPD\Main.cpp(710,12): warning C4477:         ]
      C:\Users\CmonMeow\Desktop\Shipwright\ZAPDTR\ZAPD\Main.cpp(710,12):
      consider using '%lli' in the format string
      C:\Users\CmonMeow\Desktop\Shipwright\ZAPDTR\ZAPD\Main.cpp(710,12):
      consider using '%Ii' in the format string
      C:\Users\CmonMeow\Desktop\Shipwright\ZAPDTR\ZAPD\Main.cpp(710,12):
      consider using '%I64i' in the format string
  
C:\Users\CmonMeow\Desktop\Shipwright\ZAPDTR\ZAPD\Main.cpp(718,13): warning C4477: 'printf' : format string '%s' requires an argument of type 'char *', but variadic argument 1 has type 'const std::filesystem::path::value_type *'
      C:\Users\CmonMeow\Desktop\Shipwright\ZAPDTR\ZAPD\Main.cpp(718,13):
      consider using '%ls' in the format string
      C:\Users\CmonMeow\Desktop\Shipwright\ZAPDTR\ZAPD\Main.cpp(718,13):
      consider using '%lls' in the format string
      C:\Users\CmonMeow\Desktop\Shipwright\ZAPDTR\ZAPD\Main.cpp(718,13):
      consider using '%Ls' in the format string
      C:\Users\CmonMeow\Desktop\Shipwright\ZAPDTR\ZAPD\Main.cpp(718,13):
      consider using '%ws' in the format string
  
C:\Users\CmonMeow\Desktop\Shipwright\ZAPDTR\ZAPD\Main.cpp(664,10): warning C4101: 'parseSuccessful': unreferenced local variable
C:\Users\CmonMeow\Desktop\Shipwright\ZAPDTR\ZAPD\Utils\BitConverter.h(197,50): warning C4267: 'argument': conversion from 'size_t' to 'int32_t', possible loss of data
  (compiling source file '../../../ZAPDTR/ZAPD/OtherStructs/CutsceneMM_Commands.cpp')
  
C:\Users\CmonMeow\Desktop\Shipwright\ZAPDTR\ZAPD\Utils\BitConverter.h(202,50): warning C4267: 'argument': conversion from 'size_t' to 'int32_t', possible loss of data
  (compiling source file '../../../ZAPDTR/ZAPD/OtherStructs/CutsceneMM_Commands.cpp')
  
  ZAnimation.cpp
  ZActorList.cpp
  ZArray.cpp
  ZAudio.cpp
C:\Users\CmonMeow\Desktop\Shipwright\ZAPDTR\ZAPD\OtherStructs\CutsceneMM_Commands.cpp(113,36): warning C4267: '+=': conversion from 'size_t' to 'offset_t', possible loss of data
C:\Users\CmonMeow\Desktop\Shipwright\ZAPDTR\ZAPD\OtherStructs\CutsceneMM_Commands.cpp(244,37): warning C4267: '+=': conversion from 'size_t' to 'offset_t', possible loss of data
C:\Users\CmonMeow\Desktop\Shipwright\ZAPDTR\ZAPD\OtherStructs\CutsceneMM_Commands.cpp(253,37): warning C4267: '+=': conversion from 'size_t' to 'offset_t', possible loss of data
C:\Users\CmonMeow\Desktop\Shipwright\ZAPDTR\ZAPD\OtherStructs\CutsceneMM_Commands.cpp(260,37): warning C4267: '+=': conversion from 'size_t' to 'offset_t', possible loss of data
C:\Users\CmonMeow\Desktop\Shipwright\ZAPDTR\ZAPD\OtherStructs\CutsceneMM_Commands.cpp(267,37): warning C4267: '+=': conversion from 'size_t' to 'offset_t', possible loss of data
C:\Users\CmonMeow\Desktop\Shipwright\ZAPDTR\ZAPD\OtherStructs\CutsceneMM_Commands.cpp(273,36): warning C4267: '+=': conversion from 'size_t' to 'offset_t', possible loss of data
C:\Users\CmonMeow\Desktop\Shipwright\ZAPDTR\ZAPD\OtherStructs\CutsceneMM_Commands.cpp(331,36): warning C4267: '+=': conversion from 'size_t' to 'offset_t', possible loss of data
C:\Users\CmonMeow\Desktop\Shipwright\ZAPDTR\ZAPD\OtherStructs\CutsceneMM_Commands.cpp(377,36): warning C4267: '+=': conversion from 'size_t' to 'offset_t', possible loss of data
C:\Users\CmonMeow\Desktop\Shipwright\ZAPDTR\ZAPD\OtherStructs\CutsceneMM_Commands.cpp(405,36): warning C4267: '+=': conversion from 'size_t' to 'offset_t', possible loss of data
C:\Users\CmonMeow\Desktop\Shipwright\ZAPDTR\ZAPD\OtherStructs\CutsceneMM_Commands.cpp(449,36): warning C4267: '+=': conversion from 'size_t' to 'offset_t', possible loss of data
C:\Users\CmonMeow\Desktop\Shipwright\ZAPDTR\ZAPD\OtherStructs\CutsceneMM_Commands.cpp(528,36): warning C4267: '+=': conversion from 'size_t' to 'offset_t', possible loss of data
C:\Users\CmonMeow\Desktop\Shipwright\ZAPDTR\ZAPD\OtherStructs\CutsceneMM_Commands.cpp(595,36): warning C4267: '+=': conversion from 'size_t' to 'offset_t', possible loss of data
  ZAudioDecode.cpp
  ZBackground.cpp
C:\Users\CmonMeow\Desktop\Shipwright\ZAPDTR\ZAPD\ZAudioDecode.cpp(5,9): warning C4005: '_CRT_SECURE_NO_WARNINGS': macro redefinition
      C:\Users\CmonMeow\Desktop\Shipwright\ZAPDTR\ZAPD\ZAudioDecode.cpp(5,9):
      '_CRT_SECURE_NO_WARNINGS' previously declared on the command line
  
C:\Users\CmonMeow\Desktop\Shipwright\ZAPDTR\ZAPD\Utils\BitConverter.h(197,50): warning C4267: 'argument': conversion from 'size_t' to 'int32_t', possible loss of data
  (compiling source file '../../../ZAPDTR/ZAPD/OtherStructs/CutsceneOoT_Commands.cpp')
  
C:\Users\CmonMeow\Desktop\Shipwright\ZAPDTR\ZAPD\Utils\BitConverter.h(202,50): warning C4267: 'argument': conversion from 'size_t' to 'int32_t', possible loss of data
  (compiling source file '../../../ZAPDTR/ZAPD/OtherStructs/CutsceneOoT_Commands.cpp')
  
C:\Users\CmonMeow\Desktop\Shipwright\ZAPDTR\ZAPD\ZAudioDecode.cpp(426,11): warning C4267: 'initializing': conversion from 'size_t' to 's32', possible loss of data
C:\Users\CmonMeow\Desktop\Shipwright\ZAPDTR\ZAPD\ZAudioDecode.cpp(563,6): warning C4101: 'encoded': unreferenced local variable
C:\Users\CmonMeow\Desktop\Shipwright\ZAPDTR\ZAPD\ZAudioDecode.cpp(566,7): warning C4101: 'guess': unreferenced local variable
  ZBlob.cpp
  ZCollision.cpp
  ZCollisionPoly.cpp
C:\Users\CmonMeow\Desktop\Shipwright\ZAPDTR\ZAPD\OtherStructs\CutsceneOoT_Commands.cpp(99,36): warning C4267: '+=': conversion from 'size_t' to 'offset_t', possible loss of data
C:\Users\CmonMeow\Desktop\Shipwright\ZAPDTR\ZAPD\OtherStructs\CutsceneOoT_Commands.cpp(171,37): warning C4267: '+=': conversion from 'size_t' to 'uint32_t', possible loss of data
C:\Users\CmonMeow\Desktop\Shipwright\ZAPDTR\ZAPD\OtherStructs\CutsceneOoT_Commands.cpp(244,36): warning C4267: '+=': conversion from 'size_t' to 'offset_t', possible loss of data
C:\Users\CmonMeow\Desktop\Shipwright\ZAPDTR\ZAPD\OtherStructs\CutsceneOoT_Commands.cpp(306,36): warning C4267: '+=': conversion from 'size_t' to 'offset_t', possible loss of data
C:\Users\CmonMeow\Desktop\Shipwright\ZAPDTR\ZAPD\OtherStructs\CutsceneOoT_Commands.cpp(374,36): warning C4267: '+=': conversion from 'size_t' to 'offset_t', possible loss of data
C:\Users\CmonMeow\Desktop\Shipwright\ZAPDTR\ZAPD\Utils\BitConverter.h(197,50): warning C4267: 'argument': conversion from 'size_t' to 'int32_t', possible loss of data
  (compiling source file '../../../ZAPDTR/ZAPD/ZAnimation.cpp')
  
C:\Users\CmonMeow\Desktop\Shipwright\ZAPDTR\ZAPD\Utils\BitConverter.h(202,50): warning C4267: 'argument': conversion from 'size_t' to 'int32_t', possible loss of data
  (compiling source file '../../../ZAPDTR/ZAPD/ZAnimation.cpp')
  
C:\Users\CmonMeow\Desktop\Shipwright\ZAPDTR\ZAPD\Utils\BitConverter.h(197,50): warning C4267: 'argument': conversion from 'size_t' to 'int32_t', possible loss of data
  (compiling source file '../../../ZAPDTR/ZAPD/ZArray.cpp')
  
C:\Users\CmonMeow\Desktop\Shipwright\ZAPDTR\ZAPD\Utils\BitConverter.h(202,50): warning C4267: 'argument': conversion from 'size_t' to 'int32_t', possible loss of data
  (compiling source file '../../../ZAPDTR/ZAPD/ZArray.cpp')
  
C:\Users\CmonMeow\Desktop\Shipwright\ZAPDTR\ZAPD\Utils\BitConverter.h(197,50): warning C4267: 'argument': conversion from 'size_t' to 'int32_t', possible loss of data
  (compiling source file '../../../ZAPDTR/ZAPD/ZActorList.cpp')
  
C:\Users\CmonMeow\Desktop\Shipwright\ZAPDTR\ZAPD\Utils\BitConverter.h(202,50): warning C4267: 'argument': conversion from 'size_t' to 'int32_t', possible loss of data
  (compiling source file '../../../ZAPDTR/ZAPD/ZActorList.cpp')
  
C:\Users\CmonMeow\Desktop\Shipwright\ZAPDTR\ZAPD\Utils\BitConverter.h(197,50): warning C4267: 'argument': conversion from 'size_t' to 'int32_t', possible loss of data
  (compiling source file '../../../ZAPDTR/ZAPD/ZAudio.cpp')
  
C:\Users\CmonMeow\Desktop\Shipwright\ZAPDTR\ZAPD\Utils\BitConverter.h(202,50): warning C4267: 'argument': conversion from 'size_t' to 'int32_t', possible loss of data
  (compiling source file '../../../ZAPDTR/ZAPD/ZAudio.cpp')
  
  ZCKeyFrame.cpp
C:\Users\CmonMeow\Desktop\Shipwright\ZAPDTR\ZAPD\OtherStructs\SkinLimbStructs.cpp(115,52): warning C4267: '+=': conversion from 'size_t' to 'uint32_t', possible loss of data
C:\Users\CmonMeow\Desktop\Shipwright\ZAPDTR\ZAPD\OtherStructs\SkinLimbStructs.cpp(130,59): warning C4267: '+=': conversion from 'size_t' to 'uint32_t', possible loss of data
C:\Users\CmonMeow\Desktop\Shipwright\ZAPDTR\ZAPD\OtherStructs\SkinLimbStructs.cpp(260,69): warning C4267: '+=': conversion from 'size_t' to 'uint32_t', possible loss of data
C:\Users\CmonMeow\Desktop\Shipwright\ZAPDTR\ZAPD\Utils\BitConverter.h(197,50): warning C4267: 'argument': conversion from 'size_t' to 'int32_t', possible loss of data
  (compiling source file '../../../ZAPDTR/ZAPD/ZBackground.cpp')
  
C:\Users\CmonMeow\Desktop\Shipwright\ZAPDTR\ZAPD\Utils\BitConverter.h(202,50): warning C4267: 'argument': conversion from 'size_t' to 'int32_t', possible loss of data
  (compiling source file '../../../ZAPDTR/ZAPD/ZBackground.cpp')
  
C:\Users\CmonMeow\Desktop\Shipwright\ZAPDTR\ZAPD\Utils\BitConverter.h(197,50): warning C4267: 'argument': conversion from 'size_t' to 'int32_t', possible loss of data
  (compiling source file '../../../ZAPDTR/ZAPD/ZBlob.cpp')
  
C:\Users\CmonMeow\Desktop\Shipwright\ZAPDTR\ZAPD\Utils\BitConverter.h(202,50): warning C4267: 'argument': conversion from 'size_t' to 'int32_t', possible loss of data
  (compiling source file '../../../ZAPDTR/ZAPD/ZBlob.cpp')
  
C:\Users\CmonMeow\Desktop\Shipwright\ZAPDTR\ZAPD\Utils\BitConverter.h(197,50): warning C4267: 'argument': conversion from 'size_t' to 'int32_t', possible loss of data
  (compiling source file '../../../ZAPDTR/ZAPD/ZCollisionPoly.cpp')
  
C:\Users\CmonMeow\Desktop\Shipwright\ZAPDTR\ZAPD\Utils\BitConverter.h(202,50): warning C4267: 'argument': conversion from 'size_t' to 'int32_t', possible loss of data
  (compiling source file '../../../ZAPDTR/ZAPD/ZCollisionPoly.cpp')
  
C:\Users\CmonMeow\Desktop\Shipwright\ZAPDTR\ZAPD\Utils\BitConverter.h(197,50): warning C4267: 'argument': conversion from 'size_t' to 'int32_t', possible loss of data
  (compiling source file '../../../ZAPDTR/ZAPD/ZCollision.cpp')
  
C:\Users\CmonMeow\Desktop\Shipwright\ZAPDTR\ZAPD\Utils\BitConverter.h(202,50): warning C4267: 'argument': conversion from 'size_t' to 'int32_t', possible loss of data
  (compiling source file '../../../ZAPDTR/ZAPD/ZCollision.cpp')
  
  ZCKeyFrameAnim.cpp
  ZCutscene.cpp
C:\Users\CmonMeow\Desktop\Shipwright\ZAPDTR\ZAPD\Utils\BitConverter.h(197,50): warning C4267: 'argument': conversion from 'size_t' to 'int32_t', possible loss of data
  (compiling source file '../../../ZAPDTR/ZAPD/ZCKeyFrame.cpp')
  
C:\Users\CmonMeow\Desktop\Shipwright\ZAPDTR\ZAPD\Utils\BitConverter.h(202,50): warning C4267: 'argument': conversion from 'size_t' to 'int32_t', possible loss of data
  (compiling source file '../../../ZAPDTR/ZAPD/ZCKeyFrame.cpp')
  
  ZDisplayList.cpp
C:\Users\CmonMeow\Desktop\Shipwright\ZAPDTR\ZAPD\ZDisplayList.cpp(1,9): warning C4005: '_CRT_SECURE_NO_WARNINGS': macro redefinition
      C:\Users\CmonMeow\Desktop\Shipwright\ZAPDTR\ZAPD\ZDisplayList.cpp(1,9):
      '_CRT_SECURE_NO_WARNINGS' previously declared on the command line
  
C:\Users\CmonMeow\Desktop\Shipwright\ZAPDTR\ZAPD\ZActorList.cpp(32,34): warning C4244: '=': conversion from 'int64_t' to 'uint32_t', possible loss of data
C:\Users\CmonMeow\Desktop\Shipwright\ZAPDTR\ZAPD\ZActorList.cpp(54,37): warning C4267: '+=': conversion from 'size_t' to 'offset_t', possible loss of data
C:\Users\CmonMeow\Desktop\Shipwright\ZAPDTR\ZAPD\Utils\BitConverter.h(197,50): warning C4267: 'argument': conversion from 'size_t' to 'int32_t', possible loss of data
  (compiling source file '../../../ZAPDTR/ZAPD/ZCKeyFrameAnim.cpp')
  
C:\Users\CmonMeow\Desktop\Shipwright\ZAPDTR\ZAPD\Utils\BitConverter.h(202,50): warning C4267: 'argument': conversion from 'size_t' to 'int32_t', possible loss of data
  (compiling source file '../../../ZAPDTR/ZAPD/ZCKeyFrameAnim.cpp')
  
C:\Users\CmonMeow\Desktop\Shipwright\ZAPDTR\ZAPD\ZArray.cpp(60,30): warning C4267: 'argument': conversion from 'size_t' to 'offset_t', possible loss of data
C:\Users\CmonMeow\Desktop\Shipwright\ZAPDTR\ZAPD\Utils\BitConverter.h(197,50): warning C4267: 'argument': conversion from 'size_t' to 'int32_t', possible loss of data
  (compiling source file '../../../ZAPDTR/ZAPD/ZCutscene.cpp')
  
C:\Users\CmonMeow\Desktop\Shipwright\ZAPDTR\ZAPD\Utils\BitConverter.h(202,50): warning C4267: 'argument': conversion from 'size_t' to 'int32_t', possible loss of data
  (compiling source file '../../../ZAPDTR/ZAPD/ZCutscene.cpp')
  
C:\Users\CmonMeow\Desktop\Shipwright\ZAPDTR\ZAPD\ZAnimation.cpp(216,48): warning C4267: 'argument': conversion from 'size_t' to 'uint32_t', possible loss of data
C:\Users\CmonMeow\Desktop\Shipwright\ZAPDTR\ZAPD\ZAnimation.cpp(252,35): warning C4244: '=': conversion from 'int64_t' to 'segptr_t', possible loss of data
C:\Users\CmonMeow\Desktop\Shipwright\ZAPDTR\ZAPD\ZAnimation.cpp(276,66): warning C4267: 'argument': conversion from 'size_t' to 'int32_t', possible loss of data
C:\Users\CmonMeow\Desktop\Shipwright\ZAPDTR\ZAPD\ZAnimation.cpp(299,81): warning C4267: 'argument': conversion from 'size_t' to 'int32_t', possible loss of data
C:\Users\CmonMeow\Desktop\Shipwright\ZAPDTR\ZAPD\ZAnimation.cpp(312,25): warning C4267: 'initializing': conversion from 'size_t' to 'uint16_t', possible loss of data
C:\Users\CmonMeow\Desktop\Shipwright\ZAPDTR\ZAPD\ZAnimation.cpp(341,25): warning C4267: 'initializing': conversion from 'size_t' to 'uint16_t', possible loss of data
C:\Users\CmonMeow\Desktop\Shipwright\ZAPDTR\ZAPD\ZAnimation.cpp(371,25): warning C4267: 'initializing': conversion from 'size_t' to 'uint16_t', possible loss of data
C:\Users\CmonMeow\Desktop\Shipwright\ZAPDTR\ZAPD\ZAnimation.cpp(457,29): warning C4267: '+=': conversion from 'size_t' to 'uint32_t', possible loss of data
C:\Users\CmonMeow\Desktop\Shipwright\ZAPDTR\ZAPD\ZAudio.cpp(352,28): warning C4244: 'initializing': conversion from 'int64_t' to 'int', possible loss of data
C:\Users\CmonMeow\Desktop\Shipwright\ZAPDTR\ZAPD\ZAudio.cpp(353,27): warning C4244: 'initializing': conversion from 'int64_t' to 'int', possible loss of data
C:\Users\CmonMeow\Desktop\Shipwright\ZAPDTR\ZAPD\ZAudio.cpp(354,29): warning C4244: 'initializing': conversion from 'int64_t' to 'int', possible loss of data
C:\Users\CmonMeow\Desktop\Shipwright\ZAPDTR\ZAPD\ZAudio.cpp(355,31): warning C4244: 'initializing': conversion from 'int64_t' to 'int', possible loss of data
C:\Users\CmonMeow\Desktop\Shipwright\ZAPDTR\ZAPD\ZBackground.cpp(32,54): warning C4267: 'argument': conversion from 'size_t' to 'int32_t', possible loss of data
C:\Users\CmonMeow\Desktop\Shipwright\ZAPDTR\ZAPD\ZBackground.cpp(171,84): warning C4267: 'argument': conversion from 'size_t' to 'int32_t', possible loss of data
C:\Users\CmonMeow\Desktop\Shipwright\ZAPDTR\ZAPD\ZCollision.cpp(64,35): warning C4267: '+=': conversion from 'size_t' to 'offset_t', possible loss of data
C:\Users\CmonMeow\Desktop\Shipwright\ZAPDTR\ZAPD\ZCollision.cpp(352,73): warning C4267: 'argument': conversion from 'size_t' to 'int32_t', possible loss of data
C:\Users\CmonMeow\Desktop\Shipwright\ZAPDTR\ZAPD\ZCollision.cpp(353,88): warning C4267: 'argument': conversion from 'size_t' to 'int32_t', possible loss of data
C:\Users\CmonMeow\Desktop\Shipwright\ZAPDTR\ZAPD\ZCollision.cpp(355,73): warning C4267: 'argument': conversion from 'size_t' to 'int32_t', possible loss of data
C:\Users\CmonMeow\Desktop\Shipwright\ZAPDTR\ZAPD\ZCollision.cpp(359,36): warning C4267: '=': conversion from 'size_t' to 'offset_t', possible loss of data
C:\Users\CmonMeow\Desktop\Shipwright\ZAPDTR\ZAPD\ZCollision.cpp(374,36): warning C4267: '=': conversion from 'size_t' to 'offset_t', possible loss of data
C:\Users\CmonMeow\Desktop\Shipwright\ZAPDTR\ZAPD\Utils\BitConverter.h(197,50): warning C4267: 'argument': conversion from 'size_t' to 'int32_t', possible loss of data
  (compiling source file '../../../ZAPDTR/ZAPD/ZDisplayList.cpp')
  
C:\Users\CmonMeow\Desktop\Shipwright\ZAPDTR\ZAPD\Utils\BitConverter.h(202,50): warning C4267: 'argument': conversion from 'size_t' to 'int32_t', possible loss of data
  (compiling source file '../../../ZAPDTR/ZAPD/ZDisplayList.cpp')
  
  ZFile.cpp
  ZLimb.cpp
  ZMtx.cpp
  ZPath.cpp
  ZPlayerAnimationData.cpp
  ZPointer.cpp
  ZResource.cpp
C:\Users\CmonMeow\Desktop\Shipwright\ZAPDTR\ZAPD\ZCKeyFrameAnim.cpp(127,76): warning C4267: 'argument': conversion from 'size_t' to 'int32_t', possible loss of data
C:\Users\CmonMeow\Desktop\Shipwright\ZAPDTR\ZAPD\ZCKeyFrameAnim.cpp(138,78): warning C4267: 'argument': conversion from 'size_t' to 'int32_t', possible loss of data
C:\Users\CmonMeow\Desktop\Shipwright\ZAPDTR\ZAPD\ZCutscene.cpp(124,30): warning C4267: '+=': conversion from 'size_t' to 'offset_t', possible loss of data
  ZRom.cpp
C:\Users\CmonMeow\Desktop\Shipwright\ZAPDTR\ZAPD\Utils\BitConverter.h(197,50): warning C4267: 'argument': conversion from 'size_t' to 'int32_t', possible loss of data
  (compiling source file '../../../ZAPDTR/ZAPD/ZFile.cpp')
  
C:\Users\CmonMeow\Desktop\Shipwright\ZAPDTR\ZAPD\Utils\BitConverter.h(202,50): warning C4267: 'argument': conversion from 'size_t' to 'int32_t', possible loss of data
  (compiling source file '../../../ZAPDTR/ZAPD/ZFile.cpp')
  
C:\Users\CmonMeow\Desktop\Shipwright\ZAPDTR\ZAPD\Utils\BitConverter.h(197,50): warning C4267: 'argument': conversion from 'size_t' to 'int32_t', possible loss of data
  (compiling source file '../../../ZAPDTR/ZAPD/ZLimb.cpp')
  
C:\Users\CmonMeow\Desktop\Shipwright\ZAPDTR\ZAPD\Utils\BitConverter.h(202,50): warning C4267: 'argument': conversion from 'size_t' to 'int32_t', possible loss of data
  (compiling source file '../../../ZAPDTR/ZAPD/ZLimb.cpp')
  
  ZScalar.cpp
C:\Users\CmonMeow\Desktop\Shipwright\ZAPDTR\ZAPD\Utils\BitConverter.h(197,50): warning C4267: 'argument': conversion from 'size_t' to 'int32_t', possible loss of data
  (compiling source file '../../../ZAPDTR/ZAPD/ZMtx.cpp')
  
C:\Users\CmonMeow\Desktop\Shipwright\ZAPDTR\ZAPD\Utils\BitConverter.h(202,50): warning C4267: 'argument': conversion from 'size_t' to 'int32_t', possible loss of data
  (compiling source file '../../../ZAPDTR/ZAPD/ZMtx.cpp')
  
C:\Users\CmonMeow\Desktop\Shipwright\ZAPDTR\ZAPD\Utils\BitConverter.h(197,50): warning C4267: 'argument': conversion from 'size_t' to 'int32_t', possible loss of data
  (compiling source file '../../../ZAPDTR/ZAPD/ZPlayerAnimationData.cpp')
  
C:\Users\CmonMeow\Desktop\Shipwright\ZAPDTR\ZAPD\Utils\BitConverter.h(202,50): warning C4267: 'argument': conversion from 'size_t' to 'int32_t', possible loss of data
  (compiling source file '../../../ZAPDTR/ZAPD/ZPlayerAnimationData.cpp')
  
C:\Users\CmonMeow\Desktop\Shipwright\ZAPDTR\ZAPD\ZDisplayList.cpp(671,28): warning C4244: 'argument': conversion from 'uint64_t' to 'segptr_t', possible loss of data
C:\Users\CmonMeow\Desktop\Shipwright\ZAPDTR\ZAPD\ZDisplayList.cpp(955,35): warning C4244: 'argument': conversion from 'uint64_t' to 'segptr_t', possible loss of data
C:\Users\CmonMeow\Desktop\Shipwright\ZAPDTR\ZAPD\ZDisplayList.cpp(979,23): warning C4244: 'argument': conversion from 'uint64_t' to '_Ty', possible loss of data
C:\Users\CmonMeow\Desktop\Shipwright\ZAPDTR\ZAPD\ZDisplayList.cpp(979,23): warning C4244:         with
C:\Users\CmonMeow\Desktop\Shipwright\ZAPDTR\ZAPD\ZDisplayList.cpp(979,23): warning C4244:         [
C:\Users\CmonMeow\Desktop\Shipwright\ZAPDTR\ZAPD\ZDisplayList.cpp(979,23): warning C4244:             _Ty=segptr_t
C:\Users\CmonMeow\Desktop\Shipwright\ZAPDTR\ZAPD\ZDisplayList.cpp(979,23): warning C4244:         ]
C:\Users\CmonMeow\Desktop\Shipwright\ZAPDTR\ZAPD\ZDisplayList.cpp(982,39): warning C4244: 'argument': conversion from 'uint64_t' to 'segptr_t', possible loss of data
C:\Users\CmonMeow\Desktop\Shipwright\ZAPDTR\ZAPD\ZDisplayList.cpp(1062,15): warning C4244: '=': conversion from 'uint64_t' to 'int32_t', possible loss of data
C:\Users\CmonMeow\Desktop\Shipwright\ZAPDTR\ZAPD\ZDisplayList.cpp(1063,30): warning C4244: 'argument': conversion from 'uint64_t' to 'segptr_t', possible loss of data
C:\Users\CmonMeow\Desktop\Shipwright\ZAPDTR\ZAPD\Utils\BitConverter.h(197,50): warning C4267: 'argument': conversion from 'size_t' to 'int32_t', possible loss of data
  (compiling source file '../../../ZAPDTR/ZAPD/ZPath.cpp')
  
C:\Users\CmonMeow\Desktop\Shipwright\ZAPDTR\ZAPD\ZDisplayList.cpp(1070,38): warning C4244: 'argument': conversion from 'uint64_t' to 'segptr_t', possible loss of data
C:\Users\CmonMeow\Desktop\Shipwright\ZAPDTR\ZAPD\ZDisplayList.cpp(1078,38): warning C4244: 'argument': conversion from 'uint64_t' to 'offset_t', possible loss of data
C:\Users\CmonMeow\Desktop\Shipwright\ZAPDTR\ZAPD\Utils\BitConverter.h(202,50): warning C4267: 'argument': conversion from 'size_t' to 'int32_t', possible loss of data
  (compiling source file '../../../ZAPDTR/ZAPD/ZPath.cpp')
  
C:\Users\CmonMeow\Desktop\Shipwright\ZAPDTR\ZAPD\ZDisplayList.cpp(1096,42): warning C4244: 'argument': conversion from 'uint64_t' to 'segptr_t', possible loss of data
C:\Users\CmonMeow\Desktop\Shipwright\ZAPDTR\ZAPD\Utils\BitConverter.h(197,50): warning C4267: 'argument': conversion from 'size_t' to 'int32_t', possible loss of data
  (compiling source file '../../../ZAPDTR/ZAPD/ZResource.cpp')
  
C:\Users\CmonMeow\Desktop\Shipwright\ZAPDTR\ZAPD\Utils\BitConverter.h(202,50): warning C4267: 'argument': conversion from 'size_t' to 'int32_t', possible loss of data
  (compiling source file '../../../ZAPDTR/ZAPD/ZResource.cpp')
  
C:\Users\CmonMeow\Desktop\Shipwright\ZAPDTR\ZAPD\Utils\BitConverter.h(197,50): warning C4267: 'argument': conversion from 'size_t' to 'int32_t', possible loss of data
  (compiling source file '../../../ZAPDTR/ZAPD/ZPointer.cpp')
  
C:\Users\CmonMeow\Desktop\Shipwright\ZAPDTR\ZAPD\Utils\BitConverter.h(202,50): warning C4267: 'argument': conversion from 'size_t' to 'int32_t', possible loss of data
  (compiling source file '../../../ZAPDTR/ZAPD/ZPointer.cpp')
  
  ZSkeleton.cpp
C:\Users\CmonMeow\Desktop\Shipwright\ZAPDTR\ZAPD\ZDisplayList.cpp(1644,21): warning C4244: '=': conversion from 'double' to 'int32_t', possible loss of data
C:\Users\CmonMeow\Desktop\Shipwright\ZAPDTR\ZAPD\ZDisplayList.cpp(1645,22): warning C4244: '=': conversion from 'double' to 'int32_t', possible loss of data
C:\Users\CmonMeow\Desktop\Shipwright\ZAPDTR\ZAPD\ZDisplayList.cpp(1823,27): warning C4244: '=': conversion from 'double' to 'int32_t', possible loss of data
C:\Users\CmonMeow\Desktop\Shipwright\ZAPDTR\ZAPD\ZDisplayList.cpp(1824,28): warning C4244: '=': conversion from 'double' to 'int32_t', possible loss of data
C:\Users\CmonMeow\Desktop\Shipwright\ZAPDTR\ZAPD\ZDisplayList.cpp(1935,26): warning C4267: 'initializing': conversion from 'size_t' to 'int32_t', possible loss of data
C:\Users\CmonMeow\Desktop\Shipwright\ZAPDTR\ZAPD\ZDisplayList.cpp(2001,26): warning C4267: 'initializing': conversion from 'size_t' to 'int32_t', possible loss of data
C:\Users\CmonMeow\Desktop\Shipwright\ZAPDTR\ZAPD\ZDisplayList.cpp(2071,51): warning C4267: 'argument': conversion from 'size_t' to 'int32_t', possible loss of data
C:\Users\CmonMeow\Desktop\Shipwright\ZAPDTR\ZAPD\ZDisplayList.cpp(2081,45): warning C4267: 'argument': conversion from 'size_t' to 'int32_t', possible loss of data
C:\Users\CmonMeow\Desktop\Shipwright\ZAPDTR\ZAPD\ZDisplayList.cpp(2106,20): warning C4267: 'initializing': conversion from 'size_t' to 'int32_t', possible loss of data
C:\Users\CmonMeow\Desktop\Shipwright\ZAPDTR\ZAPD\ZDisplayList.cpp(2151,29): warning C4267: 'initializing': conversion from 'size_t' to 'int', possible loss of data
C:\Users\CmonMeow\Desktop\Shipwright\ZAPDTR\ZAPD\Utils\BitConverter.h(197,50): warning C4267: 'argument': conversion from 'size_t' to 'int32_t', possible loss of data
  (compiling source file '../../../ZAPDTR/ZAPD/ZRom.cpp')
  
C:\Users\CmonMeow\Desktop\Shipwright\ZAPDTR\ZAPD\Utils\BitConverter.h(202,50): warning C4267: 'argument': conversion from 'size_t' to 'int32_t', possible loss of data
  (compiling source file '../../../ZAPDTR/ZAPD/ZRom.cpp')
  
  ZSurfaceType.cpp
C:\Users\CmonMeow\Desktop\Shipwright\ZAPDTR\ZAPD\Utils\BitConverter.h(197,50): warning C4267: 'argument': conversion from 'size_t' to 'int32_t', possible loss of data
  (compiling source file '../../../ZAPDTR/ZAPD/ZScalar.cpp')
  
C:\Users\CmonMeow\Desktop\Shipwright\ZAPDTR\ZAPD\Utils\BitConverter.h(202,50): warning C4267: 'argument': conversion from 'size_t' to 'int32_t', possible loss of data
  (compiling source file '../../../ZAPDTR/ZAPD/ZScalar.cpp')
  
C:\Users\CmonMeow\Desktop\Shipwright\ZAPDTR\ZAPD\Utils\BitConverter.h(197,50): warning C4267: 'argument': conversion from 'size_t' to 'int32_t', possible loss of data
  (compiling source file '../../../ZAPDTR/ZAPD/ZSkeleton.cpp')
  
C:\Users\CmonMeow\Desktop\Shipwright\ZAPDTR\ZAPD\Utils\BitConverter.h(202,50): warning C4267: 'argument': conversion from 'size_t' to 'int32_t', possible loss of data
  (compiling source file '../../../ZAPDTR/ZAPD/ZSkeleton.cpp')
  
C:\Users\CmonMeow\Desktop\Shipwright\ZAPDTR\ZAPD\ZMtx.cpp(21,62): warning C4267: 'argument': conversion from 'size_t' to 'int32_t', possible loss of data
C:\Users\CmonMeow\Desktop\Shipwright\ZAPDTR\ZAPD\ZFile.cpp(124,37): warning C4244: '=': conversion from 'int64_t' to 'uint32_t', possible loss of data
C:\Users\CmonMeow\Desktop\Shipwright\ZAPDTR\ZAPD\ZFile.cpp(127,36): warning C4244: '=': conversion from 'int64_t' to 'uint32_t', possible loss of data
C:\Users\CmonMeow\Desktop\Shipwright\ZAPDTR\ZAPD\ZFile.cpp(130,34): warning C4244: '=': conversion from 'int64_t' to 'uint32_t', possible loss of data
C:\Users\CmonMeow\Desktop\Shipwright\ZAPDTR\ZAPD\ZFile.cpp(154,33): warning C4244: '=': conversion from 'int64_t' to 'uint32_t', possible loss of data
C:\Users\CmonMeow\Desktop\Shipwright\ZAPDTR\ZAPD\ZFile.cpp(214,27): warning C4267: '=': conversion from 'size_t' to 'uint32_t', possible loss of data
C:\Users\CmonMeow\Desktop\Shipwright\ZAPDTR\ZAPD\Utils\BitConverter.h(197,50): warning C4267: 'argument': conversion from 'size_t' to 'int32_t', possible loss of data
  (compiling source file '../../../ZAPDTR/ZAPD/ZSurfaceType.cpp')
  
C:\Users\CmonMeow\Desktop\Shipwright\ZAPDTR\ZAPD\Utils\BitConverter.h(202,50): warning C4267: 'argument': conversion from 'size_t' to 'int32_t', possible loss of data
  (compiling source file '../../../ZAPDTR/ZAPD/ZSurfaceType.cpp')
  
C:\Users\CmonMeow\Desktop\Shipwright\ZAPDTR\ZAPD\ZFile.cpp(307,40): warning C4267: '+=': conversion from 'size_t' to 'uint32_t', possible loss of data
C:\Users\CmonMeow\Desktop\Shipwright\ZAPDTR\ZAPD\ZFile.cpp(422,14): warning C4244: '+=': conversion from '_Rep' to 'int', possible loss of data
C:\Users\CmonMeow\Desktop\Shipwright\ZAPDTR\ZAPD\ZFile.cpp(422,14): warning C4244:         with
C:\Users\CmonMeow\Desktop\Shipwright\ZAPDTR\ZAPD\ZFile.cpp(422,14): warning C4244:         [
C:\Users\CmonMeow\Desktop\Shipwright\ZAPDTR\ZAPD\ZFile.cpp(422,14): warning C4244:             _Rep=__int64
C:\Users\CmonMeow\Desktop\Shipwright\ZAPDTR\ZAPD\ZFile.cpp(422,14): warning C4244:         ]
C:\Users\CmonMeow\Desktop\Shipwright\ZAPDTR\ZAPD\ZFile.cpp(773,17): warning C4267: 'initializing': conversion from 'size_t' to 'uint32_t', possible loss of data
C:\Users\CmonMeow\Desktop\Shipwright\ZAPDTR\ZAPD\ZFile.cpp(859,10): warning C4477: 'printf' : format string '%s' requires an argument of type 'char *', but variadic argument 1 has type 'const std::filesystem::path::value_type *'
      C:\Users\CmonMeow\Desktop\Shipwright\ZAPDTR\ZAPD\ZFile.cpp(859,10):
      consider using '%ls' in the format string
      C:\Users\CmonMeow\Desktop\Shipwright\ZAPDTR\ZAPD\ZFile.cpp(859,10):
      consider using '%lls' in the format string
      C:\Users\CmonMeow\Desktop\Shipwright\ZAPDTR\ZAPD\ZFile.cpp(859,10):
      consider using '%Ls' in the format string
      C:\Users\CmonMeow\Desktop\Shipwright\ZAPDTR\ZAPD\ZFile.cpp(859,10):
      consider using '%ws' in the format string
  
C:\Users\CmonMeow\Desktop\Shipwright\ZAPDTR\ZAPD\ZFile.cpp(911,10): warning C4477: 'printf' : format string '%s' requires an argument of type 'char *', but variadic argument 1 has type 'const std::filesystem::path::value_type *'
      C:\Users\CmonMeow\Desktop\Shipwright\ZAPDTR\ZAPD\ZFile.cpp(911,10):
      consider using '%ls' in the format string
      C:\Users\CmonMeow\Desktop\Shipwright\ZAPDTR\ZAPD\ZFile.cpp(911,10):
      consider using '%lls' in the format string
      C:\Users\CmonMeow\Desktop\Shipwright\ZAPDTR\ZAPD\ZFile.cpp(911,10):
      consider using '%Ls' in the format string
      C:\Users\CmonMeow\Desktop\Shipwright\ZAPDTR\ZAPD\ZFile.cpp(911,10):
      consider using '%ws' in the format string
  
C:\Users\CmonMeow\Desktop\Shipwright\ZAPDTR\ZAPD\ZFile.cpp(1184,24): warning C4267: 'initializing': conversion from 'size_t' to 'int32_t', possible loss of data
C:\Users\CmonMeow\Desktop\Shipwright\ZAPDTR\ZAPD\ZFile.cpp(1281,15): warning C4267: 'initializing': conversion from 'size_t' to 'int', possible loss of data
C:\Users\CmonMeow\Desktop\Shipwright\ZAPDTR\ZAPD\ZFile.cpp(1295,42): warning C4244: 'argument': conversion from 'float' to 'uint32_t', possible loss of data
C:\Users\CmonMeow\Desktop\Shipwright\ZAPDTR\ZAPD\ZFile.cpp(1372,40): warning C4267: 'argument': conversion from 'size_t' to 'offset_t', possible loss of data
C:\Users\CmonMeow\Desktop\Shipwright\ZAPDTR\ZAPD\ZFile.cpp(1381,22): warning C4267: '=': conversion from 'size_t' to 'uint32_t', possible loss of data
C:\Users\CmonMeow\Desktop\Shipwright\ZAPDTR\ZAPD\ZPath.cpp(22,33): warning C4244: '=': conversion from 'int64_t' to 'uint32_t', possible loss of data
C:\Users\CmonMeow\Desktop\Shipwright\ZAPDTR\ZAPD\ZPath.cpp(48,36): warning C4267: '+=': conversion from 'size_t' to 'uint32_t', possible loss of data
C:\Users\CmonMeow\Desktop\Shipwright\ZAPDTR\ZAPD\ZPath.cpp(136,35): warning C4267: '+=': conversion from 'size_t' to 'uint32_t', possible loss of data
C:\Users\CmonMeow\Desktop\Shipwright\ZAPDTR\ZAPD\ZPlayerAnimationData.cpp(21,35): warning C4244: '=': conversion from 'int64_t' to 'int16_t', possible loss of data
C:\Users\CmonMeow\Desktop\Shipwright\ZAPDTR\ZAPD\ZPlayerAnimationData.cpp(36,71): warning C4267: 'argument': conversion from 'size_t' to 'int32_t', possible loss of data
  ZString.cpp
  ZSymbol.cpp
  ZText.cpp
  ZTexture.cpp
  ZTextureAnimation.cpp
C:\Users\CmonMeow\Desktop\Shipwright\ZAPDTR\ZAPD\ZSkeleton.cpp(338,25): warning C4267: 'argument': conversion from 'size_t' to 'uint8_t', possible loss of data
C:\Users\CmonMeow\Desktop\Shipwright\ZAPDTR\ZAPD\Utils\BitConverter.h(197,50): warning C4267: 'argument': conversion from 'size_t' to 'int32_t', possible loss of data
  (compiling source file '../../../ZAPDTR/ZAPD/ZString.cpp')
  
C:\Users\CmonMeow\Desktop\Shipwright\ZAPDTR\ZAPD\Utils\BitConverter.h(202,50): warning C4267: 'argument': conversion from 'size_t' to 'int32_t', possible loss of data
  (compiling source file '../../../ZAPDTR/ZAPD/ZString.cpp')
  
  ZVector.cpp
  ZWaterbox.cpp
  ZVtx.cpp
C:\Users\CmonMeow\Desktop\Shipwright\ZAPDTR\ZAPD\Utils\BitConverter.h(197,50): warning C4267: 'argument': conversion from 'size_t' to 'int32_t', possible loss of data
  (compiling source file '../../../ZAPDTR/ZAPD/ZSymbol.cpp')
  
C:\Users\CmonMeow\Desktop\Shipwright\ZAPDTR\ZAPD\Utils\BitConverter.h(202,50): warning C4267: 'argument': conversion from 'size_t' to 'int32_t', possible loss of data
  (compiling source file '../../../ZAPDTR/ZAPD/ZSymbol.cpp')
  
  ZRoom.cpp
  ZRoomCommand.cpp
C:\Users\CmonMeow\Desktop\Shipwright\ZAPDTR\ZAPD\Utils\BitConverter.h(197,50): warning C4267: 'argument': conversion from 'size_t' to 'int32_t', possible loss of data
  (compiling source file '../../../ZAPDTR/ZAPD/ZText.cpp')
  
C:\Users\CmonMeow\Desktop\Shipwright\ZAPDTR\ZAPD\Utils\BitConverter.h(202,50): warning C4267: 'argument': conversion from 'size_t' to 'int32_t', possible loss of data
  (compiling source file '../../../ZAPDTR/ZAPD/ZText.cpp')
  
C:\Users\CmonMeow\Desktop\Shipwright\ZAPDTR\ZAPD\Utils\BitConverter.h(197,50): warning C4267: 'argument': conversion from 'size_t' to 'int32_t', possible loss of data
  (compiling source file '../../../ZAPDTR/ZAPD/ZTextureAnimation.cpp')
  
C:\Users\CmonMeow\Desktop\Shipwright\ZAPDTR\ZAPD\Utils\BitConverter.h(202,50): warning C4267: 'argument': conversion from 'size_t' to 'int32_t', possible loss of data
  (compiling source file '../../../ZAPDTR/ZAPD/ZTextureAnimation.cpp')
  
  EndMarker.cpp
C:\Users\CmonMeow\Desktop\Shipwright\ZAPDTR\ZAPD\Utils\BitConverter.h(197,50): warning C4267: 'argument': conversion from 'size_t' to 'int32_t', possible loss of data
  (compiling source file '../../../ZAPDTR/ZAPD/ZWaterbox.cpp')
  
C:\Users\CmonMeow\Desktop\Shipwright\ZAPDTR\ZAPD\Utils\BitConverter.h(202,50): warning C4267: 'argument': conversion from 'size_t' to 'int32_t', possible loss of data
  (compiling source file '../../../ZAPDTR/ZAPD/ZWaterbox.cpp')
  
C:\Users\CmonMeow\Desktop\Shipwright\ZAPDTR\ZAPD\Utils\BitConverter.h(197,50): warning C4267: 'argument': conversion from 'size_t' to 'int32_t', possible loss of data
  (compiling source file '../../../ZAPDTR/ZAPD/ZVtx.cpp')
  
C:\Users\CmonMeow\Desktop\Shipwright\ZAPDTR\ZAPD\Utils\BitConverter.h(202,50): warning C4267: 'argument': conversion from 'size_t' to 'int32_t', possible loss of data
  (compiling source file '../../../ZAPDTR/ZAPD/ZVtx.cpp')
  
C:\Users\CmonMeow\Desktop\Shipwright\ZAPDTR\ZAPD\Utils\BitConverter.h(197,50): warning C4267: 'argument': conversion from 'size_t' to 'int32_t', possible loss of data
  (compiling source file '../../../ZAPDTR/ZAPD/ZVector.cpp')
  
C:\Users\CmonMeow\Desktop\Shipwright\ZAPDTR\ZAPD\Utils\BitConverter.h(202,50): warning C4267: 'argument': conversion from 'size_t' to 'int32_t', possible loss of data
  (compiling source file '../../../ZAPDTR/ZAPD/ZVector.cpp')
  
  SetActorList.cpp
C:\Users\CmonMeow\Desktop\Shipwright\ZAPDTR\ZAPD\Utils\BitConverter.h(197,50): warning C4267: 'argument': conversion from 'size_t' to 'int32_t', possible loss of data
  (compiling source file '../../../ZAPDTR/ZAPD/ZRoom/ZRoom.cpp')
  
C:\Users\CmonMeow\Desktop\Shipwright\ZAPDTR\ZAPD\Utils\BitConverter.h(202,50): warning C4267: 'argument': conversion from 'size_t' to 'int32_t', possible loss of data
  (compiling source file '../../../ZAPDTR/ZAPD/ZRoom/ZRoom.cpp')
  
C:\Users\CmonMeow\Desktop\Shipwright\ZAPDTR\ZAPD\Utils\BitConverter.h(197,50): warning C4267: 'argument': conversion from 'size_t' to 'int32_t', possible loss of data
  (compiling source file '../../../ZAPDTR/ZAPD/ZRoom/ZRoomCommand.cpp')
  
C:\Users\CmonMeow\Desktop\Shipwright\ZAPDTR\ZAPD\Utils\BitConverter.h(202,50): warning C4267: 'argument': conversion from 'size_t' to 'int32_t', possible loss of data
  (compiling source file '../../../ZAPDTR/ZAPD/ZRoom/ZRoomCommand.cpp')
  
C:\Users\CmonMeow\Desktop\Shipwright\ZAPDTR\ZAPD\Utils\BitConverter.h(197,50): warning C4267: 'argument': conversion from 'size_t' to 'int32_t', possible loss of data
  (compiling source file '../../../ZAPDTR/ZAPD/ZTexture.cpp')
  
C:\Users\CmonMeow\Desktop\Shipwright\ZAPDTR\ZAPD\Utils\BitConverter.h(202,50): warning C4267: 'argument': conversion from 'size_t' to 'int32_t', possible loss of data
  (compiling source file '../../../ZAPDTR/ZAPD/ZTexture.cpp')
  
C:\Users\CmonMeow\Desktop\Shipwright\ZAPDTR\ZAPD\Utils\BitConverter.h(197,50): warning C4267: 'argument': conversion from 'size_t' to 'int32_t', possible loss of data
  (compiling source file '../../../ZAPDTR/ZAPD/ZRoom/Commands/EndMarker.cpp')
  
C:\Users\CmonMeow\Desktop\Shipwright\ZAPDTR\ZAPD\Utils\BitConverter.h(202,50): warning C4267: 'argument': conversion from 'size_t' to 'int32_t', possible loss of data
  (compiling source file '../../../ZAPDTR/ZAPD/ZRoom/Commands/EndMarker.cpp')
  
C:\Users\CmonMeow\Desktop\Shipwright\ZAPDTR\ZAPD\ZSymbol.cpp(51,32): warning C4244: '=': conversion from 'int64_t' to 'uint32_t', possible loss of data
C:\Users\CmonMeow\Desktop\Shipwright\ZAPDTR\ZAPD\ZText.cpp(24,22): warning C4244: 'initializing': conversion from 'int64_t' to 'uint32_t', possible loss of data
C:\Users\CmonMeow\Desktop\Shipwright\ZAPDTR\ZAPD\ZText.cpp(36,33): warning C4244: '=': conversion from 'int64_t' to 'uint32_t', possible loss of data
C:\Users\CmonMeow\Desktop\Shipwright\ZAPDTR\ZAPD\ZTexture.cpp(115,30): warning C4244: '=': conversion from 'int64_t' to 'uint32_t', possible loss of data
C:\Users\CmonMeow\Desktop\Shipwright\ZAPDTR\ZAPD\ZTexture.cpp(116,31): warning C4244: '=': conversion from 'int64_t' to 'uint32_t', possible loss of data
C:\Users\CmonMeow\Desktop\Shipwright\ZAPDTR\ZAPD\ZTexture.cpp(134,37): warning C4244: '=': conversion from 'int64_t' to 'uint32_t', possible loss of data
C:\Users\CmonMeow\Desktop\Shipwright\ZAPDTR\ZAPD\ZTexture.cpp(201,27): warning C4244: '=': conversion from 'int64_t' to 'offset_t', possible loss of data
C:\Users\CmonMeow\Desktop\Shipwright\ZAPDTR\ZAPD\ZTexture.cpp(237,16): warning C4267: 'initializing': conversion from 'size_t' to 'int32_t', possible loss of data
C:\Users\CmonMeow\Desktop\Shipwright\ZAPDTR\ZAPD\ZTexture.cpp(667,9): warning C4244: 'return': conversion from 'float' to 'size_t', possible loss of data
C:\Users\CmonMeow\Desktop\Shipwright\ZAPDTR\ZAPD\ZTexture.cpp(859,84): warning C4267: 'argument': conversion from 'size_t' to 'int32_t', possible loss of data
C:\Users\CmonMeow\Desktop\Shipwright\ZAPDTR\ZAPD\ZTexture.cpp(862,83): warning C4267: 'argument': conversion from 'size_t' to 'int32_t', possible loss of data
C:\Users\CmonMeow\Desktop\Shipwright\ZAPDTR\ZAPD\ZTexture.cpp(913,68): warning C4267: 'argument': conversion from 'size_t' to 'int32_t', possible loss of data
C:\Users\CmonMeow\Desktop\Shipwright\ZAPDTR\ZAPD\Utils\BitConverter.h(197,50): warning C4267: 'argument': conversion from 'size_t' to 'int32_t', possible loss of data
  (compiling source file '../../../ZAPDTR/ZAPD/ZRoom/Commands/SetActorList.cpp')
  
C:\Users\CmonMeow\Desktop\Shipwright\ZAPDTR\ZAPD\Utils\BitConverter.h(202,50): warning C4267: 'argument': conversion from 'size_t' to 'int32_t', possible loss of data
  (compiling source file '../../../ZAPDTR/ZAPD/ZRoom/Commands/SetActorList.cpp')
  
  SetAlternateHeaders.cpp
  SetAnimatedMaterialList.cpp
  SetCameraSettings.cpp
  SetCollisionHeader.cpp
C:\Users\CmonMeow\Desktop\Shipwright\ZAPDTR\ZAPD\ZRoom\ZRoom.cpp(367,15): warning C4267: '=': conversion from 'size_t' to 'int32_t', possible loss of data
C:\Users\CmonMeow\Desktop\Shipwright\ZAPDTR\ZAPD\ZVector.cpp(43,41): warning C4244: '=': conversion from 'int64_t' to 'uint32_t', possible loss of data
C:\Users\CmonMeow\Desktop\Shipwright\ZAPDTR\ZAPD\ZVector.cpp(56,47): warning C4267: '+=': conversion from 'size_t' to 'int32_t', possible loss of data
C:\Users\CmonMeow\Desktop\Shipwright\ZAPDTR\ZAPD\Utils\BitConverter.h(197,50): warning C4267: 'argument': conversion from 'size_t' to 'int32_t', possible loss of data
  (compiling source file '../../../ZAPDTR/ZAPD/ZRoom/Commands/SetAlternateHeaders.cpp')
  
C:\Users\CmonMeow\Desktop\Shipwright\ZAPDTR\ZAPD\Utils\BitConverter.h(202,50): warning C4267: 'argument': conversion from 'size_t' to 'int32_t', possible loss of data
  (compiling source file '../../../ZAPDTR/ZAPD/ZRoom/Commands/SetAlternateHeaders.cpp')
  
  SetCsCamera.cpp
  SetCutscenes.cpp
  SetEchoSettings.cpp
C:\Users\CmonMeow\Desktop\Shipwright\ZAPDTR\ZAPD\Utils\BitConverter.h(197,50): warning C4267: 'argument': conversion from 'size_t' to 'int32_t', possible loss of data
  (compiling source file '../../../ZAPDTR/ZAPD/ZRoom/Commands/SetAnimatedMaterialList.cpp')
  
C:\Users\CmonMeow\Desktop\Shipwright\ZAPDTR\ZAPD\Utils\BitConverter.h(202,50): warning C4267: 'argument': conversion from 'size_t' to 'int32_t', possible loss of data
  (compiling source file '../../../ZAPDTR/ZAPD/ZRoom/Commands/SetAnimatedMaterialList.cpp')
  
C:\Users\CmonMeow\Desktop\Shipwright\ZAPDTR\ZAPD\Utils\BitConverter.h(197,50): warning C4267: 'argument': conversion from 'size_t' to 'int32_t', possible loss of data
  (compiling source file '../../../ZAPDTR/ZAPD/ZRoom/Commands/SetCameraSettings.cpp')
  
C:\Users\CmonMeow\Desktop\Shipwright\ZAPDTR\ZAPD\Utils\BitConverter.h(202,50): warning C4267: 'argument': conversion from 'size_t' to 'int32_t', possible loss of data
  (compiling source file '../../../ZAPDTR/ZAPD/ZRoom/Commands/SetCameraSettings.cpp')
  
C:\Users\CmonMeow\Desktop\Shipwright\ZAPDTR\ZAPD\Utils\BitConverter.h(197,50): warning C4267: 'argument': conversion from 'size_t' to 'int32_t', possible loss of data
  (compiling source file '../../../ZAPDTR/ZAPD/ZRoom/Commands/SetCollisionHeader.cpp')
  
C:\Users\CmonMeow\Desktop\Shipwright\ZAPDTR\ZAPD\Utils\BitConverter.h(202,50): warning C4267: 'argument': conversion from 'size_t' to 'int32_t', possible loss of data
  (compiling source file '../../../ZAPDTR/ZAPD/ZRoom/Commands/SetCollisionHeader.cpp')
  
  SetEntranceList.cpp
  SetExitList.cpp
  SetLightingSettings.cpp
  SetLightList.cpp
  SetMesh.cpp
C:\Users\CmonMeow\Desktop\Shipwright\ZAPDTR\ZAPD\Utils\BitConverter.h(197,50): warning C4267: 'argument': conversion from 'size_t' to 'int32_t', possible loss of data
  (compiling source file '../../../ZAPDTR/ZAPD/ZRoom/Commands/SetCutscenes.cpp')
  
C:\Users\CmonMeow\Desktop\Shipwright\ZAPDTR\ZAPD\Utils\BitConverter.h(202,50): warning C4267: 'argument': conversion from 'size_t' to 'int32_t', possible loss of data
  (compiling source file '../../../ZAPDTR/ZAPD/ZRoom/Commands/SetCutscenes.cpp')
  
C:\Users\CmonMeow\Desktop\Shipwright\ZAPDTR\ZAPD\Utils\BitConverter.h(197,50): warning C4267: 'argument': conversion from 'size_t' to 'int32_t', possible loss of data
  (compiling source file '../../../ZAPDTR/ZAPD/ZRoom/Commands/SetCsCamera.cpp')
  
C:\Users\CmonMeow\Desktop\Shipwright\ZAPDTR\ZAPD\Utils\BitConverter.h(202,50): warning C4267: 'argument': conversion from 'size_t' to 'int32_t', possible loss of data
  (compiling source file '../../../ZAPDTR/ZAPD/ZRoom/Commands/SetCsCamera.cpp')
  
C:\Users\CmonMeow\Desktop\Shipwright\ZAPDTR\ZAPD\Utils\BitConverter.h(197,50): warning C4267: 'argument': conversion from 'size_t' to 'int32_t', possible loss of data
  (compiling source file '../../../ZAPDTR/ZAPD/ZRoom/Commands/SetEchoSettings.cpp')
  
C:\Users\CmonMeow\Desktop\Shipwright\ZAPDTR\ZAPD\Utils\BitConverter.h(202,50): warning C4267: 'argument': conversion from 'size_t' to 'int32_t', possible loss of data
  (compiling source file '../../../ZAPDTR/ZAPD/ZRoom/Commands/SetEchoSettings.cpp')
  
C:\Users\CmonMeow\Desktop\Shipwright\ZAPDTR\ZAPD\Utils\BitConverter.h(197,50): warning C4267: 'argument': conversion from 'size_t' to 'int32_t', possible loss of data
  (compiling source file '../../../ZAPDTR/ZAPD/ZRoom/Commands/SetEntranceList.cpp')
  
C:\Users\CmonMeow\Desktop\Shipwright\ZAPDTR\ZAPD\Utils\BitConverter.h(202,50): warning C4267: 'argument': conversion from 'size_t' to 'int32_t', possible loss of data
  (compiling source file '../../../ZAPDTR/ZAPD/ZRoom/Commands/SetEntranceList.cpp')
  
C:\Users\CmonMeow\Desktop\Shipwright\ZAPDTR\ZAPD\Utils\BitConverter.h(197,50): warning C4267: 'argument': conversion from 'size_t' to 'int32_t', possible loss of data
  (compiling source file '../../../ZAPDTR/ZAPD/ZRoom/Commands/SetExitList.cpp')
  
C:\Users\CmonMeow\Desktop\Shipwright\ZAPDTR\ZAPD\Utils\BitConverter.h(202,50): warning C4267: 'argument': conversion from 'size_t' to 'int32_t', possible loss of data
  (compiling source file '../../../ZAPDTR/ZAPD/ZRoom/Commands/SetExitList.cpp')
  
C:\Users\CmonMeow\Desktop\Shipwright\ZAPDTR\ZAPD\Utils\BitConverter.h(197,50): warning C4267: 'argument': conversion from 'size_t' to 'int32_t', possible loss of data
  (compiling source file '../../../ZAPDTR/ZAPD/ZRoom/Commands/SetLightingSettings.cpp')
  
C:\Users\CmonMeow\Desktop\Shipwright\ZAPDTR\ZAPD\Utils\BitConverter.h(202,50): warning C4267: 'argument': conversion from 'size_t' to 'int32_t', possible loss of data
  (compiling source file '../../../ZAPDTR/ZAPD/ZRoom/Commands/SetLightingSettings.cpp')
  
C:\Users\CmonMeow\Desktop\Shipwright\ZAPDTR\ZAPD\Utils\BitConverter.h(197,50): warning C4267: 'argument': conversion from 'size_t' to 'int32_t', possible loss of data
  (compiling source file '../../../ZAPDTR/ZAPD/ZRoom/Commands/SetLightList.cpp')
  
C:\Users\CmonMeow\Desktop\Shipwright\ZAPDTR\ZAPD\Utils\BitConverter.h(202,50): warning C4267: 'argument': conversion from 'size_t' to 'int32_t', possible loss of data
  (compiling source file '../../../ZAPDTR/ZAPD/ZRoom/Commands/SetLightList.cpp')
  
C:\Users\CmonMeow\Desktop\Shipwright\ZAPDTR\ZAPD\Utils\BitConverter.h(197,50): warning C4267: 'argument': conversion from 'size_t' to 'int32_t', possible loss of data
  (compiling source file '../../../ZAPDTR/ZAPD/ZRoom/Commands/SetMesh.cpp')
  
C:\Users\CmonMeow\Desktop\Shipwright\ZAPDTR\ZAPD\Utils\BitConverter.h(202,50): warning C4267: 'argument': conversion from 'size_t' to 'int32_t', possible loss of data
  (compiling source file '../../../ZAPDTR/ZAPD/ZRoom/Commands/SetMesh.cpp')
  
  SetMinimapChests.cpp
C:\Users\CmonMeow\Desktop\Shipwright\ZAPDTR\ZAPD\ZRoom\Commands\SetCsCamera.cpp(41,36): warning C4267: '+=': conversion from 'size_t' to 'uint32_t', possible loss of data
  SetMinimapList.cpp
  SetObjectList.cpp
C:\Users\CmonMeow\Desktop\Shipwright\ZAPDTR\ZAPD\ZRoom\Commands\SetEntranceList.cpp(27,24): warning C4267: 'initializing': conversion from 'size_t' to 'uint32_t', possible loss of data
  SetPathways.cpp
C:\Users\CmonMeow\Desktop\Shipwright\ZAPDTR\ZAPD\ZRoom\Commands\SetExitList.cpp(27,24): warning C4267: 'initializing': conversion from 'size_t' to 'uint32_t', possible loss of data
C:\Users\CmonMeow\Desktop\Shipwright\ZAPDTR\ZAPD\Utils\BitConverter.h(197,50): warning C4267: 'argument': conversion from 'size_t' to 'int32_t', possible loss of data
  (compiling source file '../../../ZAPDTR/ZAPD/ZRoom/Commands/SetMinimapChests.cpp')
  
C:\Users\CmonMeow\Desktop\Shipwright\ZAPDTR\ZAPD\Utils\BitConverter.h(202,50): warning C4267: 'argument': conversion from 'size_t' to 'int32_t', possible loss of data
  (compiling source file '../../../ZAPDTR/ZAPD/ZRoom/Commands/SetMinimapChests.cpp')
  
C:\Users\CmonMeow\Desktop\Shipwright\ZAPDTR\ZAPD\ZRoom\Commands\SetMesh.cpp(245,64): warning C4267: 'argument': conversion from 'size_t' to 'int32_t', possible loss of data
C:\Users\CmonMeow\Desktop\Shipwright\ZAPDTR\ZAPD\ZRoom\Commands\SetMesh.cpp(246,64): warning C4267: 'argument': conversion from 'size_t' to 'int32_t', possible loss of data
C:\Users\CmonMeow\Desktop\Shipwright\ZAPDTR\ZAPD\ZRoom\Commands\SetMesh.cpp(247,62): warning C4267: 'argument': conversion from 'size_t' to 'int32_t', possible loss of data
C:\Users\CmonMeow\Desktop\Shipwright\ZAPDTR\ZAPD\ZRoom\Commands\SetMesh.cpp(248,63): warning C4267: 'argument': conversion from 'size_t' to 'int32_t', possible loss of data
C:\Users\CmonMeow\Desktop\Shipwright\ZAPDTR\ZAPD\ZRoom\Commands\SetMesh.cpp(249,64): warning C4267: 'argument': conversion from 'size_t' to 'int32_t', possible loss of data
C:\Users\CmonMeow\Desktop\Shipwright\ZAPDTR\ZAPD\ZRoom\Commands\SetMesh.cpp(250,60): warning C4267: 'argument': conversion from 'size_t' to 'int32_t', possible loss of data
C:\Users\CmonMeow\Desktop\Shipwright\ZAPDTR\ZAPD\ZRoom\Commands\SetMesh.cpp(251,60): warning C4267: 'argument': conversion from 'size_t' to 'int32_t', possible loss of data
C:\Users\CmonMeow\Desktop\Shipwright\ZAPDTR\ZAPD\ZRoom\Commands\SetMesh.cpp(252,63): warning C4267: 'argument': conversion from 'size_t' to 'int32_t', possible loss of data
C:\Users\CmonMeow\Desktop\Shipwright\ZAPDTR\ZAPD\ZRoom\Commands\SetMesh.cpp(253,67): warning C4267: 'argument': conversion from 'size_t' to 'int32_t', possible loss of data
C:\Users\CmonMeow\Desktop\Shipwright\ZAPDTR\ZAPD\ZRoom\Commands\SetMesh.cpp(452,32): warning C4267: '+=': conversion from 'size_t' to 'uint32_t', possible loss of data
C:\Users\CmonMeow\Desktop\Shipwright\ZAPDTR\ZAPD\ZRoom\Commands\SetMesh.cpp(561,37): warning C4267: '+=': conversion from 'size_t' to 'uint32_t', possible loss of data
C:\Users\CmonMeow\Desktop\Shipwright\ZAPDTR\ZAPD\ZRoom\Commands\SetLightList.cpp(24,37): warning C4267: '+=': conversion from 'size_t' to 'int32_t', possible loss of data
  SetRoomBehavior.cpp
C:\Users\CmonMeow\Desktop\Shipwright\ZAPDTR\ZAPD\Utils\BitConverter.h(197,50): warning C4267: 'argument': conversion from 'size_t' to 'int32_t', possible loss of data
  (compiling source file '../../../ZAPDTR/ZAPD/ZRoom/Commands/SetObjectList.cpp')
  
C:\Users\CmonMeow\Desktop\Shipwright\ZAPDTR\ZAPD\Utils\BitConverter.h(202,50): warning C4267: 'argument': conversion from 'size_t' to 'int32_t', possible loss of data
  (compiling source file '../../../ZAPDTR/ZAPD/ZRoom/Commands/SetObjectList.cpp')
  
C:\Users\CmonMeow\Desktop\Shipwright\ZAPDTR\ZAPD\Utils\BitConverter.h(197,50): warning C4267: 'argument': conversion from 'size_t' to 'int32_t', possible loss of data
  (compiling source file '../../../ZAPDTR/ZAPD/ZRoom/Commands/SetMinimapList.cpp')
  
C:\Users\CmonMeow\Desktop\Shipwright\ZAPDTR\ZAPD\Utils\BitConverter.h(202,50): warning C4267: 'argument': conversion from 'size_t' to 'int32_t', possible loss of data
  (compiling source file '../../../ZAPDTR/ZAPD/ZRoom/Commands/SetMinimapList.cpp')
  
  SetRoomList.cpp
  SetSkyboxModifier.cpp
  SetSkyboxSettings.cpp
C:\Users\CmonMeow\Desktop\Shipwright\ZAPDTR\ZAPD\Utils\BitConverter.h(197,50): warning C4267: 'argument': conversion from 'size_t' to 'int32_t', possible loss of data
  (compiling source file '../../../ZAPDTR/ZAPD/ZRoom/Commands/SetPathways.cpp')
  
C:\Users\CmonMeow\Desktop\Shipwright\ZAPDTR\ZAPD\Utils\BitConverter.h(202,50): warning C4267: 'argument': conversion from 'size_t' to 'int32_t', possible loss of data
  (compiling source file '../../../ZAPDTR/ZAPD/ZRoom/Commands/SetPathways.cpp')
  
  SetSoundSettings.cpp
  SetSpecialObjects.cpp
  SetStartPositionList.cpp
C:\Users\CmonMeow\Desktop\Shipwright\ZAPDTR\ZAPD\Utils\BitConverter.h(197,50): warning C4267: 'argument': conversion from 'size_t' to 'int32_t', possible loss of data
  (compiling source file '../../../ZAPDTR/ZAPD/ZRoom/Commands/SetRoomBehavior.cpp')
  
C:\Users\CmonMeow\Desktop\Shipwright\ZAPDTR\ZAPD\Utils\BitConverter.h(202,50): warning C4267: 'argument': conversion from 'size_t' to 'int32_t', possible loss of data
  (compiling source file '../../../ZAPDTR/ZAPD/ZRoom/Commands/SetRoomBehavior.cpp')
  
  SetTimeSettings.cpp
C:\Users\CmonMeow\Desktop\Shipwright\ZAPDTR\ZAPD\Utils\BitConverter.h(197,50): warning C4267: 'argument': conversion from 'size_t' to 'int32_t', possible loss of data
  (compiling source file '../../../ZAPDTR/ZAPD/ZRoom/Commands/SetRoomList.cpp')
  
C:\Users\CmonMeow\Desktop\Shipwright\ZAPDTR\ZAPD\Utils\BitConverter.h(202,50): warning C4267: 'argument': conversion from 'size_t' to 'int32_t', possible loss of data
  (compiling source file '../../../ZAPDTR/ZAPD/ZRoom/Commands/SetRoomList.cpp')
  
C:\Users\CmonMeow\Desktop\Shipwright\ZAPDTR\ZAPD\Utils\BitConverter.h(197,50): warning C4267: 'argument': conversion from 'size_t' to 'int32_t', possible loss of data
  (compiling source file '../../../ZAPDTR/ZAPD/ZRoom/Commands/SetSkyboxSettings.cpp')
  
C:\Users\CmonMeow\Desktop\Shipwright\ZAPDTR\ZAPD\Utils\BitConverter.h(202,50): warning C4267: 'argument': conversion from 'size_t' to 'int32_t', possible loss of data
  (compiling source file '../../../ZAPDTR/ZAPD/ZRoom/Commands/SetSkyboxSettings.cpp')
  
C:\Users\CmonMeow\Desktop\Shipwright\ZAPDTR\ZAPD\Utils\BitConverter.h(197,50): warning C4267: 'argument': conversion from 'size_t' to 'int32_t', possible loss of data
  (compiling source file '../../../ZAPDTR/ZAPD/ZRoom/Commands/SetSkyboxModifier.cpp')
  
C:\Users\CmonMeow\Desktop\Shipwright\ZAPDTR\ZAPD\Utils\BitConverter.h(202,50): warning C4267: 'argument': conversion from 'size_t' to 'int32_t', possible loss of data
  (compiling source file '../../../ZAPDTR/ZAPD/ZRoom/Commands/SetSkyboxModifier.cpp')
  
C:\Users\CmonMeow\Desktop\Shipwright\ZAPDTR\ZAPD\Utils\BitConverter.h(197,50): warning C4267: 'argument': conversion from 'size_t' to 'int32_t', possible loss of data
  (compiling source file '../../../ZAPDTR/ZAPD/ZRoom/Commands/SetSoundSettings.cpp')
  
C:\Users\CmonMeow\Desktop\Shipwright\ZAPDTR\ZAPD\Utils\BitConverter.h(202,50): warning C4267: 'argument': conversion from 'size_t' to 'int32_t', possible loss of data
  (compiling source file '../../../ZAPDTR/ZAPD/ZRoom/Commands/SetSoundSettings.cpp')
  
C:\Users\CmonMeow\Desktop\Shipwright\ZAPDTR\ZAPD\Utils\BitConverter.h(197,50): warning C4267: 'argument': conversion from 'size_t' to 'int32_t', possible loss of data
  (compiling source file '../../../ZAPDTR/ZAPD/ZRoom/Commands/SetSpecialObjects.cpp')
  
C:\Users\CmonMeow\Desktop\Shipwright\ZAPDTR\ZAPD\Utils\BitConverter.h(202,50): warning C4267: 'argument': conversion from 'size_t' to 'int32_t', possible loss of data
  (compiling source file '../../../ZAPDTR/ZAPD/ZRoom/Commands/SetSpecialObjects.cpp')
  
C:\Users\CmonMeow\Desktop\Shipwright\ZAPDTR\ZAPD\Utils\BitConverter.h(197,50): warning C4267: 'argument': conversion from 'size_t' to 'int32_t', possible loss of data
  (compiling source file '../../../ZAPDTR/ZAPD/ZRoom/Commands/SetStartPositionList.cpp')
  
C:\Users\CmonMeow\Desktop\Shipwright\ZAPDTR\ZAPD\Utils\BitConverter.h(202,50): warning C4267: 'argument': conversion from 'size_t' to 'int32_t', possible loss of data
  (compiling source file '../../../ZAPDTR/ZAPD/ZRoom/Commands/SetStartPositionList.cpp')
  
C:\Users\CmonMeow\Desktop\Shipwright\ZAPDTR\ZAPD\Utils\BitConverter.h(197,50): warning C4267: 'argument': conversion from 'size_t' to 'int32_t', possible loss of data
  (compiling source file '../../../ZAPDTR/ZAPD/ZRoom/Commands/SetTimeSettings.cpp')
  
C:\Users\CmonMeow\Desktop\Shipwright\ZAPDTR\ZAPD\Utils\BitConverter.h(202,50): warning C4267: 'argument': conversion from 'size_t' to 'int32_t', possible loss of data
  (compiling source file '../../../ZAPDTR/ZAPD/ZRoom/Commands/SetTimeSettings.cpp')
  
C:\Users\CmonMeow\Desktop\Shipwright\ZAPDTR\ZAPD\ZRoom\Commands\SetPathways.cpp(28,27): warning C4267: 'argument': conversion from 'size_t' to 'uint32_t', possible loss of data
  SetTransitionActorList.cpp
C:\Users\CmonMeow\Desktop\Shipwright\ZAPDTR\ZAPD\ZRoom\Commands\SetRoomList.cpp(62,34): warning C4244: '=': conversion from 'int64_t' to 'uint8_t', possible loss of data
  SetWind.cpp
  SetWorldMapVisited.cpp
  Unused09.cpp
C:\Users\CmonMeow\Desktop\Shipwright\ZAPDTR\ZAPD\Utils\BitConverter.h(197,50): warning C4267: 'argument': conversion from 'size_t' to 'int32_t', possible loss of data
  (compiling source file '../../../ZAPDTR/ZAPD/ZRoom/Commands/SetTransitionActorList.cpp')
  
C:\Users\CmonMeow\Desktop\Shipwright\ZAPDTR\ZAPD\Utils\BitConverter.h(202,50): warning C4267: 'argument': conversion from 'size_t' to 'int32_t', possible loss of data
  (compiling source file '../../../ZAPDTR/ZAPD/ZRoom/Commands/SetTransitionActorList.cpp')
  
  Unused1D.cpp
  ZRoomCommandUnk.cpp
  BinaryReader.cpp
  BinaryWriter.cpp
C:\Users\CmonMeow\Desktop\Shipwright\ZAPDTR\ZAPD\Utils\BitConverter.h(197,50): warning C4267: 'argument': conversion from 'size_t' to 'int32_t', possible loss of data
  (compiling source file '../../../ZAPDTR/ZAPD/ZRoom/Commands/SetWind.cpp')
  
C:\Users\CmonMeow\Desktop\Shipwright\ZAPDTR\ZAPD\Utils\BitConverter.h(202,50): warning C4267: 'argument': conversion from 'size_t' to 'int32_t', possible loss of data
  (compiling source file '../../../ZAPDTR/ZAPD/ZRoom/Commands/SetWind.cpp')
  
C:\Users\CmonMeow\Desktop\Shipwright\ZAPDTR\ZAPD\Utils\BitConverter.h(197,50): warning C4267: 'argument': conversion from 'size_t' to 'int32_t', possible loss of data
  (compiling source file '../../../ZAPDTR/ZAPD/ZRoom/Commands/SetWorldMapVisited.cpp')
  
C:\Users\CmonMeow\Desktop\Shipwright\ZAPDTR\ZAPD\Utils\BitConverter.h(202,50): warning C4267: 'argument': conversion from 'size_t' to 'int32_t', possible loss of data
  (compiling source file '../../../ZAPDTR/ZAPD/ZRoom/Commands/SetWorldMapVisited.cpp')
  
  MemoryStream.cpp
C:\Users\CmonMeow\Desktop\Shipwright\ZAPDTR\ZAPD\Utils\BitConverter.h(197,50): warning C4267: 'argument': conversion from 'size_t' to 'int32_t', possible loss of data
  (compiling source file '../../../ZAPDTR/ZAPD/ZRoom/Commands/Unused1D.cpp')
  
C:\Users\CmonMeow\Desktop\Shipwright\ZAPDTR\ZAPD\Utils\BitConverter.h(202,50): warning C4267: 'argument': conversion from 'size_t' to 'int32_t', possible loss of data
  (compiling source file '../../../ZAPDTR/ZAPD/ZRoom/Commands/Unused1D.cpp')
  
C:\Users\CmonMeow\Desktop\Shipwright\ZAPDTR\ZAPD\Utils\BitConverter.h(197,50): warning C4267: 'argument': conversion from 'size_t' to 'int32_t', possible loss of data
  (compiling source file '../../../ZAPDTR/ZAPD/ZRoom/Commands/Unused09.cpp')
  
C:\Users\CmonMeow\Desktop\Shipwright\ZAPDTR\ZAPD\Utils\BitConverter.h(202,50): warning C4267: 'argument': conversion from 'size_t' to 'int32_t', possible loss of data
  (compiling source file '../../../ZAPDTR/ZAPD/ZRoom/Commands/Unused09.cpp')
  
C:\Users\CmonMeow\Desktop\Shipwright\ZAPDTR\ZAPD\Utils\BitConverter.h(197,50): warning C4267: 'argument': conversion from 'size_t' to 'int32_t', possible loss of data
  (compiling source file '../../../ZAPDTR/ZAPD/ZRoom/Commands/ZRoomCommandUnk.cpp')
  
C:\Users\CmonMeow\Desktop\Shipwright\ZAPDTR\ZAPD\Utils\BitConverter.h(202,50): warning C4267: 'argument': conversion from 'size_t' to 'int32_t', possible loss of data
  (compiling source file '../../../ZAPDTR/ZAPD/ZRoom/Commands/ZRoomCommandUnk.cpp')
  
C:\Users\CmonMeow\Desktop\Shipwright\ZAPDTR\ZAPD\Utils\BitConverter.h(197,50): warning C4267: 'argument': conversion from 'size_t' to 'int32_t', possible loss of data
  (compiling source file '../../../ZAPDTR/ZAPD/Utils/BinaryReader.cpp')
  
C:\Users\CmonMeow\Desktop\Shipwright\ZAPDTR\ZAPD\Utils\BitConverter.h(202,50): warning C4267: 'argument': conversion from 'size_t' to 'int32_t', possible loss of data
  (compiling source file '../../../ZAPDTR/ZAPD/Utils/BinaryReader.cpp')
  
C:\Users\CmonMeow\Desktop\Shipwright\ZAPDTR\ZAPD\Utils\BinaryReader.cpp(38,31): warning C4244: 'return': conversion from 'uint64_t' to 'uint32_t', possible loss of data
C:\Users\CmonMeow\Desktop\Shipwright\ZAPDTR\ZAPD\Utils\BitConverter.h(197,50): warning C4267: 'argument': conversion from 'size_t' to 'int32_t', possible loss of data
  (compiling source file '../../../ZAPDTR/ZAPD/Utils/BinaryWriter.cpp')
  
C:\Users\CmonMeow\Desktop\Shipwright\ZAPDTR\ZAPD\Utils\BitConverter.h(202,50): warning C4267: 'argument': conversion from 'size_t' to 'int32_t', possible loss of data
  (compiling source file '../../../ZAPDTR/ZAPD/Utils/BinaryWriter.cpp')
  
C:\Users\CmonMeow\Desktop\Shipwright\ZAPDTR\ZAPD\Utils\BinaryWriter.cpp(138,13): warning C4267: 'initializing': conversion from 'size_t' to 'int', possible loss of data
  gfxd.c
  uc.c
  uc_f3dex2.c
C:\Users\CmonMeow\Desktop\Shipwright\ZAPDTR\lib\libgfxd\gfxd.c(90,16): warning C4244: '=': conversion from 'uint64_t' to 'uint8_t', possible loss of data
C:\Users\CmonMeow\Desktop\Shipwright\ZAPDTR\lib\libgfxd\gfxd.c(91,16): warning C4244: '=': conversion from 'uint64_t' to 'uint8_t', possible loss of data
C:\Users\CmonMeow\Desktop\Shipwright\ZAPDTR\lib\libgfxd\gfxd.c(92,16): warning C4244: '=': conversion from 'uint64_t' to 'uint8_t', possible loss of data
C:\Users\CmonMeow\Desktop\Shipwright\ZAPDTR\lib\libgfxd\gfxd.c(93,16): warning C4244: '=': conversion from 'uint64_t' to 'uint8_t', possible loss of data
C:\Users\CmonMeow\Desktop\Shipwright\ZAPDTR\lib\libgfxd\gfxd.c(94,16): warning C4244: '=': conversion from 'uint64_t' to 'uint8_t', possible loss of data
C:\Users\CmonMeow\Desktop\Shipwright\ZAPDTR\lib\libgfxd\gfxd.c(95,16): warning C4244: '=': conversion from 'uint64_t' to 'uint8_t', possible loss of data
C:\Users\CmonMeow\Desktop\Shipwright\ZAPDTR\lib\libgfxd\gfxd.c(283,25): warning C4267: 'function': conversion from 'size_t' to 'int', possible loss of data
  ZAPDLib.vcxproj -> C:\Users\CmonMeow\Desktop\Shipwright\x64\Release\ZAPDLib.lib
