c:\users\cmonmeow\desktop\shipwright\x64\release\zapdlib.pdb
c:\users\cmonmeow\desktop\shipwright\build\x64\zapd\zapdlib.dir\release\zaudio.obj
c:\users\cmonmeow\desktop\shipwright\build\x64\zapd\zapdlib.dir\release\zarray.obj
c:\users\cmonmeow\desktop\shipwright\build\x64\zapd\zapdlib.dir\release\zactorlist.obj
c:\users\cmonmeow\desktop\shipwright\build\x64\zapd\zapdlib.dir\release\zanimation.obj
c:\users\cmonmeow\desktop\shipwright\build\x64\zapd\zapdlib.dir\release\skinlimbstructs.obj
c:\users\cmonmeow\desktop\shipwright\build\x64\zapd\zapdlib.dir\release\cutsceneoot_commands.obj
c:\users\cmonmeow\desktop\shipwright\build\x64\zapd\zapdlib.dir\release\cutscenemm_commands.obj
c:\users\cmonmeow\desktop\shipwright\build\x64\zapd\zapdlib.dir\release\cutscene_common.obj
c:\users\cmonmeow\desktop\shipwright\build\x64\zapd\zapdlib.dir\release\yaz0.obj
c:\users\cmonmeow\desktop\shipwright\build\x64\zapd\zapdlib.dir\release\warninghandler.obj
c:\users\cmonmeow\desktop\shipwright\build\x64\zapd\zapdlib.dir\release\outputformatter.obj
c:\users\cmonmeow\desktop\shipwright\build\x64\zapd\zapdlib.dir\release\main.obj
c:\users\cmonmeow\desktop\shipwright\build\x64\zapd\zapdlib.dir\release\imagebackend.obj
c:\users\cmonmeow\desktop\shipwright\build\x64\zapd\zapdlib.dir\release\globals.obj
c:\users\cmonmeow\desktop\shipwright\build\x64\zapd\zapdlib.dir\release\gameconfig.obj
c:\users\cmonmeow\desktop\shipwright\build\x64\zapd\zapdlib.dir\release\fileworker.obj
c:\users\cmonmeow\desktop\shipwright\build\x64\zapd\zapdlib.dir\release\declaration.obj
c:\users\cmonmeow\desktop\shipwright\build\x64\zapd\zapdlib.dir\release\crashhandler.obj
c:\users\cmonmeow\desktop\shipwright\build\x64\zapd\zapdlib.dir\release\setcutsceneentrylist.obj
c:\users\cmonmeow\desktop\shipwright\build\x64\zapd\zapdlib.dir\release\ztextmm.obj
c:\users\cmonmeow\desktop\shipwright\build\x64\zapd\zapdlib.dir\release\zsurfacetype.obj
c:\users\cmonmeow\desktop\shipwright\build\x64\zapd\zapdlib.dir\release\zskeleton.obj
c:\users\cmonmeow\desktop\shipwright\build\x64\zapd\zapdlib.dir\release\zscalar.obj
c:\users\cmonmeow\desktop\shipwright\build\x64\zapd\zapdlib.dir\release\zrom.obj
c:\users\cmonmeow\desktop\shipwright\build\x64\zapd\zapdlib.dir\release\zresource.obj
c:\users\cmonmeow\desktop\shipwright\build\x64\zapd\zapdlib.dir\release\zpointer.obj
c:\users\cmonmeow\desktop\shipwright\build\x64\zapd\zapdlib.dir\release\zplayeranimationdata.obj
c:\users\cmonmeow\desktop\shipwright\build\x64\zapd\zapdlib.dir\release\zpath.obj
c:\users\cmonmeow\desktop\shipwright\build\x64\zapd\zapdlib.dir\release\zmtx.obj
c:\users\cmonmeow\desktop\shipwright\build\x64\zapd\zapdlib.dir\release\zlimb.obj
c:\users\cmonmeow\desktop\shipwright\build\x64\zapd\zapdlib.dir\release\zfile.obj
c:\users\cmonmeow\desktop\shipwright\build\x64\zapd\zapdlib.dir\release\zdisplaylist.obj
c:\users\cmonmeow\desktop\shipwright\build\x64\zapd\zapdlib.dir\release\zcutscene.obj
c:\users\cmonmeow\desktop\shipwright\build\x64\zapd\zapdlib.dir\release\zckeyframeanim.obj
c:\users\cmonmeow\desktop\shipwright\build\x64\zapd\zapdlib.dir\release\zckeyframe.obj
c:\users\cmonmeow\desktop\shipwright\build\x64\zapd\zapdlib.dir\release\zcollisionpoly.obj
c:\users\cmonmeow\desktop\shipwright\build\x64\zapd\zapdlib.dir\release\zcollision.obj
c:\users\cmonmeow\desktop\shipwright\build\x64\zapd\zapdlib.dir\release\zblob.obj
c:\users\cmonmeow\desktop\shipwright\build\x64\zapd\zapdlib.dir\release\zbackground.obj
c:\users\cmonmeow\desktop\shipwright\build\x64\zapd\zapdlib.dir\release\zaudiodecode.obj
c:\users\cmonmeow\desktop\shipwright\build\x64\zapd\zapdlib.dir\release\setentrancelist.obj
c:\users\cmonmeow\desktop\shipwright\build\x64\zapd\zapdlib.dir\release\setechosettings.obj
c:\users\cmonmeow\desktop\shipwright\build\x64\zapd\zapdlib.dir\release\setcutscenes.obj
c:\users\cmonmeow\desktop\shipwright\build\x64\zapd\zapdlib.dir\release\setcscamera.obj
c:\users\cmonmeow\desktop\shipwright\build\x64\zapd\zapdlib.dir\release\setcollisionheader.obj
c:\users\cmonmeow\desktop\shipwright\build\x64\zapd\zapdlib.dir\release\setcamerasettings.obj
c:\users\cmonmeow\desktop\shipwright\build\x64\zapd\zapdlib.dir\release\setanimatedmateriallist.obj
c:\users\cmonmeow\desktop\shipwright\build\x64\zapd\zapdlib.dir\release\setalternateheaders.obj
c:\users\cmonmeow\desktop\shipwright\build\x64\zapd\zapdlib.dir\release\setactorlist.obj
c:\users\cmonmeow\desktop\shipwright\build\x64\zapd\zapdlib.dir\release\endmarker.obj
c:\users\cmonmeow\desktop\shipwright\build\x64\zapd\zapdlib.dir\release\zroomcommand.obj
c:\users\cmonmeow\desktop\shipwright\build\x64\zapd\zapdlib.dir\release\zroom.obj
c:\users\cmonmeow\desktop\shipwright\build\x64\zapd\zapdlib.dir\release\zvtx.obj
c:\users\cmonmeow\desktop\shipwright\build\x64\zapd\zapdlib.dir\release\zwaterbox.obj
c:\users\cmonmeow\desktop\shipwright\build\x64\zapd\zapdlib.dir\release\zvector.obj
c:\users\cmonmeow\desktop\shipwright\build\x64\zapd\zapdlib.dir\release\ztextureanimation.obj
c:\users\cmonmeow\desktop\shipwright\build\x64\zapd\zapdlib.dir\release\ztexture.obj
c:\users\cmonmeow\desktop\shipwright\build\x64\zapd\zapdlib.dir\release\ztext.obj
c:\users\cmonmeow\desktop\shipwright\build\x64\zapd\zapdlib.dir\release\zsymbol.obj
c:\users\cmonmeow\desktop\shipwright\build\x64\zapd\zapdlib.dir\release\zstring.obj
c:\users\cmonmeow\desktop\shipwright\build\x64\zapd\zapdlib.dir\release\unused09.obj
c:\users\cmonmeow\desktop\shipwright\build\x64\zapd\zapdlib.dir\release\setworldmapvisited.obj
c:\users\cmonmeow\desktop\shipwright\build\x64\zapd\zapdlib.dir\release\setwind.obj
c:\users\cmonmeow\desktop\shipwright\build\x64\zapd\zapdlib.dir\release\settransitionactorlist.obj
c:\users\cmonmeow\desktop\shipwright\build\x64\zapd\zapdlib.dir\release\settimesettings.obj
c:\users\cmonmeow\desktop\shipwright\build\x64\zapd\zapdlib.dir\release\setstartpositionlist.obj
c:\users\cmonmeow\desktop\shipwright\build\x64\zapd\zapdlib.dir\release\setspecialobjects.obj
c:\users\cmonmeow\desktop\shipwright\build\x64\zapd\zapdlib.dir\release\setsoundsettings.obj
c:\users\cmonmeow\desktop\shipwright\build\x64\zapd\zapdlib.dir\release\setskyboxsettings.obj
c:\users\cmonmeow\desktop\shipwright\build\x64\zapd\zapdlib.dir\release\setskyboxmodifier.obj
c:\users\cmonmeow\desktop\shipwright\build\x64\zapd\zapdlib.dir\release\setroomlist.obj
c:\users\cmonmeow\desktop\shipwright\build\x64\zapd\zapdlib.dir\release\setroombehavior.obj
c:\users\cmonmeow\desktop\shipwright\build\x64\zapd\zapdlib.dir\release\setpathways.obj
c:\users\cmonmeow\desktop\shipwright\build\x64\zapd\zapdlib.dir\release\setobjectlist.obj
c:\users\cmonmeow\desktop\shipwright\build\x64\zapd\zapdlib.dir\release\setminimaplist.obj
c:\users\cmonmeow\desktop\shipwright\build\x64\zapd\zapdlib.dir\release\setminimapchests.obj
c:\users\cmonmeow\desktop\shipwright\build\x64\zapd\zapdlib.dir\release\setmesh.obj
c:\users\cmonmeow\desktop\shipwright\build\x64\zapd\zapdlib.dir\release\setlightlist.obj
c:\users\cmonmeow\desktop\shipwright\build\x64\zapd\zapdlib.dir\release\setlightingsettings.obj
c:\users\cmonmeow\desktop\shipwright\build\x64\zapd\zapdlib.dir\release\setexitlist.obj
c:\users\cmonmeow\desktop\shipwright\build\x64\zapd\zapdlib.dir\release\memorystream.obj
c:\users\cmonmeow\desktop\shipwright\build\x64\zapd\zapdlib.dir\release\binarywriter.obj
c:\users\cmonmeow\desktop\shipwright\build\x64\zapd\zapdlib.dir\release\binaryreader.obj
c:\users\cmonmeow\desktop\shipwright\build\x64\zapd\zapdlib.dir\release\zroomcommandunk.obj
c:\users\cmonmeow\desktop\shipwright\build\x64\zapd\zapdlib.dir\release\unused1d.obj
c:\users\cmonmeow\desktop\shipwright\build\x64\zapd\zapdlib.dir\release\uc_f3dex2.obj
c:\users\cmonmeow\desktop\shipwright\build\x64\zapd\zapdlib.dir\release\uc.obj
c:\users\cmonmeow\desktop\shipwright\build\x64\zapd\zapdlib.dir\release\gfxd.obj
c:\users\cmonmeow\desktop\shipwright\build\x64\zapd\cmakefiles\generate.stamp
c:\users\cmonmeow\desktop\shipwright\x64\release\zapdlib.lib
c:\users\cmonmeow\desktop\shipwright\build\x64\zapd\zapdlib.dir\release\zapdlib.tlog\cl.command.1.tlog
c:\users\cmonmeow\desktop\shipwright\build\x64\zapd\zapdlib.dir\release\zapdlib.tlog\cl.items.tlog
c:\users\cmonmeow\desktop\shipwright\build\x64\zapd\zapdlib.dir\release\zapdlib.tlog\cl.read.1.tlog
c:\users\cmonmeow\desktop\shipwright\build\x64\zapd\zapdlib.dir\release\zapdlib.tlog\cl.write.1.tlog
c:\users\cmonmeow\desktop\shipwright\build\x64\zapd\zapdlib.dir\release\zapdlib.tlog\custombuild.command.1.tlog
c:\users\cmonmeow\desktop\shipwright\build\x64\zapd\zapdlib.dir\release\zapdlib.tlog\custombuild.read.1.tlog
c:\users\cmonmeow\desktop\shipwright\build\x64\zapd\zapdlib.dir\release\zapdlib.tlog\custombuild.write.1.tlog
c:\users\cmonmeow\desktop\shipwright\build\x64\zapd\zapdlib.dir\release\zapdlib.tlog\lib-link.read.1.tlog
c:\users\cmonmeow\desktop\shipwright\build\x64\zapd\zapdlib.dir\release\zapdlib.tlog\lib-link.write.1.tlog
c:\users\cmonmeow\desktop\shipwright\build\x64\zapd\zapdlib.dir\release\zapdlib.tlog\lib.command.1.tlog
