c:\users\cmonmeow\desktop\shipwright\build\x64\libultraship\src\libultraship.dir\debug\displaylist.obj
c:\users\cmonmeow\desktop\shipwright\build\x64\libultraship\src\libultraship.dir\debug\vertexfactory.obj
c:\users\cmonmeow\desktop\shipwright\build\x64\libultraship\src\libultraship.dir\debug\consolevariablebridge.obj
c:\users\cmonmeow\desktop\shipwright\build\x64\libultraship\src\libultraship.dir\debug\resourcebridge.obj
c:\users\cmonmeow\desktop\shipwright\build\x64\libultraship\src\libultraship.dir\debug\nullaudioplayer.obj
c:\users\cmonmeow\desktop\shipwright\build\x64\libultraship\src\libultraship.dir\debug\controllerrumble.obj
c:\users\cmonmeow\desktop\shipwright\build\x64\libultraship\src\libultraship.dir\debug\keyboardkeytobuttonmapping.obj
c:\users\cmonmeow\desktop\shipwright\build\x64\libultraship\src\libultraship.dir\debug\sdlbuttontoaxisdirectionmapping.obj
c:\users\cmonmeow\desktop\shipwright\build\x64\libultraship\src\libultraship.dir\debug\crashhandler.obj
c:\users\cmonmeow\desktop\shipwright\build\x64\libultraship\src\libultraship.dir\debug\font.obj
c:\users\cmonmeow\desktop\shipwright\build\x64\libultraship\src\libultraship.dir\debug\strhash64.obj
c:\users\cmonmeow\desktop\shipwright\build\x64\libultraship\src\libultraship.dir\debug\stringhelper.obj
c:\users\cmonmeow\desktop\shipwright\build\x64\libultraship\src\libultraship.dir\debug\binaryreader.obj
c:\users\cmonmeow\desktop\shipwright\build\x64\libultraship\src\libultraship.dir\debug\eventsystem.obj
c:\users\cmonmeow\desktop\shipwright\build\x64\libultraship\src\libultraship.dir\debug\gfxdebugger.obj
c:\users\cmonmeow\desktop\shipwright\build\x64\libultraship\src\libultraship.dir\debug\controllerbridge.obj
c:\users\cmonmeow\desktop\shipwright\build\x64\libultraship\src\libultraship.dir\debug\os.obj
c:\users\cmonmeow\desktop\shipwright\build\x64\libultraship\src\libultraship.dir\debug\controllergyro.obj
c:\users\cmonmeow\desktop\shipwright\build\x64\libultraship\src\libultraship.dir\debug\keyboardkeytoanymapping.obj
c:\users\cmonmeow\desktop\shipwright\build\x64\libultraship\src\libultraship.dir\debug\sdlbuttontoanymapping.obj
c:\users\cmonmeow\desktop\shipwright\build\x64\libultraship\src\libultraship.dir\debug\sdlgyromapping.obj
c:\users\cmonmeow\desktop\shipwright\build\x64\libultraship\src\libultraship.dir\debug\guitexturefactory.obj
c:\users\cmonmeow\desktop\shipwright\build\x64\libultraship\src\libultraship.dir\debug\blob.obj
c:\users\cmonmeow\desktop\shipwright\build\x64\libultraship\src\libultraship.dir\debug\blobfactory.obj
c:\users\cmonmeow\desktop\shipwright\build\x64\libultraship\src\libultraship.dir\debug\otrarchive.obj
c:\users\cmonmeow\desktop\shipwright\build\x64\libultraship\src\libultraship.dir\debug\vertex.obj
c:\users\cmonmeow\desktop\shipwright\build\x64\libultraship\src\libultraship.dir\debug\gfx_direct3d_common.obj
c:\users\cmonmeow\desktop\shipwright\build\x64\libultraship\src\libultraship.dir\debug\gfx_metal.obj
c:\users\cmonmeow\desktop\shipwright\build\x64\libultraship\src\libultraship.dir\debug\gfx_metal_shader.obj
c:\users\cmonmeow\desktop\shipwright\build\x64\libultraship\src\libultraship.dir\debug\gfx_opengl.obj
c:\users\cmonmeow\desktop\shipwright\build\x64\libultraship\src\libultraship.dir\debug\audiodmaregistry.obj
c:\users\cmonmeow\desktop\shipwright\build\x64\libultraship\src\libultraship.dir\debug\os_time.obj
c:\users\cmonmeow\desktop\shipwright\build\x64\libultraship\src\libultraship.dir\debug\os_vi.obj
c:\users\cmonmeow\desktop\shipwright\build\x64\libultraship\src\libultraship.dir\debug\audioplayer.obj
c:\users\cmonmeow\desktop\shipwright\build\x64\libultraship\src\libultraship.dir\debug\controllerbuttonmapping.obj
c:\users\cmonmeow\desktop\shipwright\build\x64\libultraship\src\libultraship.dir\debug\mousebuttontoanymapping.obj
c:\users\cmonmeow\desktop\shipwright\build\x64\libultraship\src\libultraship.dir\debug\sdlledmapping.obj
c:\users\cmonmeow\desktop\shipwright\build\x64\libultraship\src\libultraship.dir\debug\eventdebuggerwindow.obj
c:\users\cmonmeow\desktop\shipwright\build\x64\libultraship\src\libultraship.dir\debug\guitexture.obj
c:\users\cmonmeow\desktop\shipwright\build\x64\libultraship\src\libultraship.dir\debug\utils.obj
c:\users\cmonmeow\desktop\shipwright\build\x64\libultraship\src\libultraship.dir\debug\fastmousestatemanager.obj
c:\users\cmonmeow\desktop\shipwright\build\x64\libultraship\src\libultraship.dir\debug\crashhandlerbridge.obj
c:\users\cmonmeow\desktop\shipwright\build\x64\libultraship\src\libultraship.dir\debug\os_pi.obj
c:\users\cmonmeow\desktop\shipwright\build\x64\libultraship\src\libultraship.dir\debug\audio.obj
c:\users\cmonmeow\desktop\shipwright\build\x64\libultraship\src\libultraship.dir\debug\axisdirectionmappingfactory.obj
c:\users\cmonmeow\desktop\shipwright\build\x64\libultraship\src\libultraship.dir\debug\sdlaxisdirectiontoanymapping.obj
c:\users\cmonmeow\desktop\shipwright\build\x64\libultraship\src\libultraship.dir\debug\sdlaxisdirectiontobuttonmapping.obj
c:\users\cmonmeow\desktop\shipwright\build\x64\libultraship\src\libultraship.dir\debug\mousestatemanager.obj
c:\users\cmonmeow\desktop\shipwright\build\x64\libultraship\src\libultraship.dir\debug\statswindow.obj
c:\users\cmonmeow\desktop\shipwright\build\x64\libultraship\src\libultraship.dir\debug\resourcemanager.obj
c:\users\cmonmeow\desktop\shipwright\build\x64\libultraship\src\libultraship.dir\debug\matrix.obj
c:\users\cmonmeow\desktop\shipwright\build\x64\libultraship\src\libultraship.dir\debug\gfx_direct3d11.obj
c:\users\cmonmeow\desktop\shipwright\build\x64\libultraship\src\libultraship.dir\debug\os_eeprom.obj
c:\users\cmonmeow\desktop\shipwright\build\x64\libultraship\src\libultraship.dir\debug\controllermapping.obj
c:\users\cmonmeow\desktop\shipwright\build\x64\libultraship\src\libultraship.dir\debug\rumblemappingfactory.obj
c:\users\cmonmeow\desktop\shipwright\build\x64\libultraship\src\libultraship.dir\debug\mousewheeltoaxisdirectionmapping.obj
c:\users\cmonmeow\desktop\shipwright\build\x64\libultraship\src\libultraship.dir\debug\config.obj
c:\users\cmonmeow\desktop\shipwright\build\x64\libultraship\src\libultraship.dir\debug\gui.obj
c:\users\cmonmeow\desktop\shipwright\build\x64\libultraship\src\libultraship.dir\debug\shader.obj
c:\users\cmonmeow\desktop\shipwright\build\x64\libultraship\src\libultraship.dir\debug\jsonfactory.obj
c:\users\cmonmeow\desktop\shipwright\build\x64\libultraship\src\libultraship.dir\debug\texture.obj
c:\users\cmonmeow\desktop\shipwright\build\x64\libultraship\src\libultraship.dir\debug\gfx_dxgi.obj
c:\users\cmonmeow\desktop\shipwright\build\x64\libultraship\src\libultraship.dir\debug\windowbridge.obj
c:\users\cmonmeow\desktop\shipwright\build\x64\libultraship\src\libultraship.dir\debug\inputeditorwindow.obj
c:\users\cmonmeow\desktop\shipwright\build\x64\libultraship\src\libultraship.dir\debug\controldevice.obj
c:\users\cmonmeow\desktop\shipwright\build\x64\libultraship\src\libultraship.dir\debug\controllerbutton.obj
c:\users\cmonmeow\desktop\shipwright\build\x64\libultraship\src\libultraship.dir\debug\mousebuttontoaxisdirectionmapping.obj
c:\users\cmonmeow\desktop\shipwright\build\x64\libultraship\src\libultraship.dir\debug\sdlrumblemapping.obj
c:\users\cmonmeow\desktop\shipwright\build\x64\libultraship\src\libultraship.dir\debug\consolewindow.obj
c:\users\cmonmeow\desktop\shipwright\build\x64\libultraship\src\libultraship.dir\debug\stream.obj
c:\users\cmonmeow\desktop\shipwright\build\x64\libultraship\src\libultraship.dir\debug\resourcefactoryxml.obj
c:\users\cmonmeow\desktop\shipwright\build\x64\libultraship\src\libultraship.dir\debug\archivemanager.obj
c:\users\cmonmeow\desktop\shipwright\build\x64\libultraship\src\libultraship.dir\debug\light.obj
c:\users\cmonmeow\desktop\shipwright\build\x64\libultraship\src\libultraship.dir\debug\matrixfactory.obj
c:\users\cmonmeow\desktop\shipwright\build\x64\libultraship\src\libultraship.dir\debug\os_vm.obj
c:\users\cmonmeow\desktop\shipwright\build\x64\libultraship\src\libultraship.dir\debug\sdlaudioplayer.obj
c:\users\cmonmeow\desktop\shipwright\build\x64\libultraship\src\libultraship.dir\debug\controllerinputmapping.obj
c:\users\cmonmeow\desktop\shipwright\build\x64\libultraship\src\libultraship.dir\debug\controllerledmapping.obj
c:\users\cmonmeow\desktop\shipwright\build\x64\libultraship\src\libultraship.dir\debug\gyromappingfactory.obj
c:\users\cmonmeow\desktop\shipwright\build\x64\libultraship\src\libultraship.dir\debug\mousewheeltobuttonmapping.obj
c:\users\cmonmeow\desktop\shipwright\build\x64\libultraship\src\libultraship.dir\debug\globalsdldevicesettings.obj
c:\users\cmonmeow\desktop\shipwright\build\x64\libultraship\src\libultraship.dir\debug\gameoverlay.obj
c:\users\cmonmeow\desktop\shipwright\build\x64\libultraship\src\libultraship.dir\debug\memorystream.obj
c:\users\cmonmeow\desktop\shipwright\build\x64\libultraship\src\libultraship.dir\debug\resource.obj
c:\users\cmonmeow\desktop\shipwright\build\x64\libultraship\src\libultraship.dir\debug\archive.obj
c:\users\cmonmeow\desktop\shipwright\build\x64\libultraship\src\libultraship.dir\debug\fast3dgui.obj
c:\users\cmonmeow\desktop\shipwright\build\x64\libultraship\src\libultraship.dir\debug\eventsbridge.obj
c:\users\cmonmeow\desktop\shipwright\build\x64\libultraship\src\libultraship.dir\debug\luslog.obj
c:\users\cmonmeow\desktop\shipwright\build\x64\libultraship\src\libultraship.dir\debug\controllergyromapping.obj
c:\users\cmonmeow\desktop\shipwright\build\x64\libultraship\src\libultraship.dir\debug\controllerrumblemapping.obj
c:\users\cmonmeow\desktop\shipwright\build\x64\libultraship\src\libultraship.dir\debug\ledmappingfactory.obj
c:\users\cmonmeow\desktop\shipwright\build\x64\libultraship\src\libultraship.dir\debug\wheelhandler.obj
c:\users\cmonmeow\desktop\shipwright\build\x64\libultraship\src\libultraship.dir\debug\sdladdremovedeviceeventhandler.obj
c:\users\cmonmeow\desktop\shipwright\build\x64\libultraship\src\libultraship.dir\debug\guielement.obj
c:\users\cmonmeow\desktop\shipwright\build\x64\libultraship\src\libultraship.dir\debug\resourceloader.obj
c:\users\cmonmeow\desktop\shipwright\build\x64\libultraship\src\libultraship.dir\debug\fast3dwindow.obj
c:\users\cmonmeow\desktop\shipwright\build\x64\libultraship\src\libultraship.dir\debug\gfxdebuggerbridge.obj
c:\users\cmonmeow\desktop\shipwright\build\x64\libultraship\src\libultraship.dir\debug\gfxdebuggerwindow.obj
c:\users\cmonmeow\desktop\shipwright\build\x64\libultraship\src\libultraship.dir\debug\soundmatrixdecoder.obj
c:\users\cmonmeow\desktop\shipwright\build\x64\libultraship\src\libultraship.dir\debug\wasapiaudioplayer.obj
c:\users\cmonmeow\desktop\shipwright\build\x64\libultraship\src\libultraship.dir\debug\buttonmappingfactory.obj
c:\users\cmonmeow\desktop\shipwright\build\x64\libultraship\src\libultraship.dir\debug\sdlaxisdirectiontoaxisdirectionmapping.obj
c:\users\cmonmeow\desktop\shipwright\build\x64\libultraship\src\libultraship.dir\debug\console.obj
c:\users\cmonmeow\desktop\shipwright\build\x64\libultraship\src\libultraship.dir\debug\guimenubar.obj
c:\users\cmonmeow\desktop\shipwright\build\x64\libultraship\src\libultraship.dir\debug\json.obj
c:\users\cmonmeow\desktop\shipwright\build\x64\libultraship\src\libultraship.dir\debug\displaylistfactory.obj
c:\users\cmonmeow\desktop\shipwright\build\x64\libultraship\src\libultraship.dir\debug\gfx_sdl2.obj
c:\users\cmonmeow\desktop\shipwright\build\x64\libultraship\src\libultraship.dir\debug\os_mesg.obj
c:\users\cmonmeow\desktop\shipwright\build\x64\libultraship\src\libultraship.dir\debug\controlleraxisdirectionmapping.obj
c:\users\cmonmeow\desktop\shipwright\build\x64\libultraship\src\libultraship.dir\debug\mousebuttontobuttonmapping.obj
c:\users\cmonmeow\desktop\shipwright\build\x64\libultraship\src\libultraship.dir\debug\connectedphysicaldevicemanager.obj
c:\users\cmonmeow\desktop\shipwright\build\x64\libultraship\src\libultraship.dir\debug\window.obj
c:\users\cmonmeow\desktop\shipwright\build\x64\libultraship\src\libultraship.dir\debug\binarywriter.obj
c:\users\cmonmeow\desktop\shipwright\build\x64\libultraship\src\libultraship.dir\debug\stox.obj
c:\users\cmonmeow\desktop\shipwright\build\x64\libultraship\src\libultraship.dir\debug\shaderfactory.obj
c:\users\cmonmeow\desktop\shipwright\build\x64\libultraship\src\libultraship.dir\debug\lightfactory.obj
c:\users\cmonmeow\desktop\shipwright\build\x64\libultraship\src\libultraship.dir\debug\texturefactory.obj
c:\users\cmonmeow\desktop\shipwright\build\x64\libultraship\src\libultraship.dir\debug\audiobridge.obj
c:\users\cmonmeow\desktop\shipwright\build\x64\libultraship\src\libultraship.dir\debug\os_cache.obj
c:\users\cmonmeow\desktop\shipwright\build\x64\libultraship\src\libultraship.dir\debug\controllerstick.obj
c:\users\cmonmeow\desktop\shipwright\build\x64\libultraship\src\libultraship.dir\debug\mousewheeltoanymapping.obj
c:\users\cmonmeow\desktop\shipwright\build\x64\libultraship\src\libultraship.dir\debug\consolevariable.obj
c:\users\cmonmeow\desktop\shipwright\build\x64\libultraship\src\libultraship.dir\debug\guiwindow.obj
c:\users\cmonmeow\desktop\shipwright\build\x64\libultraship\src\libultraship.dir\debug\folderarchive.obj
c:\users\cmonmeow\desktop\shipwright\build\x64\libultraship\src\libultraship.dir\debug\interpreter.obj
c:\users\cmonmeow\desktop\shipwright\build\x64\libultraship\src\libultraship.dir\debug\gfxbridge.obj
c:\users\cmonmeow\desktop\shipwright\build\x64\libultraship\src\libultraship.dir\debug\controlport.obj
c:\users\cmonmeow\desktop\shipwright\build\x64\libultraship\src\libultraship.dir\debug\controllerled.obj
c:\users\cmonmeow\desktop\shipwright\build\x64\libultraship\src\libultraship.dir\debug\keyboardkeytoaxisdirectionmapping.obj
c:\users\cmonmeow\desktop\shipwright\build\x64\libultraship\src\libultraship.dir\debug\sdlbuttontobuttonmapping.obj
c:\users\cmonmeow\desktop\shipwright\build\x64\libultraship\src\libultraship.dir\debug\fontfactory.obj
c:\users\cmonmeow\desktop\shipwright\build\x64\libultraship\src\libultraship.dir\debug\resourcefactorybinary.obj
c:\users\cmonmeow\desktop\shipwright\build\x64\libultraship\src\libultraship.dir\debug\o2rarchive.obj
c:\users\cmonmeow\desktop\shipwright\build\x64\libultraship\src\libultraship.dir\debug\filedropmgr.obj
c:\users\cmonmeow\desktop\shipwright\x64\debug\libultraship.pdb
c:\users\cmonmeow\desktop\shipwright\build\x64\libultraship\src\libultraship.dir\debug\libultraship\controller\controldeck\controldeck.cpp.obj
c:\users\cmonmeow\desktop\shipwright\build\x64\libultraship\src\libultraship.dir\debug\libultraship\controller\controldevice\controller\controller.cpp.obj
c:\users\cmonmeow\desktop\shipwright\build\x64\libultraship\src\libultraship.dir\debug\libultraship\controller\controldevice\controller\mapping\controllerdefaultmappings.cpp.obj
c:\users\cmonmeow\desktop\shipwright\build\x64\libultraship\src\libultraship.dir\debug\ship\controller\controldeck\controldeck.cpp.obj
c:\users\cmonmeow\desktop\shipwright\build\x64\libultraship\src\libultraship.dir\debug\ship\controller\controldevice\controller\controller.cpp.obj
c:\users\cmonmeow\desktop\shipwright\build\x64\libultraship\src\libultraship.dir\debug\ship\controller\controldevice\controller\mapping\controllerdefaultmappings.cpp.obj
c:\users\cmonmeow\desktop\shipwright\build\x64\libultraship\src\libultraship.dir\debug\glob.obj
c:\users\cmonmeow\desktop\shipwright\build\x64\libultraship\src\cmakefiles\generate.stamp
c:\users\cmonmeow\desktop\shipwright\x64\debug\libultraship.lib
c:\users\cmonmeow\desktop\shipwright\build\x64\libultraship\src\libultraship.dir\debug\action.obj
c:\users\cmonmeow\desktop\shipwright\build\x64\libultraship\src\libultraship.dir\debug\actionlist.obj
c:\users\cmonmeow\desktop\shipwright\build\x64\libultraship\src\libultraship.dir\debug\component.obj
c:\users\cmonmeow\desktop\shipwright\build\x64\libultraship\src\libultraship.dir\debug\componenthierarchywindow.obj
c:\users\cmonmeow\desktop\shipwright\build\x64\libultraship\src\libultraship.dir\debug\componentlist.obj
c:\users\cmonmeow\desktop\shipwright\build\x64\libultraship\src\libultraship.dir\debug\context.obj
c:\users\cmonmeow\desktop\shipwright\build\x64\libultraship\src\libultraship.dir\debug\eventaction.obj
c:\users\cmonmeow\desktop\shipwright\build\x64\libultraship\src\libultraship.dir\debug\events.obj
c:\users\cmonmeow\desktop\shipwright\build\x64\libultraship\src\libultraship.dir\debug\filedrop.obj
c:\users\cmonmeow\desktop\shipwright\build\x64\libultraship\src\libultraship.dir\debug\listeneraction.obj
c:\users\cmonmeow\desktop\shipwright\build\x64\libultraship\src\libultraship.dir\debug\logger.obj
c:\users\cmonmeow\desktop\shipwright\build\x64\libultraship\src\libultraship.dir\debug\part.obj
c:\users\cmonmeow\desktop\shipwright\build\x64\libultraship\src\libultraship.dir\debug\threadpool.obj
c:\users\cmonmeow\desktop\shipwright\build\x64\libultraship\src\libultraship.dir\debug\tickable.obj
c:\users\cmonmeow\desktop\shipwright\build\x64\libultraship\src\libultraship.dir\debug\tickablecomponent.obj
c:\users\cmonmeow\desktop\shipwright\build\x64\libultraship\src\libultraship.dir\debug\ultrabridge.obj
c:\users\cmonmeow\desktop\shipwright\build\x64\libultraship\src\libultraship.dir\debug\libultraship.tlog\cl.command.1.tlog
c:\users\cmonmeow\desktop\shipwright\build\x64\libultraship\src\libultraship.dir\debug\libultraship.tlog\cl.items.tlog
c:\users\cmonmeow\desktop\shipwright\build\x64\libultraship\src\libultraship.dir\debug\libultraship.tlog\cl.read.1.tlog
c:\users\cmonmeow\desktop\shipwright\build\x64\libultraship\src\libultraship.dir\debug\libultraship.tlog\cl.write.1.tlog
c:\users\cmonmeow\desktop\shipwright\build\x64\libultraship\src\libultraship.dir\debug\libultraship.tlog\custombuild.command.1.tlog
c:\users\cmonmeow\desktop\shipwright\build\x64\libultraship\src\libultraship.dir\debug\libultraship.tlog\custombuild.read.1.tlog
c:\users\cmonmeow\desktop\shipwright\build\x64\libultraship\src\libultraship.dir\debug\libultraship.tlog\custombuild.write.1.tlog
c:\users\cmonmeow\desktop\shipwright\build\x64\libultraship\src\libultraship.dir\debug\libultraship.tlog\lib-link.read.1.tlog
c:\users\cmonmeow\desktop\shipwright\build\x64\libultraship\src\libultraship.dir\debug\libultraship.tlog\lib-link.write.1.tlog
c:\users\cmonmeow\desktop\shipwright\build\x64\libultraship\src\libultraship.dir\debug\libultraship.tlog\lib.command.1.tlog
