c:\users\cmonmeow\desktop\shipwright\build\x64\soh\soh.dir\release\crashhandlerext.obj
c:\users\cmonmeow\desktop\shipwright\build\x64\soh\soh.dir\release\audiosoundfontfactory.obj
c:\users\cmonmeow\desktop\shipwright\build\x64\soh\soh.dir\release\setroomlistfactory.obj
c:\users\cmonmeow\desktop\shipwright\build\x64\soh\soh.dir\release\animation.obj
c:\users\cmonmeow\desktop\shipwright\build\x64\soh\soh.dir\release\audiosample.obj
c:\users\cmonmeow\desktop\shipwright\build\x64\soh\soh.dir\release\playeranimation.obj
c:\users\cmonmeow\desktop\shipwright\build\x64\soh\soh.dir\release\setskyboxsettings.obj
c:\users\cmonmeow\desktop\shipwright\build\x64\soh\soh.dir\release\resourcemanagerhelpers.obj
c:\users\cmonmeow\desktop\shipwright\build\x64\soh\soh.dir\release\setspecialobjectsfactory.obj
c:\users\cmonmeow\desktop\shipwright\build\x64\soh\soh.dir\release\scene.obj
c:\users\cmonmeow\desktop\shipwright\build\x64\soh\soh.dir\release\setechosettings.obj
c:\users\cmonmeow\desktop\shipwright\build\x64\soh\soh.dir\release\setskyboxmodifier.obj
c:\users\cmonmeow\desktop\shipwright\build\x64\soh\soh.dir\release\z_scene_otr.obj
c:\users\cmonmeow\desktop\shipwright\build\x64\soh\soh.dir\release\colviewer.obj
c:\users\cmonmeow\desktop\shipwright\build\x64\soh\soh.dir\release\scenecommandfactory.obj
c:\users\cmonmeow\desktop\shipwright\build\x64\soh\soh.dir\release\setechosettingsfactory.obj
c:\users\cmonmeow\desktop\shipwright\build\x64\soh\soh.dir\release\setsoundsettingsfactory.obj
c:\users\cmonmeow\desktop\shipwright\build\x64\soh\soh.dir\release\path.obj
c:\users\cmonmeow\desktop\shipwright\build\x64\soh\soh.dir\release\setroomlist.obj
c:\users\cmonmeow\desktop\shipwright\build\x64\soh\soh.dir\release\z_play_otr.obj
c:\users\cmonmeow\desktop\shipwright\build\x64\soh\soh.dir\release\actorlistindex.obj
c:\users\cmonmeow\desktop\shipwright\build\x64\soh\soh.dir\release\pathfactory.obj
c:\users\cmonmeow\desktop\shipwright\build\x64\soh\soh.dir\release\setmeshfactory.obj
c:\users\cmonmeow\desktop\shipwright\build\x64\soh\soh.dir\release\audiosoundfont.obj
c:\users\cmonmeow\desktop\shipwright\build\x64\soh\soh.dir\release\endmarker.obj
c:\users\cmonmeow\desktop\shipwright\build\x64\soh\soh.dir\release\setlightingsettings.obj
c:\users\cmonmeow\desktop\shipwright\build\x64\soh\soh.dir\release\settimesettings.obj
c:\users\cmonmeow\desktop\shipwright\build\x64\soh\soh.dir\release\objectextension.obj
c:\users\cmonmeow\desktop\shipwright\build\x64\soh\soh.dir\release\playeranimationfactory.obj
c:\users\cmonmeow\desktop\shipwright\build\x64\soh\soh.dir\release\setroombehaviorfactory.obj
c:\users\cmonmeow\desktop\shipwright\build\x64\soh\soh.dir\release\array.obj
c:\users\cmonmeow\desktop\shipwright\build\x64\soh\soh.dir\release\audiosequence.obj
c:\users\cmonmeow\desktop\shipwright\build\x64\soh\soh.dir\release\skeleton.obj
c:\users\cmonmeow\desktop\shipwright\build\x64\soh\soh.dir\release\frame_interpolation.obj
c:\users\cmonmeow\desktop\shipwright\build\x64\soh\soh.dir\release\collisionheaderfactory.obj
c:\users\cmonmeow\desktop\shipwright\build\x64\soh\soh.dir\release\endmarkerfactory.obj
c:\users\cmonmeow\desktop\shipwright\build\x64\soh\soh.dir\release\setentrancelistfactory.obj
c:\users\cmonmeow\desktop\shipwright\build\x64\soh\soh.dir\release\setskyboxsettingsfactory.obj
c:\users\cmonmeow\desktop\shipwright\build\x64\soh\soh.dir\release\setcollisionheader.obj
c:\users\cmonmeow\desktop\shipwright\build\x64\soh\soh.dir\release\setroombehavior.obj
c:\users\cmonmeow\desktop\shipwright\build\x64\soh\soh.dir\release\actordb.obj
c:\users\cmonmeow\desktop\shipwright\build\x64\soh\soh.dir\release\audiosamplefactory.obj
c:\users\cmonmeow\desktop\shipwright\build\x64\soh\soh.dir\release\scenefactory.obj
c:\users\cmonmeow\desktop\shipwright\build\x64\soh\soh.dir\release\settimesettingsfactory.obj
c:\users\cmonmeow\desktop\shipwright\build\x64\soh\soh.dir\release\text.obj
c:\users\cmonmeow\desktop\shipwright\build\x64\soh\soh.dir\release\setstartpositionlist.obj
c:\users\cmonmeow\desktop\shipwright\build\x64\soh\soh.dir\release\animationfactory.obj
c:\users\cmonmeow\desktop\shipwright\build\x64\soh\soh.dir\release\backgroundfactory.obj
c:\users\cmonmeow\desktop\shipwright\build\x64\soh\soh.dir\release\textfactory.obj
c:\users\cmonmeow\desktop\shipwright\build\x64\soh\soh.dir\release\setcamerasettingsfactory.obj
c:\users\cmonmeow\desktop\shipwright\build\x64\soh\soh.dir\release\setlightingsettingsfactory.obj
c:\users\cmonmeow\desktop\shipwright\build\x64\soh\soh.dir\release\gbiwrap.obj
c:\users\cmonmeow\desktop\shipwright\build\x64\soh\soh.dir\release\arrayfactory.obj
c:\users\cmonmeow\desktop\shipwright\build\x64\soh\soh.dir\release\audiosequencefactory.obj
c:\users\cmonmeow\desktop\shipwright\build\x64\soh\soh.dir\release\skeletonlimbfactory.obj
c:\users\cmonmeow\desktop\shipwright\build\x64\soh\soh.dir\release\setentrancelist.obj
c:\users\cmonmeow\desktop\shipwright\build\x64\soh\soh.dir\release\setsoundsettings.obj
c:\users\cmonmeow\desktop\shipwright\build\x64\soh\soh.dir\release\shiputils.obj
c:\users\cmonmeow\desktop\shipwright\build\x64\soh\soh.dir\release\skeletonfactory.obj
c:\users\cmonmeow\desktop\shipwright\build\x64\soh\soh.dir\release\background.obj
c:\users\cmonmeow\desktop\shipwright\build\x64\soh\soh.dir\release\setmesh.obj
c:\users\cmonmeow\desktop\shipwright\build\x64\soh\soh.dir\release\setcollisionheaderfactory.obj
c:\users\cmonmeow\desktop\shipwright\build\x64\soh\soh.dir\release\setskyboxmodifierfactory.obj
c:\users\cmonmeow\desktop\shipwright\build\x64\soh\soh.dir\release\collisionheader.obj
c:\users\cmonmeow\desktop\shipwright\build\x64\soh\soh.dir\release\setcamerasettings.obj
c:\users\cmonmeow\desktop\shipwright\build\x64\soh\soh.dir\release\util.obj
c:\users\cmonmeow\desktop\shipwright\build\x64\soh\soh.dir\release\networkgamebridge.obj
c:\users\cmonmeow\desktop\shipwright\build\x64\soh\soh.dir\release\setstartpositionlistfactory.obj
c:\users\cmonmeow\desktop\shipwright\build\x64\soh\soh.dir\release\skeletonlimb.obj
c:\users\cmonmeow\desktop\shipwright\build\x64\soh\soh.dir\release\setspecialobjects.obj
c:\users\cmonmeow\desktop\shipwright\build\x64\soh\soh.dir\release\vc145.pdb
c:\users\cmonmeow\desktop\shipwright\build\x64\soh\soh.dir\release\framebuffer_effects.obj
c:\users\cmonmeow\desktop\shipwright\build\x64\soh\soh.dir\release\stubs.obj
c:\users\cmonmeow\desktop\shipwright\build\x64\soh\soh.dir\release\mixer.obj
c:\users\cmonmeow\desktop\shipwright\build\x64\soh\soh.dir\release\gu_pc.obj
c:\users\cmonmeow\desktop\shipwright\build\x64\soh\soh.dir\release\yaz0.obj
c:\users\cmonmeow\desktop\shipwright\build\x64\soh\soh.dir\release\audio_seqplayer.obj
c:\users\cmonmeow\desktop\shipwright\build\x64\soh\soh.dir\release\code_800d31a0.obj
c:\users\cmonmeow\desktop\shipwright\build\x64\soh\soh.dir\release\fault.obj
c:\users\cmonmeow\desktop\shipwright\build\x64\soh\soh.dir\release\listalloc.obj
c:\users\cmonmeow\desktop\shipwright\build\x64\soh\soh.dir\release\sched.obj
c:\users\cmonmeow\desktop\shipwright\build\x64\soh\soh.dir\release\ucode_disas.obj
c:\users\cmonmeow\desktop\shipwright\build\x64\soh\soh.dir\release\z_debug_display.obj
c:\users\cmonmeow\desktop\shipwright\build\x64\soh\soh.dir\release\z_malloc.obj
c:\users\cmonmeow\desktop\shipwright\build\x64\soh\soh.dir\release\z_skelanime.obj
c:\users\cmonmeow\desktop\shipwright\build\x64\soh\soh.dir\release\z_viszbuf.obj
c:\users\cmonmeow\desktop\shipwright\build\x64\soh\soh.dir\release\sins.obj
c:\users\cmonmeow\desktop\shipwright\build\x64\soh\soh.dir\release\z_fishing.obj
c:\users\cmonmeow\desktop\shipwright\build\x64\soh\soh.dir\release\build.obj
c:\users\cmonmeow\desktop\shipwright\build\x64\soh\soh.dir\release\audio_synthesis.obj
c:\users\cmonmeow\desktop\shipwright\build\x64\soh\soh.dir\release\code_800f7260.obj
c:\users\cmonmeow\desktop\shipwright\build\x64\soh\soh.dir\release\sys_cfb.obj
c:\users\cmonmeow\desktop\shipwright\build\x64\soh\soh.dir\release\z_bg_item.obj
c:\users\cmonmeow\desktop\shipwright\build\x64\soh\soh.dir\release\z_prenmi_buff.obj
c:\users\cmonmeow\desktop\shipwright\build\x64\soh\soh.dir\release\z_skin_awb.obj
c:\users\cmonmeow\desktop\shipwright\build\x64\soh\soh.dir\release\coss.obj
c:\users\cmonmeow\desktop\shipwright\build\x64\soh\soh.dir\release\z_en_fish.obj
c:\users\cmonmeow\desktop\shipwright\build\x64\soh\soh.dir\release\viconfig.obj
c:\users\cmonmeow\desktop\shipwright\build\x64\soh\soh.dir\release\audio_playback.obj
c:\users\cmonmeow\desktop\shipwright\build\x64\soh\soh.dir\release\code_800e6840.obj
c:\users\cmonmeow\desktop\shipwright\build\x64\soh\soh.dir\release\debug_malloc.obj
c:\users\cmonmeow\desktop\shipwright\build\x64\soh\soh.dir\release\loadfragment2.obj
c:\users\cmonmeow\desktop\shipwright\build\x64\soh\soh.dir\release\sleep.obj
c:\users\cmonmeow\desktop\shipwright\build\x64\soh\soh.dir\release\z_actor.obj
c:\users\cmonmeow\desktop\shipwright\build\x64\soh\soh.dir\release\z_fbdemo_fade.obj
c:\users\cmonmeow\desktop\shipwright\build\x64\soh\soh.dir\release\z_prenmi.obj
c:\users\cmonmeow\desktop\shipwright\build\x64\soh\soh.dir\release\z_skin_matrix.obj
c:\users\cmonmeow\desktop\shipwright\build\x64\soh\soh.dir\release\z_vr_box_draw.obj
c:\users\cmonmeow\desktop\shipwright\build\x64\soh\soh.dir\release\logutils.obj
c:\users\cmonmeow\desktop\shipwright\build\x64\soh\soh.dir\release\audio_effects.obj
c:\users\cmonmeow\desktop\shipwright\build\x64\soh\soh.dir\release\code_800d2e30.obj
c:\users\cmonmeow\desktop\shipwright\build\x64\soh\soh.dir\release\code_801068b0.obj
c:\users\cmonmeow\desktop\shipwright\build\x64\soh\soh.dir\release\shrink_window.obj
c:\users\cmonmeow\desktop\shipwright\build\x64\soh\soh.dir\release\title_setup.obj
c:\users\cmonmeow\desktop\shipwright\build\x64\soh\soh.dir\release\z_collision_check.obj
c:\users\cmonmeow\desktop\shipwright\build\x64\soh\soh.dir\release\z_lifemeter.obj
c:\users\cmonmeow\desktop\shipwright\build\x64\soh\soh.dir\release\z_vimode.obj
c:\users\cmonmeow\desktop\shipwright\build\x64\soh\soh.dir\release\gus2dinitbg.obj
c:\users\cmonmeow\desktop\shipwright\build\x64\soh\soh.dir\release\heaps.obj
c:\users\cmonmeow\desktop\shipwright\build\x64\soh\soh.dir\release\__osmalloc.obj
c:\users\cmonmeow\desktop\shipwright\build\x64\soh\soh.dir\release\code_800430a0.obj
c:\users\cmonmeow\desktop\shipwright\build\x64\soh\soh.dir\release\code_800f9280.obj
c:\users\cmonmeow\desktop\shipwright\build\x64\soh\soh.dir\release\gamealloc.obj
c:\users\cmonmeow\desktop\shipwright\build\x64\soh\soh.dir\release\mtxuty-cvt.obj
c:\users\cmonmeow\desktop\shipwright\build\x64\soh\soh.dir\release\sys_math.obj
c:\users\cmonmeow\desktop\shipwright\build\x64\soh\soh.dir\release\z_bgcheck.obj
c:\users\cmonmeow\desktop\shipwright\build\x64\soh\soh.dir\release\z_inventory.obj
c:\users\cmonmeow\desktop\shipwright\build\x64\soh\soh.dir\release\z_player_lib.obj
c:\users\cmonmeow\desktop\shipwright\build\x64\soh\soh.dir\release\z_sound_source.obj
c:\users\cmonmeow\desktop\shipwright\build\x64\soh\soh.dir\release\gulookat.obj
c:\users\cmonmeow\desktop\shipwright\build\x64\soh\soh.dir\release\sprintf.obj
c:\users\cmonmeow\desktop\shipwright\build\x64\soh\soh.dir\release\stackcheck.obj
c:\users\cmonmeow\desktop\shipwright\build\x64\soh\soh.dir\release\audio_load.obj
c:\users\cmonmeow\desktop\shipwright\build\x64\soh\soh.dir\release\code_800ec960.obj
c:\users\cmonmeow\desktop\shipwright\build\x64\soh\soh.dir\release\fault_drawer.obj
c:\users\cmonmeow\desktop\shipwright\build\x64\soh\soh.dir\release\main.obj
c:\users\cmonmeow\desktop\shipwright\build\x64\soh\soh.dir\release\z_game_over.obj
c:\users\cmonmeow\desktop\shipwright\build\x64\soh\soh.dir\release\z_lights.obj
c:\users\cmonmeow\desktop\shipwright\build\x64\soh\soh.dir\release\z_player_call.obj
c:\users\cmonmeow\desktop\shipwright\build\x64\soh\soh.dir\release\z_scene_table.obj
c:\users\cmonmeow\desktop\shipwright\build\x64\soh\soh.dir\release\guperspectivef.obj
c:\users\cmonmeow\desktop\shipwright\build\x64\soh\soh.dir\release\boot_main.obj
c:\users\cmonmeow\desktop\shipwright\build\x64\soh\soh.dir\release\audio_data.obj
c:\users\cmonmeow\desktop\shipwright\build\x64\soh\soh.dir\release\code_800a9f30.obj
c:\users\cmonmeow\desktop\shipwright\build\x64\soh\soh.dir\release\code_800fc620.obj
c:\users\cmonmeow\desktop\shipwright\build\x64\soh\soh.dir\release\graph.obj
c:\users\cmonmeow\desktop\shipwright\build\x64\soh\soh.dir\release\printutils.obj
c:\users\cmonmeow\desktop\shipwright\build\x64\soh\soh.dir\release\sys_ucode.obj
c:\users\cmonmeow\desktop\shipwright\build\x64\soh\soh.dir\release\z_common_data.obj
c:\users\cmonmeow\desktop\shipwright\build\x64\soh\soh.dir\release\z_eff_ss_dead.obj
c:\users\cmonmeow\desktop\shipwright\build\x64\soh\soh.dir\release\z_play.obj
c:\users\cmonmeow\desktop\shipwright\build\x64\soh\soh.dir\release\z_skin.obj
c:\users\cmonmeow\desktop\shipwright\build\x64\soh\soh.dir\release\z_vr_box.obj
c:\users\cmonmeow\desktop\shipwright\build\x64\soh\soh.dir\release\z_eff_ss_bubble.obj
c:\users\cmonmeow\desktop\shipwright\build\x64\soh\soh.dir\release\gfxbuffers.obj
c:\users\cmonmeow\desktop\shipwright\build\x64\soh\soh.dir\release\twoheadarena.obj
c:\users\cmonmeow\desktop\shipwright\build\x64\soh\soh.dir\release\code_8006c510.obj
c:\users\cmonmeow\desktop\shipwright\build\x64\soh\soh.dir\release\code_800fce80.obj
c:\users\cmonmeow\desktop\shipwright\build\x64\soh\soh.dir\release\gfxprint.obj
c:\users\cmonmeow\desktop\shipwright\build\x64\soh\soh.dir\release\padmgr.obj
c:\users\cmonmeow\desktop\shipwright\build\x64\soh\soh.dir\release\sys_math_atan.obj
c:\users\cmonmeow\desktop\shipwright\build\x64\soh\soh.dir\release\z_camera.obj
c:\users\cmonmeow\desktop\shipwright\build\x64\soh\soh.dir\release\z_effect_soft_sprite.obj
c:\users\cmonmeow\desktop\shipwright\build\x64\soh\soh.dir\release\z_fcurve_data_skelanime.obj
c:\users\cmonmeow\desktop\shipwright\build\x64\soh\soh.dir\release\z_rcp.obj
c:\users\cmonmeow\desktop\shipwright\build\x64\soh\soh.dir\release\z_viscvg.obj
c:\users\cmonmeow\desktop\shipwright\build\x64\soh\soh.dir\release\rotate.obj
c:\users\cmonmeow\desktop\shipwright\build\x64\soh\soh.dir\release\z_en_arrow.obj
c:\users\cmonmeow\desktop\shipwright\build\x64\soh\soh.dir\release\z_eff_ss_dust.obj
c:\users\cmonmeow\desktop\shipwright\build\x64\soh\soh.dir\release\z_eff_ss_g_splash.obj
c:\users\cmonmeow\desktop\shipwright\build\x64\soh\soh.dir\release\z_locale.obj
c:\users\cmonmeow\desktop\shipwright\build\x64\soh\soh.dir\release\audio_heap.obj
c:\users\cmonmeow\desktop\shipwright\build\x64\soh\soh.dir\release\code_800c3c20.obj
c:\users\cmonmeow\desktop\shipwright\build\x64\soh\soh.dir\release\code_801067f0.obj
c:\users\cmonmeow\desktop\shipwright\build\x64\soh\soh.dir\release\relocation.obj
c:\users\cmonmeow\desktop\shipwright\build\x64\soh\soh.dir\release\system_malloc.obj
c:\users\cmonmeow\desktop\shipwright\build\x64\soh\soh.dir\release\z_construct.obj
c:\users\cmonmeow\desktop\shipwright\build\x64\soh\soh.dir\release\z_effect_soft_sprite_dlftbls.obj
c:\users\cmonmeow\desktop\shipwright\build\x64\soh\soh.dir\release\z_room.obj
c:\users\cmonmeow\desktop\shipwright\build\x64\soh\soh.dir\release\z_view.obj
c:\users\cmonmeow\desktop\shipwright\build\x64\soh\soh.dir\release\ortho.obj
c:\users\cmonmeow\desktop\shipwright\build\x64\soh\soh.dir\release\zbuffer.obj
c:\users\cmonmeow\desktop\shipwright\build\x64\soh\soh.dir\release\audiomgr.obj
c:\users\cmonmeow\desktop\shipwright\build\x64\soh\soh.dir\release\code_8006c3a0.obj
c:\users\cmonmeow\desktop\shipwright\build\x64\soh\soh.dir\release\code_800fbce0.obj
c:\users\cmonmeow\desktop\shipwright\build\x64\soh\soh.dir\release\game.obj
c:\users\cmonmeow\desktop\shipwright\build\x64\soh\soh.dir\release\padsetup.obj
c:\users\cmonmeow\desktop\shipwright\build\x64\soh\soh.dir\release\sys_math3d.obj
c:\users\cmonmeow\desktop\shipwright\build\x64\soh\soh.dir\release\z_cheap_proc.obj
c:\users\cmonmeow\desktop\shipwright\build\x64\soh\soh.dir\release\z_draw.obj
c:\users\cmonmeow\desktop\shipwright\build\x64\soh\soh.dir\release\z_kankyo.obj
c:\users\cmonmeow\desktop\shipwright\build\x64\soh\soh.dir\release\z_parameter.obj
c:\users\cmonmeow\desktop\shipwright\build\x64\soh\soh.dir\release\guposition.obj
c:\users\cmonmeow\desktop\shipwright\build\x64\soh\soh.dir\release\z_eff_ss_g_ripple.obj
c:\users\cmonmeow\desktop\shipwright\build\x64\soh\soh.dir\release\z_eff_ss_sibuki2.obj
c:\users\cmonmeow\desktop\shipwright\build\x64\soh\soh.dir\release\z_std_dma.obj
c:\users\cmonmeow\desktop\shipwright\build\x64\soh\soh.dir\release\audio_sound_params.obj
c:\users\cmonmeow\desktop\shipwright\build\x64\soh\soh.dir\release\code_800e4fe0.obj
c:\users\cmonmeow\desktop\shipwright\build\x64\soh\soh.dir\release\logseverity.obj
c:\users\cmonmeow\desktop\shipwright\build\x64\soh\soh.dir\release\speed_meter.obj
c:\users\cmonmeow\desktop\shipwright\build\x64\soh\soh.dir\release\z_dlf.obj
c:\users\cmonmeow\desktop\shipwright\build\x64\soh\soh.dir\release\z_debug.obj
c:\users\cmonmeow\desktop\shipwright\build\x64\soh\soh.dir\release\z_effect_soft_sprite_old_init.obj
c:\users\cmonmeow\desktop\shipwright\build\x64\soh\soh.dir\release\z_game_dlftbls.obj
c:\users\cmonmeow\desktop\shipwright\build\x64\soh\soh.dir\release\z_lib.obj
c:\users\cmonmeow\desktop\shipwright\build\x64\soh\soh.dir\release\z_olib.obj
c:\users\cmonmeow\desktop\shipwright\build\x64\soh\soh.dir\release\z_quake.obj
c:\users\cmonmeow\desktop\shipwright\build\x64\soh\soh.dir\release\gulookathilite.obj
c:\users\cmonmeow\desktop\shipwright\build\x64\soh\soh.dir\release\z_eff_ss_hitmark.obj
c:\users\cmonmeow\desktop\shipwright\build\x64\soh\soh.dir\release\idle.obj
c:\users\cmonmeow\desktop\shipwright\build\x64\soh\soh.dir\release\audio_init_params.obj
c:\users\cmonmeow\desktop\shipwright\build\x64\soh\soh.dir\release\code_800bb0a0.obj
c:\users\cmonmeow\desktop\shipwright\build\x64\soh\soh.dir\release\code_800fd970.obj
c:\users\cmonmeow\desktop\shipwright\build\x64\soh\soh.dir\release\irqmgr.obj
c:\users\cmonmeow\desktop\shipwright\build\x64\soh\soh.dir\release\padutils.obj
c:\users\cmonmeow\desktop\shipwright\build\x64\soh\soh.dir\release\sys_matrix.obj
c:\users\cmonmeow\desktop\shipwright\build\x64\soh\soh.dir\release\z_collision_btltbls.obj
c:\users\cmonmeow\desktop\shipwright\build\x64\soh\soh.dir\release\z_frame_advance.obj
c:\users\cmonmeow\desktop\shipwright\build\x64\soh\soh.dir\release\z_scene.obj
c:\users\cmonmeow\desktop\shipwright\build\x64\soh\soh.dir\release\z_vismono.obj
c:\users\cmonmeow\desktop\shipwright\build\x64\soh\soh.dir\release\sintable.obj
c:\users\cmonmeow\desktop\shipwright\build\x64\soh\soh.dir\release\z_player.obj
c:\users\cmonmeow\desktop\shipwright\build\x64\soh\soh.dir\release\z_eff_ss_sibuki.obj
c:\users\cmonmeow\desktop\shipwright\build\x64\soh\soh.dir\release\pathenginemultiplayerui.obj
c:\users\cmonmeow\desktop\shipwright\build\x64\soh\soh.dir\release\z_message_stub.obj
c:\users\cmonmeow\desktop\shipwright\build\x64\soh\soh.dir\release\z_player_action.obj
c:\users\cmonmeow\desktop\shipwright\build\x64\soh\soh.dir\release\otrglobals.obj
c:\users\cmonmeow\desktop\shipwright\build\x64\soh\cmakefiles\generate.stamp
c:\users\cmonmeow\desktop\shipwright\x64\release\soh.exe
c:\users\cmonmeow\desktop\shipwright\x64\release\soh.pdb
c:\users\cmonmeow\desktop\shipwright\build\x64\soh\soh.dir\release\resource.res
c:\users\cmonmeow\desktop\shipwright\build\x64\soh\soh.dir\release\soh.ipdb
c:\users\cmonmeow\desktop\shipwright\build\x64\soh\soh.dir\release\soh.iobj
c:\users\cmonmeow\desktop\shipwright\build\x64\soh\soh.dir\release\a11ynoscreenflashforfinishingblow.obj
c:\users\cmonmeow\desktop\shipwright\build\x64\soh\soh.dir\release\actormaximumhealth.obj
c:\users\cmonmeow\desktop\shipwright\build\x64\soh\soh.dir\release\actorviewer.obj
c:\users\cmonmeow\desktop\shipwright\build\x64\soh\soh.dir\release\additionalreticles.obj
c:\users\cmonmeow\desktop\shipwright\build\x64\soh\soh.dir\release\agedependentequipment.obj
c:\users\cmonmeow\desktop\shipwright\build\x64\soh\soh.dir\release\allclientstate.obj
c:\users\cmonmeow\desktop\shipwright\build\x64\soh\soh.dir\release\alwayswingoronpot.obj
c:\users\cmonmeow\desktop\shipwright\build\x64\soh\soh.dir\release\ammo.obj
c:\users\cmonmeow\desktop\shipwright\build\x64\soh\soh.dir\release\anchor.obj
c:\users\cmonmeow\desktop\shipwright\build\x64\soh\soh.dir\release\anchorroomwindow.obj
c:\users\cmonmeow\desktop\shipwright\build\x64\soh\soh.dir\release\arrowcycle.obj
c:\users\cmonmeow\desktop\shipwright\build\x64\soh\soh.dir\release\assignabletunicsandboots.obj
c:\users\cmonmeow\desktop\shipwright\build\x64\soh\soh.dir\release\audiocollection.obj
c:\users\cmonmeow\desktop\shipwright\build\x64\soh\soh.dir\release\audioeditor.obj
c:\users\cmonmeow\desktop\shipwright\build\x64\soh\soh.dir\release\audiohooks.obj
c:\users\cmonmeow\desktop\shipwright\build\x64\soh\soh.dir\release\authenticgfxpatches.obj
c:\users\cmonmeow\desktop\shipwright\build\x64\soh\soh.dir\release\autosave.obj
c:\users\cmonmeow\desktop\shipwright\build\x64\soh\soh.dir\release\betterbombchushopping.obj
c:\users\cmonmeow\desktop\shipwright\build\x64\soh\soh.dir\release\bigpoes.obj
c:\users\cmonmeow\desktop\shipwright\build\x64\soh\soh.dir\release\bombchus.obj
c:\users\cmonmeow\desktop\shipwright\build\x64\soh\soh.dir\release\bonkdamage.obj
c:\users\cmonmeow\desktop\shipwright\build\x64\soh\soh.dir\release\bootcommands.obj
c:\users\cmonmeow\desktop\shipwright\build\x64\soh\soh.dir\release\bossdefeattimestamps.obj
c:\users\cmonmeow\desktop\shipwright\build\x64\soh\soh.dir\release\bossrush.obj
c:\users\cmonmeow\desktop\shipwright\build\x64\soh\soh.dir\release\bottleadventure.obj
c:\users\cmonmeow\desktop\shipwright\build\x64\soh\soh.dir\release\bottom_of_the_well.obj
c:\users\cmonmeow\desktop\shipwright\build\x64\soh\soh.dir\release\bounceoffwalls.obj
c:\users\cmonmeow\desktop\shipwright\build\x64\soh\soh.dir\release\brokengiantsknife.obj
c:\users\cmonmeow\desktop\shipwright\build\x64\soh\soh.dir\release\castle_grounds.obj
c:\users\cmonmeow\desktop\shipwright\build\x64\soh\soh.dir\release\coloredmapsandcompasses.obj
c:\users\cmonmeow\desktop\shipwright\build\x64\soh\soh.dir\release\configupdaters.obj
c:\users\cmonmeow\desktop\shipwright\build\x64\soh\soh.dir\release\cosmeticseditor.obj
c:\users\cmonmeow\desktop\shipwright\build\x64\soh\soh.dir\release\crawlspeed.obj
c:\users\cmonmeow\desktop\shipwright\build\x64\soh\soh.dir\release\crowdcontrol.obj
c:\users\cmonmeow\desktop\shipwright\build\x64\soh\soh.dir\release\cuccostoreturn.obj
c:\users\cmonmeow\desktop\shipwright\build\x64\soh\soh.dir\release\customequipment.obj
c:\users\cmonmeow\desktop\shipwright\build\x64\soh\soh.dir\release\customlogotitle.obj
c:\users\cmonmeow\desktop\shipwright\build\x64\soh\soh.dir\release\custommessagemanager.obj
c:\users\cmonmeow\desktop\shipwright\build\x64\soh\soh.dir\release\customskeletons.obj
c:\users\cmonmeow\desktop\shipwright\build\x64\soh\soh.dir\release\custom_messages.obj
c:\users\cmonmeow\desktop\shipwright\build\x64\soh\soh.dir\release\cutscene.obj
c:\users\cmonmeow\desktop\shipwright\build\x64\soh\soh.dir\release\cutscenefactory.obj
c:\users\cmonmeow\desktop\shipwright\build\x64\soh\soh.dir\release\damageplayer.obj
c:\users\cmonmeow\desktop\shipwright\build\x64\soh\soh.dir\release\dampeallnight.obj
c:\users\cmonmeow\desktop\shipwright\build\x64\soh\soh.dir\release\dampefire.obj
c:\users\cmonmeow\desktop\shipwright\build\x64\soh\soh.dir\release\daytimegs.obj
c:\users\cmonmeow\desktop\shipwright\build\x64\soh\soh.dir\release\db_camera.obj
c:\users\cmonmeow\desktop\shipwright\build\x64\soh\soh.dir\release\death_mountain_crater.obj
c:\users\cmonmeow\desktop\shipwright\build\x64\soh\soh.dir\release\death_mountain_trail.obj
c:\users\cmonmeow\desktop\shipwright\build\x64\soh\soh.dir\release\debugconsole.obj
c:\users\cmonmeow\desktop\shipwright\build\x64\soh\soh.dir\release\debugsaveeditor.obj
c:\users\cmonmeow\desktop\shipwright\build\x64\soh\soh.dir\release\dekunutupgradefix.obj
c:\users\cmonmeow\desktop\shipwright\build\x64\soh\soh.dir\release\dekustick.obj
c:\users\cmonmeow\desktop\shipwright\build\x64\soh\soh.dir\release\deku_tree.obj
c:\users\cmonmeow\desktop\shipwright\build\x64\soh\soh.dir\release\desert_colossus.obj
c:\users\cmonmeow\desktop\shipwright\build\x64\soh\soh.dir\release\dirtpathfix.obj
c:\users\cmonmeow\desktop\shipwright\build\x64\soh\soh.dir\release\disable2dbackgrounds.obj
c:\users\cmonmeow\desktop\shipwright\build\x64\soh\soh.dir\release\disableanchor.obj
c:\users\cmonmeow\desktop\shipwright\build\x64\soh\soh.dir\release\disablefixedcamera.obj
c:\users\cmonmeow\desktop\shipwright\build\x64\soh\soh.dir\release\disablejabuwobble.obj
c:\users\cmonmeow\desktop\shipwright\build\x64\soh\soh.dir\release\disablekokiridrawdistance.obj
c:\users\cmonmeow\desktop\shipwright\build\x64\soh\soh.dir\release\disablelinkspinwithgoronpot.obj
c:\users\cmonmeow\desktop\shipwright\build\x64\soh\soh.dir\release\disablesandstorm.obj
c:\users\cmonmeow\desktop\shipwright\build\x64\soh\soh.dir\release\dlviewer.obj
c:\users\cmonmeow\desktop\shipwright\build\x64\soh\soh.dir\release\dodongos_cavern.obj
c:\users\cmonmeow\desktop\shipwright\build\x64\soh\soh.dir\release\draw.obj
c:\users\cmonmeow\desktop\shipwright\build\x64\soh\soh.dir\release\dummyplayer.obj
c:\users\cmonmeow\desktop\shipwright\build\x64\soh\soh.dir\release\dungeon.obj
c:\users\cmonmeow\desktop\shipwright\build\x64\soh\soh.dir\release\easyframeadvance.obj
c:\users\cmonmeow\desktop\shipwright\build\x64\soh\soh.dir\release\easyisg.obj
c:\users\cmonmeow\desktop\shipwright\build\x64\soh\soh.dir\release\easyqpa.obj
c:\users\cmonmeow\desktop\shipwright\build\x64\soh\soh.dir\release\enemybgmdisable.obj
c:\users\cmonmeow\desktop\shipwright\build\x64\soh\soh.dir\release\enemydefeatcounts.obj
c:\users\cmonmeow\desktop\shipwright\build\x64\soh\soh.dir\release\enemyrandomizer.obj
c:\users\cmonmeow\desktop\shipwright\build\x64\soh\soh.dir\release\entrance.obj
c:\users\cmonmeow\desktop\shipwright\build\x64\soh\soh.dir\release\entrancediscovered.obj
c:\users\cmonmeow\desktop\shipwright\build\x64\soh\soh.dir\release\entrancehints.obj
c:\users\cmonmeow\desktop\shipwright\build\x64\soh\soh.dir\release\extract.obj
c:\users\cmonmeow\desktop\shipwright\build\x64\soh\soh.dir\release\extratraps.obj
c:\users\cmonmeow\desktop\shipwright\build\x64\soh\soh.dir\release\fastcrc32c.obj
c:\users\cmonmeow\desktop\shipwright\build\x64\soh\soh.dir\release\fasterbeanskulltula.obj
c:\users\cmonmeow\desktop\shipwright\build\x64\soh\soh.dir\release\fasterbottleempty.obj
c:\users\cmonmeow\desktop\shipwright\build\x64\soh\soh.dir\release\fasterheavyblocklift.obj
c:\users\cmonmeow\desktop\shipwright\build\x64\soh\soh.dir\release\fasterpausemenu.obj
c:\users\cmonmeow\desktop\shipwright\build\x64\soh\soh.dir\release\fasterrupeeaccumulator.obj
c:\users\cmonmeow\desktop\shipwright\build\x64\soh\soh.dir\release\fastershadowship.obj
c:\users\cmonmeow\desktop\shipwright\build\x64\soh\soh.dir\release\fileselectenhancements.obj
c:\users\cmonmeow\desktop\shipwright\build\x64\soh\soh.dir\release\fileselectmoreinfo.obj
c:\users\cmonmeow\desktop\shipwright\build\x64\soh\soh.dir\release\fill.obj
c:\users\cmonmeow\desktop\shipwright\build\x64\soh\soh.dir\release\fire_temple.obj
c:\users\cmonmeow\desktop\shipwright\build\x64\soh\soh.dir\release\fishsanity.obj
c:\users\cmonmeow\desktop\shipwright\build\x64\soh\soh.dir\release\fixkokiriforestqueststate.obj
c:\users\cmonmeow\desktop\shipwright\build\x64\soh\soh.dir\release\fixtwohandedidleanim.obj
c:\users\cmonmeow\desktop\shipwright\build\x64\soh\soh.dir\release\flg_set.obj
c:\users\cmonmeow\desktop\shipwright\build\x64\soh\soh.dir\release\floorswitches.obj
c:\users\cmonmeow\desktop\shipwright\build\x64\soh\soh.dir\release\forest_temple.obj
c:\users\cmonmeow\desktop\shipwright\build\x64\soh\soh.dir\release\freezetime.obj
c:\users\cmonmeow\desktop\shipwright\build\x64\soh\soh.dir\release\gamecomplete.obj
c:\users\cmonmeow\desktop\shipwright\build\x64\soh\soh.dir\release\gameconsole.obj
c:\users\cmonmeow\desktop\shipwright\build\x64\soh\soh.dir\release\gameinteractioneffect.obj
c:\users\cmonmeow\desktop\shipwright\build\x64\soh\soh.dir\release\gameinteractor.obj
c:\users\cmonmeow\desktop\shipwright\build\x64\soh\soh.dir\release\gameinteractor_hooks.obj
c:\users\cmonmeow\desktop\shipwright\build\x64\soh\soh.dir\release\gameinteractor_rawaction.obj
c:\users\cmonmeow\desktop\shipwright\build\x64\soh\soh.dir\release\gameinteractor_state.obj
c:\users\cmonmeow\desktop\shipwright\build\x64\soh\soh.dir\release\gameplaystats.obj
c:\users\cmonmeow\desktop\shipwright\build\x64\soh\soh.dir\release\ganons_castle.obj
c:\users\cmonmeow\desktop\shipwright\build\x64\soh\soh.dir\release\gerudo_fortress.obj
c:\users\cmonmeow\desktop\shipwright\build\x64\soh\soh.dir\release\gerudo_training_ground.obj
c:\users\cmonmeow\desktop\shipwright\build\x64\soh\soh.dir\release\gerudo_valley.obj
c:\users\cmonmeow\desktop\shipwright\build\x64\soh\soh.dir\release\giveitem.obj
c:\users\cmonmeow\desktop\shipwright\build\x64\soh\soh.dir\release\goron.obj
c:\users\cmonmeow\desktop\shipwright\build\x64\soh\soh.dir\release\goroncitydoorfix.obj
c:\users\cmonmeow\desktop\shipwright\build\x64\soh\soh.dir\release\goron_city.obj
c:\users\cmonmeow\desktop\shipwright\build\x64\soh\soh.dir\release\gossipstonehints.obj
c:\users\cmonmeow\desktop\shipwright\build\x64\soh\soh.dir\release\graveholejumps.obj
c:\users\cmonmeow\desktop\shipwright\build\x64\soh\soh.dir\release\graveyard.obj
c:\users\cmonmeow\desktop\shipwright\build\x64\soh\soh.dir\release\gstargetable.obj
c:\users\cmonmeow\desktop\shipwright\build\x64\soh\soh.dir\release\hammerhandfix.obj
c:\users\cmonmeow\desktop\shipwright\build\x64\soh\soh.dir\release\handshake.obj
c:\users\cmonmeow\desktop\shipwright\build\x64\soh\soh.dir\release\haunted_wasteland.obj
c:\users\cmonmeow\desktop\shipwright\build\x64\soh\soh.dir\release\health.obj
c:\users\cmonmeow\desktop\shipwright\build\x64\soh\soh.dir\release\hint.obj
c:\users\cmonmeow\desktop\shipwright\build\x64\soh\soh.dir\release\hints.obj
c:\users\cmonmeow\desktop\shipwright\build\x64\soh\soh.dir\release\hint_list.obj
c:\users\cmonmeow\desktop\shipwright\build\x64\soh\soh.dir\release\hint_list_exclude_dungeon.obj
c:\users\cmonmeow\desktop\shipwright\build\x64\soh\soh.dir\release\hint_list_exclude_overworld.obj
c:\users\cmonmeow\desktop\shipwright\build\x64\soh\soh.dir\release\hint_list_item.obj
c:\users\cmonmeow\desktop\shipwright\build\x64\soh\soh.dir\release\hookdebugger.obj
c:\users\cmonmeow\desktop\shipwright\build\x64\soh\soh.dir\release\hookhandlers.obj
c:\users\cmonmeow\desktop\shipwright\build\x64\soh\soh.dir\release\hookshotreticle.obj
c:\users\cmonmeow\desktop\shipwright\build\x64\soh\soh.dir\release\hook_handlers.obj
c:\users\cmonmeow\desktop\shipwright\build\x64\soh\soh.dir\release\hurtcontainer.obj
c:\users\cmonmeow\desktop\shipwright\build\x64\soh\soh.dir\release\hyperenemies.obj
c:\users\cmonmeow\desktop\shipwright\build\x64\soh\soh.dir\release\hyrule_field.obj
c:\users\cmonmeow\desktop\shipwright\build\x64\soh\soh.dir\release\ice_cavern.obj
c:\users\cmonmeow\desktop\shipwright\build\x64\soh\soh.dir\release\imguiutils.obj
c:\users\cmonmeow\desktop\shipwright\build\x64\soh\soh.dir\release\injectitemcounts.obj
c:\users\cmonmeow\desktop\shipwright\build\x64\soh\soh.dir\release\inputviewer.obj
c:\users\cmonmeow\desktop\shipwright\build\x64\soh\soh.dir\release\is_debug.obj
c:\users\cmonmeow\desktop\shipwright\build\x64\soh\soh.dir\release\item.obj
c:\users\cmonmeow\desktop\shipwright\build\x64\soh\soh.dir\release\itemmessages.obj
c:\users\cmonmeow\desktop\shipwright\build\x64\soh\soh.dir\release\itemtablemanager.obj
c:\users\cmonmeow\desktop\shipwright\build\x64\soh\soh.dir\release\itemunequip.obj
c:\users\cmonmeow\desktop\shipwright\build\x64\soh\soh.dir\release\item_category_adj.obj
c:\users\cmonmeow\desktop\shipwright\build\x64\soh\soh.dir\release\item_list.obj
c:\users\cmonmeow\desktop\shipwright\build\x64\soh\soh.dir\release\item_location.obj
c:\users\cmonmeow\desktop\shipwright\build\x64\soh\soh.dir\release\item_override.obj
c:\users\cmonmeow\desktop\shipwright\build\x64\soh\soh.dir\release\item_pool.obj
c:\users\cmonmeow\desktop\shipwright\build\x64\soh\soh.dir\release\jabujabus_belly.obj
c:\users\cmonmeow\desktop\shipwright\build\x64\soh\soh.dir\release\jpegdecoder.obj
c:\users\cmonmeow\desktop\shipwright\build\x64\soh\soh.dir\release\jpegutils.obj
c:\users\cmonmeow\desktop\shipwright\build\x64\soh\soh.dir\release\kakariko.obj
c:\users\cmonmeow\desktop\shipwright\build\x64\soh\soh.dir\release\kaleido.obj
c:\users\cmonmeow\desktop\shipwright\build\x64\soh\soh.dir\release\kokiri_forest.obj
c:\users\cmonmeow\desktop\shipwright\build\x64\soh\soh.dir\release\lake_hylia.obj
c:\users\cmonmeow\desktop\shipwright\build\x64\soh\soh.dir\release\leeverenemybgm.obj
c:\users\cmonmeow\desktop\shipwright\build\x64\soh\soh.dir\release\location.obj
c:\users\cmonmeow\desktop\shipwright\build\x64\soh\soh.dir\release\location_access.obj
c:\users\cmonmeow\desktop\shipwright\build\x64\soh\soh.dir\release\location_list.obj
c:\users\cmonmeow\desktop\shipwright\build\x64\soh\soh.dir\release\lockoverworlddoors.obj
c:\users\cmonmeow\desktop\shipwright\build\x64\soh\soh.dir\release\logic.obj
c:\users\cmonmeow\desktop\shipwright\build\x64\soh\soh.dir\release\lon_lon_ranch.obj
c:\users\cmonmeow\desktop\shipwright\build\x64\soh\soh.dir\release\lost_woods.obj
c:\users\cmonmeow\desktop\shipwright\build\x64\soh\soh.dir\release\magic.obj
c:\users\cmonmeow\desktop\shipwright\build\x64\soh\soh.dir\release\market.obj
c:\users\cmonmeow\desktop\shipwright\build\x64\soh\soh.dir\release\marketsneak.obj
c:\users\cmonmeow\desktop\shipwright\build\x64\soh\soh.dir\release\maskselect.obj
c:\users\cmonmeow\desktop\shipwright\build\x64\soh\soh.dir\release\medallionlockedtrials.obj
c:\users\cmonmeow\desktop\shipwright\build\x64\soh\soh.dir\release\mempak.obj
c:\users\cmonmeow\desktop\shipwright\build\x64\soh\soh.dir\release\menu.obj
c:\users\cmonmeow\desktop\shipwright\build\x64\soh\soh.dir\release\merchantmessages.obj
c:\users\cmonmeow\desktop\shipwright\build\x64\soh\soh.dir\release\messageviewer.obj
c:\users\cmonmeow\desktop\shipwright\build\x64\soh\soh.dir\release\mirroredworld.obj
c:\users\cmonmeow\desktop\shipwright\build\x64\soh\soh.dir\release\miscellaneous.obj
c:\users\cmonmeow\desktop\shipwright\build\x64\soh\soh.dir\release\mods.obj
c:\users\cmonmeow\desktop\shipwright\build\x64\soh\soh.dir\release\mod_menu.obj
c:\users\cmonmeow\desktop\shipwright\build\x64\soh\soh.dir\release\money.obj
c:\users\cmonmeow\desktop\shipwright\build\x64\soh\soh.dir\release\moonjump.obj
c:\users\cmonmeow\desktop\shipwright\build\x64\soh\soh.dir\release\mouse.obj
c:\users\cmonmeow\desktop\shipwright\build\x64\soh\soh.dir\release\movejabujabuelevator.obj
c:\users\cmonmeow\desktop\shipwright\build\x64\soh\soh.dir\release\movemidoinkokiriforest.obj
c:\users\cmonmeow\desktop\shipwright\build\x64\soh\soh.dir\release\n64weirdframes.obj
c:\users\cmonmeow\desktop\shipwright\build\x64\soh\soh.dir\release\nametag.obj
c:\users\cmonmeow\desktop\shipwright\build\x64\soh\soh.dir\release\navi.obj
c:\users\cmonmeow\desktop\shipwright\build\x64\soh\soh.dir\release\nayruslove.obj
c:\users\cmonmeow\desktop\shipwright\build\x64\soh\soh.dir\release\network.obj
c:\users\cmonmeow\desktop\shipwright\build\x64\soh\soh.dir\release\nokeeseguaytarget.obj
c:\users\cmonmeow\desktop\shipwright\build\x64\soh\soh.dir\release\nomastersword.obj
c:\users\cmonmeow\desktop\shipwright\build\x64\soh\soh.dir\release\noredeadfreeze.obj
c:\users\cmonmeow\desktop\shipwright\build\x64\soh\soh.dir\release\noskulltulafreeze.obj
c:\users\cmonmeow\desktop\shipwright\build\x64\soh\soh.dir\release\notification.obj
c:\users\cmonmeow\desktop\shipwright\build\x64\soh\soh.dir\release\ocarinasfx.obj
c:\users\cmonmeow\desktop\shipwright\build\x64\soh\soh.dir\release\openallhours.obj
c:\users\cmonmeow\desktop\shipwright\build\x64\soh\soh.dir\release\option.obj
c:\users\cmonmeow\desktop\shipwright\build\x64\soh\soh.dir\release\option_descriptions.obj
c:\users\cmonmeow\desktop\shipwright\build\x64\soh\soh.dir\release\pathlogger.obj
c:\users\cmonmeow\desktop\shipwright\build\x64\soh\soh.dir\release\pausebufferinputs.obj
c:\users\cmonmeow\desktop\shipwright\build\x64\soh\soh.dir\release\pausewarp.obj
c:\users\cmonmeow\desktop\shipwright\build\x64\soh\soh.dir\release\performancetimer.obj
c:\users\cmonmeow\desktop\shipwright\build\x64\soh\soh.dir\release\permanentlosses.obj
c:\users\cmonmeow\desktop\shipwright\build\x64\soh\soh.dir\release\plandomizer.obj
c:\users\cmonmeow\desktop\shipwright\build\x64\soh\soh.dir\release\playersfx.obj
c:\users\cmonmeow\desktop\shipwright\build\x64\soh\soh.dir\release\playerupdate.obj
c:\users\cmonmeow\desktop\shipwright\build\x64\soh\soh.dir\release\playthrough.obj
c:\users\cmonmeow\desktop\shipwright\build\x64\soh\soh.dir\release\prerender.obj
c:\users\cmonmeow\desktop\shipwright\build\x64\soh\soh.dir\release\presets.obj
c:\users\cmonmeow\desktop\shipwright\build\x64\soh\soh.dir\release\quitfishingatdoor.obj
c:\users\cmonmeow\desktop\shipwright\build\x64\soh\soh.dir\release\random.obj
c:\users\cmonmeow\desktop\shipwright\build\x64\soh\soh.dir\release\randomizedenemysizes.obj
c:\users\cmonmeow\desktop\shipwright\build\x64\soh\soh.dir\release\randomizer.obj
c:\users\cmonmeow\desktop\shipwright\build\x64\soh\soh.dir\release\randomizerenumstrings.obj
c:\users\cmonmeow\desktop\shipwright\build\x64\soh\soh.dir\release\randomizer_check_objects.obj
c:\users\cmonmeow\desktop\shipwright\build\x64\soh\soh.dir\release\randomizer_check_tracker.obj
c:\users\cmonmeow\desktop\shipwright\build\x64\soh\soh.dir\release\randomizer_entrance.obj
c:\users\cmonmeow\desktop\shipwright\build\x64\soh\soh.dir\release\randomizer_entrance_tracker.obj
c:\users\cmonmeow\desktop\shipwright\build\x64\soh\soh.dir\release\randomizer_grotto.obj
c:\users\cmonmeow\desktop\shipwright\build\x64\soh\soh.dir\release\randomizer_item_tracker.obj
c:\users\cmonmeow\desktop\shipwright\build\x64\soh\soh.dir\release\rando_main.obj
c:\users\cmonmeow\desktop\shipwright\build\x64\soh\soh.dir\release\rebottlebluefire.obj
c:\users\cmonmeow\desktop\shipwright\build\x64\soh\soh.dir\release\remotebombchu.obj
c:\users\cmonmeow\desktop\shipwright\build\x64\soh\soh.dir\release\removespinattackdarkness.obj
c:\users\cmonmeow\desktop\shipwright\build\x64\soh\soh.dir\release\requestteamstate.obj
c:\users\cmonmeow\desktop\shipwright\build\x64\soh\soh.dir\release\requestteleport.obj
c:\users\cmonmeow\desktop\shipwright\build\x64\soh\soh.dir\release\resetgameplayframes.obj
c:\users\cmonmeow\desktop\shipwright\build\x64\soh\soh.dir\release\resethotkey.obj
c:\users\cmonmeow\desktop\shipwright\build\x64\soh\soh.dir\release\resetnavitimer.obj
c:\users\cmonmeow\desktop\shipwright\build\x64\soh\soh.dir\release\resolutioneditor.obj
c:\users\cmonmeow\desktop\shipwright\build\x64\soh\soh.dir\release\reworkedtargeting.obj
c:\users\cmonmeow\desktop\shipwright\build\x64\soh\soh.dir\release\rocsfeather.obj
c:\users\cmonmeow\desktop\shipwright\build\x64\soh\soh.dir\release\rocsfeathercycle.obj
c:\users\cmonmeow\desktop\shipwright\build\x64\soh\soh.dir\release\root.obj
c:\users\cmonmeow\desktop\shipwright\build\x64\soh\soh.dir\release\rupeedash.obj
c:\users\cmonmeow\desktop\shipwright\build\x64\soh\soh.dir\release\rupees.obj
c:\users\cmonmeow\desktop\shipwright\build\x64\soh\soh.dir\release\sacred_forest_meadow.obj
c:\users\cmonmeow\desktop\shipwright\build\x64\soh\soh.dir\release\sail.obj
c:\users\cmonmeow\desktop\shipwright\build\x64\soh\soh.dir\release\sapispeechsynthesizer.obj
c:\users\cmonmeow\desktop\shipwright\build\x64\soh\soh.dir\release\savefile.obj
c:\users\cmonmeow\desktop\shipwright\build\x64\soh\soh.dir\release\savemanager.obj
c:\users\cmonmeow\desktop\shipwright\build\x64\soh\soh.dir\release\savestates.obj
c:\users\cmonmeow\desktop\shipwright\build\x64\soh\soh.dir\release\scenecommandloggers.obj
c:\users\cmonmeow\desktop\shipwright\build\x64\soh\soh.dir\release\seedcontext.obj
c:\users\cmonmeow\desktop\shipwright\build\x64\soh\soh.dir\release\servermessage.obj
c:\users\cmonmeow\desktop\shipwright\build\x64\soh\soh.dir\release\setactorlist.obj
c:\users\cmonmeow\desktop\shipwright\build\x64\soh\soh.dir\release\setactorlistfactory.obj
c:\users\cmonmeow\desktop\shipwright\build\x64\soh\soh.dir\release\setalternateheaders.obj
c:\users\cmonmeow\desktop\shipwright\build\x64\soh\soh.dir\release\setalternateheadersfactory.obj
c:\users\cmonmeow\desktop\shipwright\build\x64\soh\soh.dir\release\setcheckstatus.obj
c:\users\cmonmeow\desktop\shipwright\build\x64\soh\soh.dir\release\setcscamera.obj
c:\users\cmonmeow\desktop\shipwright\build\x64\soh\soh.dir\release\setcscamerafactory.obj
c:\users\cmonmeow\desktop\shipwright\build\x64\soh\soh.dir\release\setcutscenes.obj
c:\users\cmonmeow\desktop\shipwright\build\x64\soh\soh.dir\release\setcutscenesfactory.obj
c:\users\cmonmeow\desktop\shipwright\build\x64\soh\soh.dir\release\setexitlist.obj
c:\users\cmonmeow\desktop\shipwright\build\x64\soh\soh.dir\release\setexitlistfactory.obj
c:\users\cmonmeow\desktop\shipwright\build\x64\soh\soh.dir\release\setflag.obj
c:\users\cmonmeow\desktop\shipwright\build\x64\soh\soh.dir\release\setlightlist.obj
c:\users\cmonmeow\desktop\shipwright\build\x64\soh\soh.dir\release\setlightlistfactory.obj
c:\users\cmonmeow\desktop\shipwright\build\x64\soh\soh.dir\release\setobjectlist.obj
c:\users\cmonmeow\desktop\shipwright\build\x64\soh\soh.dir\release\setobjectlistfactory.obj
c:\users\cmonmeow\desktop\shipwright\build\x64\soh\soh.dir\release\setpathways.obj
c:\users\cmonmeow\desktop\shipwright\build\x64\soh\soh.dir\release\setpathwaysfactory.obj
c:\users\cmonmeow\desktop\shipwright\build\x64\soh\soh.dir\release\settings.obj
c:\users\cmonmeow\desktop\shipwright\build\x64\soh\soh.dir\release\settransitionactorlist.obj
c:\users\cmonmeow\desktop\shipwright\build\x64\soh\soh.dir\release\settransitionactorlistfactory.obj
c:\users\cmonmeow\desktop\shipwright\build\x64\soh\soh.dir\release\setwindsettings.obj
c:\users\cmonmeow\desktop\shipwright\build\x64\soh\soh.dir\release\setwindsettingsfactory.obj
c:\users\cmonmeow\desktop\shipwright\build\x64\soh\soh.dir\release\shadowtag.obj
c:\users\cmonmeow\desktop\shipwright\build\x64\soh\soh.dir\release\shadow_temple.obj
c:\users\cmonmeow\desktop\shipwright\build\x64\soh\soh.dir\release\shops.obj
c:\users\cmonmeow\desktop\shipwright\build\x64\soh\soh.dir\release\shufflebeehives.obj
c:\users\cmonmeow\desktop\shipwright\build\x64\soh\soh.dir\release\shufflecows.obj
c:\users\cmonmeow\desktop\shipwright\build\x64\soh\soh.dir\release\shufflecrates.obj
c:\users\cmonmeow\desktop\shipwright\build\x64\soh\soh.dir\release\shufflefairies.obj
c:\users\cmonmeow\desktop\shipwright\build\x64\soh\soh.dir\release\shufflefreestanding.obj
c:\users\cmonmeow\desktop\shipwright\build\x64\soh\soh.dir\release\shufflegrass.obj
c:\users\cmonmeow\desktop\shipwright\build\x64\soh\soh.dir\release\shufflepots.obj
c:\users\cmonmeow\desktop\shipwright\build\x64\soh\soh.dir\release\shufflesongs.obj
c:\users\cmonmeow\desktop\shipwright\build\x64\soh\soh.dir\release\shufflespeak.obj
c:\users\cmonmeow\desktop\shipwright\build\x64\soh\soh.dir\release\shuffletradeitems.obj
c:\users\cmonmeow\desktop\shipwright\build\x64\soh\soh.dir\release\shuffletrees.obj
c:\users\cmonmeow\desktop\shipwright\build\x64\soh\soh.dir\release\skipamypuzzle.obj
c:\users\cmonmeow\desktop\shipwright\build\x64\soh\soh.dir\release\skipbluewarp.obj
c:\users\cmonmeow\desktop\shipwright\build\x64\soh\soh.dir\release\skipchildrutointeractions.obj
c:\users\cmonmeow\desktop\shipwright\build\x64\soh\soh.dir\release\skipdekutreeintro.obj
c:\users\cmonmeow\desktop\shipwright\build\x64\soh\soh.dir\release\skipintro.obj
c:\users\cmonmeow\desktop\shipwright\build\x64\soh\soh.dir\release\skiplostwoodsbridge.obj
c:\users\cmonmeow\desktop\shipwright\build\x64\soh\soh.dir\release\skipowltravel.obj
c:\users\cmonmeow\desktop\shipwright\build\x64\soh\soh.dir\release\skiptogivingzeldasletter.obj
c:\users\cmonmeow\desktop\shipwright\build\x64\soh\soh.dir\release\skipwatergatedelay.obj
c:\users\cmonmeow\desktop\shipwright\build\x64\soh\soh.dir\release\skipzeldafleeingcastle.obj
c:\users\cmonmeow\desktop\shipwright\build\x64\soh\soh.dir\release\sohconsolewindow.obj
c:\users\cmonmeow\desktop\shipwright\build\x64\soh\soh.dir\release\sohgfxdebuggerwindow.obj
c:\users\cmonmeow\desktop\shipwright\build\x64\soh\soh.dir\release\sohgui.obj
c:\users\cmonmeow\desktop\shipwright\build\x64\soh\soh.dir\release\sohinputeditorwindow.obj
c:\users\cmonmeow\desktop\shipwright\build\x64\soh\soh.dir\release\sohmenu.obj
c:\users\cmonmeow\desktop\shipwright\build\x64\soh\soh.dir\release\sohmenudevtools.obj
c:\users\cmonmeow\desktop\shipwright\build\x64\soh\soh.dir\release\sohmenuenhancements.obj
c:\users\cmonmeow\desktop\shipwright\build\x64\soh\soh.dir\release\sohmenunetwork.obj
c:\users\cmonmeow\desktop\shipwright\build\x64\soh\soh.dir\release\sohmenurandomizer.obj
c:\users\cmonmeow\desktop\shipwright\build\x64\soh\soh.dir\release\sohmenusettings.obj
c:\users\cmonmeow\desktop\shipwright\build\x64\soh\soh.dir\release\sohmodals.obj
c:\users\cmonmeow\desktop\shipwright\build\x64\soh\soh.dir\release\sohstatswindow.obj
c:\users\cmonmeow\desktop\shipwright\build\x64\soh\soh.dir\release\speechlogger.obj
c:\users\cmonmeow\desktop\shipwright\build\x64\soh\soh.dir\release\speechsynthesizer.obj
c:\users\cmonmeow\desktop\shipwright\build\x64\soh\soh.dir\release\spirit_temple.obj
c:\users\cmonmeow\desktop\shipwright\build\x64\soh\soh.dir\release\spoiler_log.obj
c:\users\cmonmeow\desktop\shipwright\build\x64\soh\soh.dir\release\starting_inventory.obj
c:\users\cmonmeow\desktop\shipwright\build\x64\soh\soh.dir\release\statichints.obj
c:\users\cmonmeow\desktop\shipwright\build\x64\soh\soh.dir\release\static_data.obj
c:\users\cmonmeow\desktop\shipwright\build\x64\soh\soh.dir\release\sunlightarrows.obj
c:\users\cmonmeow\desktop\shipwright\build\x64\soh\soh.dir\release\switchtimermultiplier.obj
c:\users\cmonmeow\desktop\shipwright\build\x64\soh\soh.dir\release\teleportto.obj
c:\users\cmonmeow\desktop\shipwright\build\x64\soh\soh.dir\release\temple_of_time.obj
c:\users\cmonmeow\desktop\shipwright\build\x64\soh\soh.dir\release\thieves_hideout.obj
c:\users\cmonmeow\desktop\shipwright\build\x64\soh\soh.dir\release\timedisplay.obj
c:\users\cmonmeow\desktop\shipwright\build\x64\soh\soh.dir\release\timeflowfileselect.obj
c:\users\cmonmeow\desktop\shipwright\build\x64\soh\soh.dir\release\timesaver_hook_handlers.obj
c:\users\cmonmeow\desktop\shipwright\build\x64\soh\soh.dir\release\timesplits.obj
c:\users\cmonmeow\desktop\shipwright\build\x64\soh\soh.dir\release\totmedallions.obj
c:\users\cmonmeow\desktop\shipwright\build\x64\soh\soh.dir\release\traps.obj
c:\users\cmonmeow\desktop\shipwright\build\x64\soh\soh.dir\release\treesdropsticks.obj
c:\users\cmonmeow\desktop\shipwright\build\x64\soh\soh.dir\release\trial.obj
c:\users\cmonmeow\desktop\shipwright\build\x64\soh\soh.dir\release\tricks.obj
c:\users\cmonmeow\desktop\shipwright\build\x64\soh\soh.dir\release\tts.obj
c:\users\cmonmeow\desktop\shipwright\build\x64\soh\soh.dir\release\uiwidgets.obj
c:\users\cmonmeow\desktop\shipwright\build\x64\soh\soh.dir\release\unrestricteditems.obj
c:\users\cmonmeow\desktop\shipwright\build\x64\soh\soh.dir\release\unsetflag.obj
c:\users\cmonmeow\desktop\shipwright\build\x64\soh\soh.dir\release\unsheathewithoutslashing.obj
c:\users\cmonmeow\desktop\shipwright\build\x64\soh\soh.dir\release\updatebeanscount.obj
c:\users\cmonmeow\desktop\shipwright\build\x64\soh\soh.dir\release\updateclientstate.obj
c:\users\cmonmeow\desktop\shipwright\build\x64\soh\soh.dir\release\updatedungeonitems.obj
c:\users\cmonmeow\desktop\shipwright\build\x64\soh\soh.dir\release\updateroomstate.obj
c:\users\cmonmeow\desktop\shipwright\build\x64\soh\soh.dir\release\updateteamstate.obj
c:\users\cmonmeow\desktop\shipwright\build\x64\soh\soh.dir\release\valueviewer.obj
c:\users\cmonmeow\desktop\shipwright\build\x64\soh\soh.dir\release\visualagony.obj
c:\users\cmonmeow\desktop\shipwright\build\x64\soh\soh.dir\release\warping.obj
c:\users\cmonmeow\desktop\shipwright\build\x64\soh\soh.dir\release\water_temple.obj
c:\users\cmonmeow\desktop\shipwright\build\x64\soh\soh.dir\release\weirdanimation.obj
c:\users\cmonmeow\desktop\shipwright\build\x64\soh\soh.dir\release\wideshutterdoorranges.obj
c:\users\cmonmeow\desktop\shipwright\build\x64\soh\soh.dir\release\zoras_domain.obj
c:\users\cmonmeow\desktop\shipwright\build\x64\soh\soh.dir\release\zoras_fountain.obj
c:\users\cmonmeow\desktop\shipwright\build\x64\soh\soh.dir\release\zoras_river.obj
c:\users\cmonmeow\desktop\shipwright\build\x64\soh\soh.dir\release\z_arms_hook.obj
c:\users\cmonmeow\desktop\shipwright\build\x64\soh\soh.dir\release\z_arrow_fire.obj
c:\users\cmonmeow\desktop\shipwright\build\x64\soh\soh.dir\release\z_arrow_ice.obj
c:\users\cmonmeow\desktop\shipwright\build\x64\soh\soh.dir\release\z_arrow_light.obj
c:\users\cmonmeow\desktop\shipwright\build\x64\soh\soh.dir\release\z_bg_bdan_objects.obj
c:\users\cmonmeow\desktop\shipwright\build\x64\soh\soh.dir\release\z_bg_bdan_switch.obj
c:\users\cmonmeow\desktop\shipwright\build\x64\soh\soh.dir\release\z_bg_bombwall.obj
c:\users\cmonmeow\desktop\shipwright\build\x64\soh\soh.dir\release\z_bg_bom_guard.obj
c:\users\cmonmeow\desktop\shipwright\build\x64\soh\soh.dir\release\z_bg_bowl_wall.obj
c:\users\cmonmeow\desktop\shipwright\build\x64\soh\soh.dir\release\z_bg_breakwall.obj
c:\users\cmonmeow\desktop\shipwright\build\x64\soh\soh.dir\release\z_bg_ddan_jd.obj
c:\users\cmonmeow\desktop\shipwright\build\x64\soh\soh.dir\release\z_bg_ddan_kd.obj
c:\users\cmonmeow\desktop\shipwright\build\x64\soh\soh.dir\release\z_bg_dodoago.obj
c:\users\cmonmeow\desktop\shipwright\build\x64\soh\soh.dir\release\z_bg_dy_yoseizo.obj
c:\users\cmonmeow\desktop\shipwright\build\x64\soh\soh.dir\release\z_bg_ganon_otyuka.obj
c:\users\cmonmeow\desktop\shipwright\build\x64\soh\soh.dir\release\z_bg_gate_shutter.obj
c:\users\cmonmeow\desktop\shipwright\build\x64\soh\soh.dir\release\z_bg_gjyo_bridge.obj
c:\users\cmonmeow\desktop\shipwright\build\x64\soh\soh.dir\release\z_bg_gnd_darkmeiro.obj
c:\users\cmonmeow\desktop\shipwright\build\x64\soh\soh.dir\release\z_bg_gnd_firemeiro.obj
c:\users\cmonmeow\desktop\shipwright\build\x64\soh\soh.dir\release\z_bg_gnd_iceblock.obj
c:\users\cmonmeow\desktop\shipwright\build\x64\soh\soh.dir\release\z_bg_gnd_nisekabe.obj
c:\users\cmonmeow\desktop\shipwright\build\x64\soh\soh.dir\release\z_bg_gnd_soulmeiro.obj
c:\users\cmonmeow\desktop\shipwright\build\x64\soh\soh.dir\release\z_bg_haka.obj
c:\users\cmonmeow\desktop\shipwright\build\x64\soh\soh.dir\release\z_bg_haka_gate.obj
c:\users\cmonmeow\desktop\shipwright\build\x64\soh\soh.dir\release\z_bg_haka_huta.obj
c:\users\cmonmeow\desktop\shipwright\build\x64\soh\soh.dir\release\z_bg_haka_megane.obj
c:\users\cmonmeow\desktop\shipwright\build\x64\soh\soh.dir\release\z_bg_haka_meganebg.obj
c:\users\cmonmeow\desktop\shipwright\build\x64\soh\soh.dir\release\z_bg_haka_sgami.obj
c:\users\cmonmeow\desktop\shipwright\build\x64\soh\soh.dir\release\z_bg_haka_ship.obj
c:\users\cmonmeow\desktop\shipwright\build\x64\soh\soh.dir\release\z_bg_haka_trap.obj
c:\users\cmonmeow\desktop\shipwright\build\x64\soh\soh.dir\release\z_bg_haka_tubo.obj
c:\users\cmonmeow\desktop\shipwright\build\x64\soh\soh.dir\release\z_bg_haka_water.obj
c:\users\cmonmeow\desktop\shipwright\build\x64\soh\soh.dir\release\z_bg_haka_zou.obj
c:\users\cmonmeow\desktop\shipwright\build\x64\soh\soh.dir\release\z_bg_heavy_block.obj
c:\users\cmonmeow\desktop\shipwright\build\x64\soh\soh.dir\release\z_bg_hidan_curtain.obj
c:\users\cmonmeow\desktop\shipwright\build\x64\soh\soh.dir\release\z_bg_hidan_dalm.obj
c:\users\cmonmeow\desktop\shipwright\build\x64\soh\soh.dir\release\z_bg_hidan_firewall.obj
c:\users\cmonmeow\desktop\shipwright\build\x64\soh\soh.dir\release\z_bg_hidan_fslift.obj
c:\users\cmonmeow\desktop\shipwright\build\x64\soh\soh.dir\release\z_bg_hidan_fwbig.obj
c:\users\cmonmeow\desktop\shipwright\build\x64\soh\soh.dir\release\z_bg_hidan_hamstep.obj
c:\users\cmonmeow\desktop\shipwright\build\x64\soh\soh.dir\release\z_bg_hidan_hrock.obj
c:\users\cmonmeow\desktop\shipwright\build\x64\soh\soh.dir\release\z_bg_hidan_kousi.obj
c:\users\cmonmeow\desktop\shipwright\build\x64\soh\soh.dir\release\z_bg_hidan_kowarerukabe.obj
c:\users\cmonmeow\desktop\shipwright\build\x64\soh\soh.dir\release\z_bg_hidan_rock.obj
c:\users\cmonmeow\desktop\shipwright\build\x64\soh\soh.dir\release\z_bg_hidan_rsekizou.obj
c:\users\cmonmeow\desktop\shipwright\build\x64\soh\soh.dir\release\z_bg_hidan_sekizou.obj
c:\users\cmonmeow\desktop\shipwright\build\x64\soh\soh.dir\release\z_bg_hidan_sima.obj
c:\users\cmonmeow\desktop\shipwright\build\x64\soh\soh.dir\release\z_bg_hidan_syoku.obj
c:\users\cmonmeow\desktop\shipwright\build\x64\soh\soh.dir\release\z_bg_ice_objects.obj
c:\users\cmonmeow\desktop\shipwright\build\x64\soh\soh.dir\release\z_bg_ice_shelter.obj
c:\users\cmonmeow\desktop\shipwright\build\x64\soh\soh.dir\release\z_bg_ice_shutter.obj
c:\users\cmonmeow\desktop\shipwright\build\x64\soh\soh.dir\release\z_bg_ice_turara.obj
c:\users\cmonmeow\desktop\shipwright\build\x64\soh\soh.dir\release\z_bg_ingate.obj
c:\users\cmonmeow\desktop\shipwright\build\x64\soh\soh.dir\release\z_bg_jya_1flift.obj
c:\users\cmonmeow\desktop\shipwright\build\x64\soh\soh.dir\release\z_bg_jya_amishutter.obj
c:\users\cmonmeow\desktop\shipwright\build\x64\soh\soh.dir\release\z_bg_jya_bigmirror.obj
c:\users\cmonmeow\desktop\shipwright\build\x64\soh\soh.dir\release\z_bg_jya_block.obj
c:\users\cmonmeow\desktop\shipwright\build\x64\soh\soh.dir\release\z_bg_jya_bombchuiwa.obj
c:\users\cmonmeow\desktop\shipwright\build\x64\soh\soh.dir\release\z_bg_jya_bombiwa.obj
c:\users\cmonmeow\desktop\shipwright\build\x64\soh\soh.dir\release\z_bg_jya_cobra.obj
c:\users\cmonmeow\desktop\shipwright\build\x64\soh\soh.dir\release\z_bg_jya_goroiwa.obj
c:\users\cmonmeow\desktop\shipwright\build\x64\soh\soh.dir\release\z_bg_jya_haheniron.obj
c:\users\cmonmeow\desktop\shipwright\build\x64\soh\soh.dir\release\z_bg_jya_ironobj.obj
c:\users\cmonmeow\desktop\shipwright\build\x64\soh\soh.dir\release\z_bg_jya_kanaami.obj
c:\users\cmonmeow\desktop\shipwright\build\x64\soh\soh.dir\release\z_bg_jya_lift.obj
c:\users\cmonmeow\desktop\shipwright\build\x64\soh\soh.dir\release\z_bg_jya_megami.obj
c:\users\cmonmeow\desktop\shipwright\build\x64\soh\soh.dir\release\z_bg_jya_zurerukabe.obj
c:\users\cmonmeow\desktop\shipwright\build\x64\soh\soh.dir\release\z_bg_menkuri_eye.obj
c:\users\cmonmeow\desktop\shipwright\build\x64\soh\soh.dir\release\z_bg_menkuri_kaiten.obj
c:\users\cmonmeow\desktop\shipwright\build\x64\soh\soh.dir\release\z_bg_menkuri_nisekabe.obj
c:\users\cmonmeow\desktop\shipwright\build\x64\soh\soh.dir\release\z_bg_mizu_bwall.obj
c:\users\cmonmeow\desktop\shipwright\build\x64\soh\soh.dir\release\z_bg_mizu_movebg.obj
c:\users\cmonmeow\desktop\shipwright\build\x64\soh\soh.dir\release\z_bg_mizu_shutter.obj
c:\users\cmonmeow\desktop\shipwright\build\x64\soh\soh.dir\release\z_bg_mizu_uzu.obj
c:\users\cmonmeow\desktop\shipwright\build\x64\soh\soh.dir\release\z_bg_mizu_water.obj
c:\users\cmonmeow\desktop\shipwright\build\x64\soh\soh.dir\release\z_bg_mjin.obj
c:\users\cmonmeow\desktop\shipwright\build\x64\soh\soh.dir\release\z_bg_mori_bigst.obj
c:\users\cmonmeow\desktop\shipwright\build\x64\soh\soh.dir\release\z_bg_mori_elevator.obj
c:\users\cmonmeow\desktop\shipwright\build\x64\soh\soh.dir\release\z_bg_mori_hashigo.obj
c:\users\cmonmeow\desktop\shipwright\build\x64\soh\soh.dir\release\z_bg_mori_hashira4.obj
c:\users\cmonmeow\desktop\shipwright\build\x64\soh\soh.dir\release\z_bg_mori_hineri.obj
c:\users\cmonmeow\desktop\shipwright\build\x64\soh\soh.dir\release\z_bg_mori_idomizu.obj
c:\users\cmonmeow\desktop\shipwright\build\x64\soh\soh.dir\release\z_bg_mori_kaitenkabe.obj
c:\users\cmonmeow\desktop\shipwright\build\x64\soh\soh.dir\release\z_bg_mori_rakkatenjo.obj
c:\users\cmonmeow\desktop\shipwright\build\x64\soh\soh.dir\release\z_bg_po_event.obj
c:\users\cmonmeow\desktop\shipwright\build\x64\soh\soh.dir\release\z_bg_po_syokudai.obj
c:\users\cmonmeow\desktop\shipwright\build\x64\soh\soh.dir\release\z_bg_pushbox.obj
c:\users\cmonmeow\desktop\shipwright\build\x64\soh\soh.dir\release\z_bg_relay_objects.obj
c:\users\cmonmeow\desktop\shipwright\build\x64\soh\soh.dir\release\z_bg_spot00_break.obj
c:\users\cmonmeow\desktop\shipwright\build\x64\soh\soh.dir\release\z_bg_spot00_hanebasi.obj
c:\users\cmonmeow\desktop\shipwright\build\x64\soh\soh.dir\release\z_bg_spot01_fusya.obj
c:\users\cmonmeow\desktop\shipwright\build\x64\soh\soh.dir\release\z_bg_spot01_idohashira.obj
c:\users\cmonmeow\desktop\shipwright\build\x64\soh\soh.dir\release\z_bg_spot01_idomizu.obj
c:\users\cmonmeow\desktop\shipwright\build\x64\soh\soh.dir\release\z_bg_spot01_idosoko.obj
c:\users\cmonmeow\desktop\shipwright\build\x64\soh\soh.dir\release\z_bg_spot01_objects2.obj
c:\users\cmonmeow\desktop\shipwright\build\x64\soh\soh.dir\release\z_bg_spot02_objects.obj
c:\users\cmonmeow\desktop\shipwright\build\x64\soh\soh.dir\release\z_bg_spot03_taki.obj
c:\users\cmonmeow\desktop\shipwright\build\x64\soh\soh.dir\release\z_bg_spot05_soko.obj
c:\users\cmonmeow\desktop\shipwright\build\x64\soh\soh.dir\release\z_bg_spot06_objects.obj
c:\users\cmonmeow\desktop\shipwright\build\x64\soh\soh.dir\release\z_bg_spot07_taki.obj
c:\users\cmonmeow\desktop\shipwright\build\x64\soh\soh.dir\release\z_bg_spot08_bakudankabe.obj
c:\users\cmonmeow\desktop\shipwright\build\x64\soh\soh.dir\release\z_bg_spot08_iceblock.obj
c:\users\cmonmeow\desktop\shipwright\build\x64\soh\soh.dir\release\z_bg_spot09_obj.obj
c:\users\cmonmeow\desktop\shipwright\build\x64\soh\soh.dir\release\z_bg_spot11_bakudankabe.obj
c:\users\cmonmeow\desktop\shipwright\build\x64\soh\soh.dir\release\z_bg_spot11_oasis.obj
c:\users\cmonmeow\desktop\shipwright\build\x64\soh\soh.dir\release\z_bg_spot12_gate.obj
c:\users\cmonmeow\desktop\shipwright\build\x64\soh\soh.dir\release\z_bg_spot12_saku.obj
c:\users\cmonmeow\desktop\shipwright\build\x64\soh\soh.dir\release\z_bg_spot15_rrbox.obj
c:\users\cmonmeow\desktop\shipwright\build\x64\soh\soh.dir\release\z_bg_spot15_saku.obj
c:\users\cmonmeow\desktop\shipwright\build\x64\soh\soh.dir\release\z_bg_spot16_bombstone.obj
c:\users\cmonmeow\desktop\shipwright\build\x64\soh\soh.dir\release\z_bg_spot16_doughnut.obj
c:\users\cmonmeow\desktop\shipwright\build\x64\soh\soh.dir\release\z_bg_spot17_bakudankabe.obj
c:\users\cmonmeow\desktop\shipwright\build\x64\soh\soh.dir\release\z_bg_spot17_funen.obj
c:\users\cmonmeow\desktop\shipwright\build\x64\soh\soh.dir\release\z_bg_spot18_basket.obj
c:\users\cmonmeow\desktop\shipwright\build\x64\soh\soh.dir\release\z_bg_spot18_futa.obj
c:\users\cmonmeow\desktop\shipwright\build\x64\soh\soh.dir\release\z_bg_spot18_obj.obj
c:\users\cmonmeow\desktop\shipwright\build\x64\soh\soh.dir\release\z_bg_spot18_shutter.obj
c:\users\cmonmeow\desktop\shipwright\build\x64\soh\soh.dir\release\z_bg_sst_floor.obj
c:\users\cmonmeow\desktop\shipwright\build\x64\soh\soh.dir\release\z_bg_toki_hikari.obj
c:\users\cmonmeow\desktop\shipwright\build\x64\soh\soh.dir\release\z_bg_toki_swd.obj
c:\users\cmonmeow\desktop\shipwright\build\x64\soh\soh.dir\release\z_bg_toki_swd_cutscene_data_1.obj
c:\users\cmonmeow\desktop\shipwright\build\x64\soh\soh.dir\release\z_bg_toki_swd_cutscene_data_2.obj
c:\users\cmonmeow\desktop\shipwright\build\x64\soh\soh.dir\release\z_bg_toki_swd_cutscene_data_3.obj
c:\users\cmonmeow\desktop\shipwright\build\x64\soh\soh.dir\release\z_bg_treemouth.obj
c:\users\cmonmeow\desktop\shipwright\build\x64\soh\soh.dir\release\z_bg_treemouth_cutscene_data.obj
c:\users\cmonmeow\desktop\shipwright\build\x64\soh\soh.dir\release\z_bg_umajump.obj
c:\users\cmonmeow\desktop\shipwright\build\x64\soh\soh.dir\release\z_bg_vb_sima.obj
c:\users\cmonmeow\desktop\shipwright\build\x64\soh\soh.dir\release\z_bg_ydan_hasi.obj
c:\users\cmonmeow\desktop\shipwright\build\x64\soh\soh.dir\release\z_bg_ydan_maruta.obj
c:\users\cmonmeow\desktop\shipwright\build\x64\soh\soh.dir\release\z_bg_ydan_sp.obj
c:\users\cmonmeow\desktop\shipwright\build\x64\soh\soh.dir\release\z_bg_zg.obj
c:\users\cmonmeow\desktop\shipwright\build\x64\soh\soh.dir\release\z_boss_dodongo.obj
c:\users\cmonmeow\desktop\shipwright\build\x64\soh\soh.dir\release\z_boss_dodongo_data.obj
c:\users\cmonmeow\desktop\shipwright\build\x64\soh\soh.dir\release\z_boss_fd.obj
c:\users\cmonmeow\desktop\shipwright\build\x64\soh\soh.dir\release\z_boss_fd2.obj
c:\users\cmonmeow\desktop\shipwright\build\x64\soh\soh.dir\release\z_boss_fd2_colchk.obj
c:\users\cmonmeow\desktop\shipwright\build\x64\soh\soh.dir\release\z_boss_fd_colchk.obj
c:\users\cmonmeow\desktop\shipwright\build\x64\soh\soh.dir\release\z_boss_ganon.obj
c:\users\cmonmeow\desktop\shipwright\build\x64\soh\soh.dir\release\z_boss_ganon2.obj
c:\users\cmonmeow\desktop\shipwright\build\x64\soh\soh.dir\release\z_boss_ganon2_data.obj
c:\users\cmonmeow\desktop\shipwright\build\x64\soh\soh.dir\release\z_boss_ganondrof.obj
c:\users\cmonmeow\desktop\shipwright\build\x64\soh\soh.dir\release\z_boss_goma.obj
c:\users\cmonmeow\desktop\shipwright\build\x64\soh\soh.dir\release\z_boss_mo.obj
c:\users\cmonmeow\desktop\shipwright\build\x64\soh\soh.dir\release\z_boss_mo_colchk.obj
c:\users\cmonmeow\desktop\shipwright\build\x64\soh\soh.dir\release\z_boss_sst.obj
c:\users\cmonmeow\desktop\shipwright\build\x64\soh\soh.dir\release\z_boss_sst_colchk.obj
c:\users\cmonmeow\desktop\shipwright\build\x64\soh\soh.dir\release\z_boss_tw.obj
c:\users\cmonmeow\desktop\shipwright\build\x64\soh\soh.dir\release\z_boss_va.obj
c:\users\cmonmeow\desktop\shipwright\build\x64\soh\soh.dir\release\z_demo.obj
c:\users\cmonmeow\desktop\shipwright\build\x64\soh\soh.dir\release\z_demo_6k.obj
c:\users\cmonmeow\desktop\shipwright\build\x64\soh\soh.dir\release\z_demo_du.obj
c:\users\cmonmeow\desktop\shipwright\build\x64\soh\soh.dir\release\z_demo_du_cutscene_data.obj
c:\users\cmonmeow\desktop\shipwright\build\x64\soh\soh.dir\release\z_demo_ec.obj
c:\users\cmonmeow\desktop\shipwright\build\x64\soh\soh.dir\release\z_demo_effect.obj
c:\users\cmonmeow\desktop\shipwright\build\x64\soh\soh.dir\release\z_demo_ext.obj
c:\users\cmonmeow\desktop\shipwright\build\x64\soh\soh.dir\release\z_demo_geff.obj
c:\users\cmonmeow\desktop\shipwright\build\x64\soh\soh.dir\release\z_demo_gj.obj
c:\users\cmonmeow\desktop\shipwright\build\x64\soh\soh.dir\release\z_demo_go.obj
c:\users\cmonmeow\desktop\shipwright\build\x64\soh\soh.dir\release\z_demo_gt.obj
c:\users\cmonmeow\desktop\shipwright\build\x64\soh\soh.dir\release\z_demo_ik.obj
c:\users\cmonmeow\desktop\shipwright\build\x64\soh\soh.dir\release\z_demo_im.obj
c:\users\cmonmeow\desktop\shipwright\build\x64\soh\soh.dir\release\z_demo_im_cutscene_data.obj
c:\users\cmonmeow\desktop\shipwright\build\x64\soh\soh.dir\release\z_demo_kankyo.obj
c:\users\cmonmeow\desktop\shipwright\build\x64\soh\soh.dir\release\z_demo_kankyo_cutscene_data1.obj
c:\users\cmonmeow\desktop\shipwright\build\x64\soh\soh.dir\release\z_demo_kankyo_cutscene_data2.obj
c:\users\cmonmeow\desktop\shipwright\build\x64\soh\soh.dir\release\z_demo_kankyo_cutscene_data3.obj
c:\users\cmonmeow\desktop\shipwright\build\x64\soh\soh.dir\release\z_demo_kankyo_cutscene_data4.obj
c:\users\cmonmeow\desktop\shipwright\build\x64\soh\soh.dir\release\z_demo_kankyo_cutscene_data5.obj
c:\users\cmonmeow\desktop\shipwright\build\x64\soh\soh.dir\release\z_demo_kankyo_cutscene_data6.obj
c:\users\cmonmeow\desktop\shipwright\build\x64\soh\soh.dir\release\z_demo_kankyo_cutscene_data7.obj
c:\users\cmonmeow\desktop\shipwright\build\x64\soh\soh.dir\release\z_demo_kankyo_cutscene_data8.obj
c:\users\cmonmeow\desktop\shipwright\build\x64\soh\soh.dir\release\z_demo_kekkai.obj
c:\users\cmonmeow\desktop\shipwright\build\x64\soh\soh.dir\release\z_demo_sa.obj
c:\users\cmonmeow\desktop\shipwright\build\x64\soh\soh.dir\release\z_demo_sa_cutscene_data.obj
c:\users\cmonmeow\desktop\shipwright\build\x64\soh\soh.dir\release\z_demo_shd.obj
c:\users\cmonmeow\desktop\shipwright\build\x64\soh\soh.dir\release\z_demo_tre_lgt.obj
c:\users\cmonmeow\desktop\shipwright\build\x64\soh\soh.dir\release\z_door_ana.obj
c:\users\cmonmeow\desktop\shipwright\build\x64\soh\soh.dir\release\z_door_gerudo.obj
c:\users\cmonmeow\desktop\shipwright\build\x64\soh\soh.dir\release\z_door_killer.obj
c:\users\cmonmeow\desktop\shipwright\build\x64\soh\soh.dir\release\z_door_shutter.obj
c:\users\cmonmeow\desktop\shipwright\build\x64\soh\soh.dir\release\z_door_toki.obj
c:\users\cmonmeow\desktop\shipwright\build\x64\soh\soh.dir\release\z_door_warp1.obj
c:\users\cmonmeow\desktop\shipwright\build\x64\soh\soh.dir\release\z_efc_erupc.obj
c:\users\cmonmeow\desktop\shipwright\build\x64\soh\soh.dir\release\z_effect.obj
c:\users\cmonmeow\desktop\shipwright\build\x64\soh\soh.dir\release\z_eff_blure.obj
c:\users\cmonmeow\desktop\shipwright\build\x64\soh\soh.dir\release\z_eff_dust.obj
c:\users\cmonmeow\desktop\shipwright\build\x64\soh\soh.dir\release\z_eff_shield_particle.obj
c:\users\cmonmeow\desktop\shipwright\build\x64\soh\soh.dir\release\z_eff_spark.obj
c:\users\cmonmeow\desktop\shipwright\build\x64\soh\soh.dir\release\z_eff_ss_blast.obj
c:\users\cmonmeow\desktop\shipwright\build\x64\soh\soh.dir\release\z_eff_ss_bomb.obj
c:\users\cmonmeow\desktop\shipwright\build\x64\soh\soh.dir\release\z_eff_ss_bomb2.obj
c:\users\cmonmeow\desktop\shipwright\build\x64\soh\soh.dir\release\z_eff_ss_dead_db.obj
c:\users\cmonmeow\desktop\shipwright\build\x64\soh\soh.dir\release\z_eff_ss_dead_dd.obj
c:\users\cmonmeow\desktop\shipwright\build\x64\soh\soh.dir\release\z_eff_ss_dead_ds.obj
c:\users\cmonmeow\desktop\shipwright\build\x64\soh\soh.dir\release\z_eff_ss_dead_sound.obj
c:\users\cmonmeow\desktop\shipwright\build\x64\soh\soh.dir\release\z_eff_ss_dt_bubble.obj
c:\users\cmonmeow\desktop\shipwright\build\x64\soh\soh.dir\release\z_eff_ss_d_fire.obj
c:\users\cmonmeow\desktop\shipwright\build\x64\soh\soh.dir\release\z_eff_ss_en_fire.obj
c:\users\cmonmeow\desktop\shipwright\build\x64\soh\soh.dir\release\z_eff_ss_en_ice.obj
c:\users\cmonmeow\desktop\shipwright\build\x64\soh\soh.dir\release\z_eff_ss_extra.obj
c:\users\cmonmeow\desktop\shipwright\build\x64\soh\soh.dir\release\z_eff_ss_fcircle.obj
c:\users\cmonmeow\desktop\shipwright\build\x64\soh\soh.dir\release\z_eff_ss_fhg_flash.obj
c:\users\cmonmeow\desktop\shipwright\build\x64\soh\soh.dir\release\z_eff_ss_fire_tail.obj
c:\users\cmonmeow\desktop\shipwright\build\x64\soh\soh.dir\release\z_eff_ss_g_fire.obj
c:\users\cmonmeow\desktop\shipwright\build\x64\soh\soh.dir\release\z_eff_ss_g_magma.obj
c:\users\cmonmeow\desktop\shipwright\build\x64\soh\soh.dir\release\z_eff_ss_g_magma2.obj
c:\users\cmonmeow\desktop\shipwright\build\x64\soh\soh.dir\release\z_eff_ss_g_spk.obj
c:\users\cmonmeow\desktop\shipwright\build\x64\soh\soh.dir\release\z_eff_ss_hahen.obj
c:\users\cmonmeow\desktop\shipwright\build\x64\soh\soh.dir\release\z_eff_ss_ice_piece.obj
c:\users\cmonmeow\desktop\shipwright\build\x64\soh\soh.dir\release\z_eff_ss_ice_smoke.obj
c:\users\cmonmeow\desktop\shipwright\build\x64\soh\soh.dir\release\z_eff_ss_kakera.obj
c:\users\cmonmeow\desktop\shipwright\build\x64\soh\soh.dir\release\z_eff_ss_kirakira.obj
c:\users\cmonmeow\desktop\shipwright\build\x64\soh\soh.dir\release\z_eff_ss_k_fire.obj
c:\users\cmonmeow\desktop\shipwright\build\x64\soh\soh.dir\release\z_eff_ss_lightning.obj
c:\users\cmonmeow\desktop\shipwright\build\x64\soh\soh.dir\release\z_eff_ss_solder_srch_ball.obj
c:\users\cmonmeow\desktop\shipwright\build\x64\soh\soh.dir\release\z_eff_ss_stick.obj
c:\users\cmonmeow\desktop\shipwright\build\x64\soh\soh.dir\release\z_eff_ss_stone1.obj
c:\users\cmonmeow\desktop\shipwright\build\x64\soh\soh.dir\release\z_elf_message.obj
c:\users\cmonmeow\desktop\shipwright\build\x64\soh\soh.dir\release\z_elf_msg.obj
c:\users\cmonmeow\desktop\shipwright\build\x64\soh\soh.dir\release\z_elf_msg2.obj
c:\users\cmonmeow\desktop\shipwright\build\x64\soh\soh.dir\release\z_end_title.obj
c:\users\cmonmeow\desktop\shipwright\build\x64\soh\soh.dir\release\z_en_am.obj
c:\users\cmonmeow\desktop\shipwright\build\x64\soh\soh.dir\release\z_en_ani.obj
c:\users\cmonmeow\desktop\shipwright\build\x64\soh\soh.dir\release\z_en_anubice.obj
c:\users\cmonmeow\desktop\shipwright\build\x64\soh\soh.dir\release\z_en_anubice_fire.obj
c:\users\cmonmeow\desktop\shipwright\build\x64\soh\soh.dir\release\z_en_anubice_tag.obj
c:\users\cmonmeow\desktop\shipwright\build\x64\soh\soh.dir\release\z_en_arow_trap.obj
c:\users\cmonmeow\desktop\shipwright\build\x64\soh\soh.dir\release\z_en_attack_niw.obj
c:\users\cmonmeow\desktop\shipwright\build\x64\soh\soh.dir\release\z_en_a_keep.obj
c:\users\cmonmeow\desktop\shipwright\build\x64\soh\soh.dir\release\z_en_ba.obj
c:\users\cmonmeow\desktop\shipwright\build\x64\soh\soh.dir\release\z_en_bb.obj
c:\users\cmonmeow\desktop\shipwright\build\x64\soh\soh.dir\release\z_en_bdfire.obj
c:\users\cmonmeow\desktop\shipwright\build\x64\soh\soh.dir\release\z_en_bigokuta.obj
c:\users\cmonmeow\desktop\shipwright\build\x64\soh\soh.dir\release\z_en_bili.obj
c:\users\cmonmeow\desktop\shipwright\build\x64\soh\soh.dir\release\z_en_bird.obj
c:\users\cmonmeow\desktop\shipwright\build\x64\soh\soh.dir\release\z_en_blkobj.obj
c:\users\cmonmeow\desktop\shipwright\build\x64\soh\soh.dir\release\z_en_bom.obj
c:\users\cmonmeow\desktop\shipwright\build\x64\soh\soh.dir\release\z_en_bombf.obj
c:\users\cmonmeow\desktop\shipwright\build\x64\soh\soh.dir\release\z_en_bom_bowl_man.obj
c:\users\cmonmeow\desktop\shipwright\build\x64\soh\soh.dir\release\z_en_bom_bowl_pit.obj
c:\users\cmonmeow\desktop\shipwright\build\x64\soh\soh.dir\release\z_en_bom_chu.obj
c:\users\cmonmeow\desktop\shipwright\build\x64\soh\soh.dir\release\z_en_boom.obj
c:\users\cmonmeow\desktop\shipwright\build\x64\soh\soh.dir\release\z_en_box.obj
c:\users\cmonmeow\desktop\shipwright\build\x64\soh\soh.dir\release\z_en_brob.obj
c:\users\cmonmeow\desktop\shipwright\build\x64\soh\soh.dir\release\z_en_bubble.obj
c:\users\cmonmeow\desktop\shipwright\build\x64\soh\soh.dir\release\z_en_butte.obj
c:\users\cmonmeow\desktop\shipwright\build\x64\soh\soh.dir\release\z_en_bw.obj
c:\users\cmonmeow\desktop\shipwright\build\x64\soh\soh.dir\release\z_en_bx.obj
c:\users\cmonmeow\desktop\shipwright\build\x64\soh\soh.dir\release\z_en_changer.obj
c:\users\cmonmeow\desktop\shipwright\build\x64\soh\soh.dir\release\z_en_clear_tag.obj
c:\users\cmonmeow\desktop\shipwright\build\x64\soh\soh.dir\release\z_en_cow.obj
c:\users\cmonmeow\desktop\shipwright\build\x64\soh\soh.dir\release\z_en_crow.obj
c:\users\cmonmeow\desktop\shipwright\build\x64\soh\soh.dir\release\z_en_cs.obj
c:\users\cmonmeow\desktop\shipwright\build\x64\soh\soh.dir\release\z_en_daiku.obj
c:\users\cmonmeow\desktop\shipwright\build\x64\soh\soh.dir\release\z_en_daiku_kakariko.obj
c:\users\cmonmeow\desktop\shipwright\build\x64\soh\soh.dir\release\z_en_dekubaba.obj
c:\users\cmonmeow\desktop\shipwright\build\x64\soh\soh.dir\release\z_en_dekunuts.obj
c:\users\cmonmeow\desktop\shipwright\build\x64\soh\soh.dir\release\z_en_dh.obj
c:\users\cmonmeow\desktop\shipwright\build\x64\soh\soh.dir\release\z_en_dha.obj
c:\users\cmonmeow\desktop\shipwright\build\x64\soh\soh.dir\release\z_en_diving_game.obj
c:\users\cmonmeow\desktop\shipwright\build\x64\soh\soh.dir\release\z_en_dns.obj
c:\users\cmonmeow\desktop\shipwright\build\x64\soh\soh.dir\release\z_en_dnt_demo.obj
c:\users\cmonmeow\desktop\shipwright\build\x64\soh\soh.dir\release\z_en_dnt_jiji.obj
c:\users\cmonmeow\desktop\shipwright\build\x64\soh\soh.dir\release\z_en_dnt_nomal.obj
c:\users\cmonmeow\desktop\shipwright\build\x64\soh\soh.dir\release\z_en_dodojr.obj
c:\users\cmonmeow\desktop\shipwright\build\x64\soh\soh.dir\release\z_en_dodongo.obj
c:\users\cmonmeow\desktop\shipwright\build\x64\soh\soh.dir\release\z_en_dog.obj
c:\users\cmonmeow\desktop\shipwright\build\x64\soh\soh.dir\release\z_en_door.obj
c:\users\cmonmeow\desktop\shipwright\build\x64\soh\soh.dir\release\z_en_ds.obj
c:\users\cmonmeow\desktop\shipwright\build\x64\soh\soh.dir\release\z_en_du.obj
c:\users\cmonmeow\desktop\shipwright\build\x64\soh\soh.dir\release\z_en_dy_extra.obj
c:\users\cmonmeow\desktop\shipwright\build\x64\soh\soh.dir\release\z_en_eg.obj
c:\users\cmonmeow\desktop\shipwright\build\x64\soh\soh.dir\release\z_en_eiyer.obj
c:\users\cmonmeow\desktop\shipwright\build\x64\soh\soh.dir\release\z_en_elf.obj
c:\users\cmonmeow\desktop\shipwright\build\x64\soh\soh.dir\release\z_en_encount1.obj
c:\users\cmonmeow\desktop\shipwright\build\x64\soh\soh.dir\release\z_en_encount2.obj
c:\users\cmonmeow\desktop\shipwright\build\x64\soh\soh.dir\release\z_en_ex_item.obj
c:\users\cmonmeow\desktop\shipwright\build\x64\soh\soh.dir\release\z_en_ex_ruppy.obj
c:\users\cmonmeow\desktop\shipwright\build\x64\soh\soh.dir\release\z_en_fd.obj
c:\users\cmonmeow\desktop\shipwright\build\x64\soh\soh.dir\release\z_en_fd_fire.obj
c:\users\cmonmeow\desktop\shipwright\build\x64\soh\soh.dir\release\z_en_fhg.obj
c:\users\cmonmeow\desktop\shipwright\build\x64\soh\soh.dir\release\z_en_fhg_fire.obj
c:\users\cmonmeow\desktop\shipwright\build\x64\soh\soh.dir\release\z_en_firefly.obj
c:\users\cmonmeow\desktop\shipwright\build\x64\soh\soh.dir\release\z_en_fire_rock.obj
c:\users\cmonmeow\desktop\shipwright\build\x64\soh\soh.dir\release\z_en_floormas.obj
c:\users\cmonmeow\desktop\shipwright\build\x64\soh\soh.dir\release\z_en_fr.obj
c:\users\cmonmeow\desktop\shipwright\build\x64\soh\soh.dir\release\z_en_fu.obj
c:\users\cmonmeow\desktop\shipwright\build\x64\soh\soh.dir\release\z_en_fw.obj
c:\users\cmonmeow\desktop\shipwright\build\x64\soh\soh.dir\release\z_en_fz.obj
c:\users\cmonmeow\desktop\shipwright\build\x64\soh\soh.dir\release\z_en_ganon_mant.obj
c:\users\cmonmeow\desktop\shipwright\build\x64\soh\soh.dir\release\z_en_ganon_organ.obj
c:\users\cmonmeow\desktop\shipwright\build\x64\soh\soh.dir\release\z_en_gb.obj
c:\users\cmonmeow\desktop\shipwright\build\x64\soh\soh.dir\release\z_en_ge1.obj
c:\users\cmonmeow\desktop\shipwright\build\x64\soh\soh.dir\release\z_en_ge2.obj
c:\users\cmonmeow\desktop\shipwright\build\x64\soh\soh.dir\release\z_en_ge3.obj
c:\users\cmonmeow\desktop\shipwright\build\x64\soh\soh.dir\release\z_en_geldb.obj
c:\users\cmonmeow\desktop\shipwright\build\x64\soh\soh.dir\release\z_en_girla.obj
c:\users\cmonmeow\desktop\shipwright\build\x64\soh\soh.dir\release\z_en_gm.obj
c:\users\cmonmeow\desktop\shipwright\build\x64\soh\soh.dir\release\z_en_go.obj
c:\users\cmonmeow\desktop\shipwright\build\x64\soh\soh.dir\release\z_en_go2.obj
c:\users\cmonmeow\desktop\shipwright\build\x64\soh\soh.dir\release\z_en_goma.obj
c:\users\cmonmeow\desktop\shipwright\build\x64\soh\soh.dir\release\z_en_goroiwa.obj
c:\users\cmonmeow\desktop\shipwright\build\x64\soh\soh.dir\release\z_en_gs.obj
c:\users\cmonmeow\desktop\shipwright\build\x64\soh\soh.dir\release\z_en_guest.obj
c:\users\cmonmeow\desktop\shipwright\build\x64\soh\soh.dir\release\z_en_g_switch.obj
c:\users\cmonmeow\desktop\shipwright\build\x64\soh\soh.dir\release\z_en_hata.obj
c:\users\cmonmeow\desktop\shipwright\build\x64\soh\soh.dir\release\z_en_heishi1.obj
c:\users\cmonmeow\desktop\shipwright\build\x64\soh\soh.dir\release\z_en_heishi2.obj
c:\users\cmonmeow\desktop\shipwright\build\x64\soh\soh.dir\release\z_en_heishi3.obj
c:\users\cmonmeow\desktop\shipwright\build\x64\soh\soh.dir\release\z_en_heishi4.obj
c:\users\cmonmeow\desktop\shipwright\build\x64\soh\soh.dir\release\z_en_hintnuts.obj
c:\users\cmonmeow\desktop\shipwright\build\x64\soh\soh.dir\release\z_en_holl.obj
c:\users\cmonmeow\desktop\shipwright\build\x64\soh\soh.dir\release\z_en_honotrap.obj
c:\users\cmonmeow\desktop\shipwright\build\x64\soh\soh.dir\release\z_en_horse.obj
c:\users\cmonmeow\desktop\shipwright\build\x64\soh\soh.dir\release\z_en_horse_game_check.obj
c:\users\cmonmeow\desktop\shipwright\build\x64\soh\soh.dir\release\z_en_horse_ganon.obj
c:\users\cmonmeow\desktop\shipwright\build\x64\soh\soh.dir\release\z_en_horse_link_child.obj
c:\users\cmonmeow\desktop\shipwright\build\x64\soh\soh.dir\release\z_en_horse_normal.obj
c:\users\cmonmeow\desktop\shipwright\build\x64\soh\soh.dir\release\z_en_horse_zelda.obj
c:\users\cmonmeow\desktop\shipwright\build\x64\soh\soh.dir\release\z_en_hs.obj
c:\users\cmonmeow\desktop\shipwright\build\x64\soh\soh.dir\release\z_en_hs2.obj
c:\users\cmonmeow\desktop\shipwright\build\x64\soh\soh.dir\release\z_en_hy.obj
c:\users\cmonmeow\desktop\shipwright\build\x64\soh\soh.dir\release\z_en_ice_hono.obj
c:\users\cmonmeow\desktop\shipwright\build\x64\soh\soh.dir\release\z_en_ik.obj
c:\users\cmonmeow\desktop\shipwright\build\x64\soh\soh.dir\release\z_en_in.obj
c:\users\cmonmeow\desktop\shipwright\build\x64\soh\soh.dir\release\z_en_insect.obj
c:\users\cmonmeow\desktop\shipwright\build\x64\soh\soh.dir\release\z_en_ishi.obj
c:\users\cmonmeow\desktop\shipwright\build\x64\soh\soh.dir\release\z_en_it.obj
c:\users\cmonmeow\desktop\shipwright\build\x64\soh\soh.dir\release\z_en_item00.obj
c:\users\cmonmeow\desktop\shipwright\build\x64\soh\soh.dir\release\z_en_jj.obj
c:\users\cmonmeow\desktop\shipwright\build\x64\soh\soh.dir\release\z_en_jj_cutscene_data.obj
c:\users\cmonmeow\desktop\shipwright\build\x64\soh\soh.dir\release\z_en_js.obj
c:\users\cmonmeow\desktop\shipwright\build\x64\soh\soh.dir\release\z_en_jsjutan.obj
c:\users\cmonmeow\desktop\shipwright\build\x64\soh\soh.dir\release\z_en_kakasi.obj
c:\users\cmonmeow\desktop\shipwright\build\x64\soh\soh.dir\release\z_en_kakasi2.obj
c:\users\cmonmeow\desktop\shipwright\build\x64\soh\soh.dir\release\z_en_kakasi3.obj
c:\users\cmonmeow\desktop\shipwright\build\x64\soh\soh.dir\release\z_en_kanban.obj
c:\users\cmonmeow\desktop\shipwright\build\x64\soh\soh.dir\release\z_en_kanban_gfx.obj
c:\users\cmonmeow\desktop\shipwright\build\x64\soh\soh.dir\release\z_en_karebaba.obj
c:\users\cmonmeow\desktop\shipwright\build\x64\soh\soh.dir\release\z_en_ko.obj
c:\users\cmonmeow\desktop\shipwright\build\x64\soh\soh.dir\release\z_en_kusa.obj
c:\users\cmonmeow\desktop\shipwright\build\x64\soh\soh.dir\release\z_en_kz.obj
c:\users\cmonmeow\desktop\shipwright\build\x64\soh\soh.dir\release\z_en_light.obj
c:\users\cmonmeow\desktop\shipwright\build\x64\soh\soh.dir\release\z_en_lightbox.obj
c:\users\cmonmeow\desktop\shipwright\build\x64\soh\soh.dir\release\z_en_ma1.obj
c:\users\cmonmeow\desktop\shipwright\build\x64\soh\soh.dir\release\z_en_ma2.obj
c:\users\cmonmeow\desktop\shipwright\build\x64\soh\soh.dir\release\z_en_ma3.obj
c:\users\cmonmeow\desktop\shipwright\build\x64\soh\soh.dir\release\z_en_mag.obj
c:\users\cmonmeow\desktop\shipwright\build\x64\soh\soh.dir\release\z_en_mb.obj
c:\users\cmonmeow\desktop\shipwright\build\x64\soh\soh.dir\release\z_en_md.obj
c:\users\cmonmeow\desktop\shipwright\build\x64\soh\soh.dir\release\z_en_mk.obj
c:\users\cmonmeow\desktop\shipwright\build\x64\soh\soh.dir\release\z_en_mm.obj
c:\users\cmonmeow\desktop\shipwright\build\x64\soh\soh.dir\release\z_en_mm2.obj
c:\users\cmonmeow\desktop\shipwright\build\x64\soh\soh.dir\release\z_en_ms.obj
c:\users\cmonmeow\desktop\shipwright\build\x64\soh\soh.dir\release\z_en_mu.obj
c:\users\cmonmeow\desktop\shipwright\build\x64\soh\soh.dir\release\z_en_m_fire1.obj
c:\users\cmonmeow\desktop\shipwright\build\x64\soh\soh.dir\release\z_en_m_thunder.obj
c:\users\cmonmeow\desktop\shipwright\build\x64\soh\soh.dir\release\z_en_nb.obj
c:\users\cmonmeow\desktop\shipwright\build\x64\soh\soh.dir\release\z_en_nb_cutscene_data.obj
c:\users\cmonmeow\desktop\shipwright\build\x64\soh\soh.dir\release\z_en_niw.obj
c:\users\cmonmeow\desktop\shipwright\build\x64\soh\soh.dir\release\z_en_niw_girl.obj
c:\users\cmonmeow\desktop\shipwright\build\x64\soh\soh.dir\release\z_en_niw_lady.obj
c:\users\cmonmeow\desktop\shipwright\build\x64\soh\soh.dir\release\z_en_nutsball.obj
c:\users\cmonmeow\desktop\shipwright\build\x64\soh\soh.dir\release\z_en_nwc.obj
c:\users\cmonmeow\desktop\shipwright\build\x64\soh\soh.dir\release\z_en_ny.obj
c:\users\cmonmeow\desktop\shipwright\build\x64\soh\soh.dir\release\z_en_oe2.obj
c:\users\cmonmeow\desktop\shipwright\build\x64\soh\soh.dir\release\z_en_okarina_effect.obj
c:\users\cmonmeow\desktop\shipwright\build\x64\soh\soh.dir\release\z_en_okarina_tag.obj
c:\users\cmonmeow\desktop\shipwright\build\x64\soh\soh.dir\release\z_en_okarina_tag_cutscene_data.obj
c:\users\cmonmeow\desktop\shipwright\build\x64\soh\soh.dir\release\z_en_okuta.obj
c:\users\cmonmeow\desktop\shipwright\build\x64\soh\soh.dir\release\z_en_ossan.obj
c:\users\cmonmeow\desktop\shipwright\build\x64\soh\soh.dir\release\z_en_owl.obj
c:\users\cmonmeow\desktop\shipwright\build\x64\soh\soh.dir\release\z_en_part.obj
c:\users\cmonmeow\desktop\shipwright\build\x64\soh\soh.dir\release\z_en_partner.obj
c:\users\cmonmeow\desktop\shipwright\build\x64\soh\soh.dir\release\z_en_peehat.obj
c:\users\cmonmeow\desktop\shipwright\build\x64\soh\soh.dir\release\z_en_poh.obj
c:\users\cmonmeow\desktop\shipwright\build\x64\soh\soh.dir\release\z_en_po_desert.obj
c:\users\cmonmeow\desktop\shipwright\build\x64\soh\soh.dir\release\z_en_po_field.obj
c:\users\cmonmeow\desktop\shipwright\build\x64\soh\soh.dir\release\z_en_po_relay.obj
c:\users\cmonmeow\desktop\shipwright\build\x64\soh\soh.dir\release\z_en_po_sisters.obj
c:\users\cmonmeow\desktop\shipwright\build\x64\soh\soh.dir\release\z_en_pu_box.obj
c:\users\cmonmeow\desktop\shipwright\build\x64\soh\soh.dir\release\z_en_rd.obj
c:\users\cmonmeow\desktop\shipwright\build\x64\soh\soh.dir\release\z_en_reeba.obj
c:\users\cmonmeow\desktop\shipwright\build\x64\soh\soh.dir\release\z_en_river_sound.obj
c:\users\cmonmeow\desktop\shipwright\build\x64\soh\soh.dir\release\z_en_rl.obj
c:\users\cmonmeow\desktop\shipwright\build\x64\soh\soh.dir\release\z_en_rr.obj
c:\users\cmonmeow\desktop\shipwright\build\x64\soh\soh.dir\release\z_en_ru1.obj
c:\users\cmonmeow\desktop\shipwright\build\x64\soh\soh.dir\release\z_en_ru1_cutscene_data.obj
c:\users\cmonmeow\desktop\shipwright\build\x64\soh\soh.dir\release\z_en_ru2.obj
c:\users\cmonmeow\desktop\shipwright\build\x64\soh\soh.dir\release\z_en_ru2_cutscene_data.obj
c:\users\cmonmeow\desktop\shipwright\build\x64\soh\soh.dir\release\z_en_sa.obj
c:\users\cmonmeow\desktop\shipwright\build\x64\soh\soh.dir\release\z_en_sb.obj
c:\users\cmonmeow\desktop\shipwright\build\x64\soh\soh.dir\release\z_en_scene_change.obj
c:\users\cmonmeow\desktop\shipwright\build\x64\soh\soh.dir\release\z_en_sda.obj
c:\users\cmonmeow\desktop\shipwright\build\x64\soh\soh.dir\release\z_en_shopnuts.obj
c:\users\cmonmeow\desktop\shipwright\build\x64\soh\soh.dir\release\z_en_si.obj
c:\users\cmonmeow\desktop\shipwright\build\x64\soh\soh.dir\release\z_en_siofuki.obj
c:\users\cmonmeow\desktop\shipwright\build\x64\soh\soh.dir\release\z_en_skb.obj
c:\users\cmonmeow\desktop\shipwright\build\x64\soh\soh.dir\release\z_en_skj.obj
c:\users\cmonmeow\desktop\shipwright\build\x64\soh\soh.dir\release\z_en_skjneedle.obj
c:\users\cmonmeow\desktop\shipwright\build\x64\soh\soh.dir\release\z_en_ssh.obj
c:\users\cmonmeow\desktop\shipwright\build\x64\soh\soh.dir\release\z_en_st.obj
c:\users\cmonmeow\desktop\shipwright\build\x64\soh\soh.dir\release\z_en_sth.obj
c:\users\cmonmeow\desktop\shipwright\build\x64\soh\soh.dir\release\z_en_stream.obj
c:\users\cmonmeow\desktop\shipwright\build\x64\soh\soh.dir\release\z_en_sw.obj
c:\users\cmonmeow\desktop\shipwright\build\x64\soh\soh.dir\release\z_en_syateki_itm.obj
c:\users\cmonmeow\desktop\shipwright\build\x64\soh\soh.dir\release\z_en_syateki_man.obj
c:\users\cmonmeow\desktop\shipwright\build\x64\soh\soh.dir\release\z_en_syateki_niw.obj
c:\users\cmonmeow\desktop\shipwright\build\x64\soh\soh.dir\release\z_en_ta.obj
c:\users\cmonmeow\desktop\shipwright\build\x64\soh\soh.dir\release\z_en_takara_man.obj
c:\users\cmonmeow\desktop\shipwright\build\x64\soh\soh.dir\release\z_en_tana.obj
c:\users\cmonmeow\desktop\shipwright\build\x64\soh\soh.dir\release\z_en_test.obj
c:\users\cmonmeow\desktop\shipwright\build\x64\soh\soh.dir\release\z_en_tg.obj
c:\users\cmonmeow\desktop\shipwright\build\x64\soh\soh.dir\release\z_en_tite.obj
c:\users\cmonmeow\desktop\shipwright\build\x64\soh\soh.dir\release\z_en_tk.obj
c:\users\cmonmeow\desktop\shipwright\build\x64\soh\soh.dir\release\z_en_torch.obj
c:\users\cmonmeow\desktop\shipwright\build\x64\soh\soh.dir\release\z_en_torch2.obj
c:\users\cmonmeow\desktop\shipwright\build\x64\soh\soh.dir\release\z_en_toryo.obj
c:\users\cmonmeow\desktop\shipwright\build\x64\soh\soh.dir\release\z_en_tp.obj
c:\users\cmonmeow\desktop\shipwright\build\x64\soh\soh.dir\release\z_en_tr.obj
c:\users\cmonmeow\desktop\shipwright\build\x64\soh\soh.dir\release\z_en_trap.obj
c:\users\cmonmeow\desktop\shipwright\build\x64\soh\soh.dir\release\z_en_tubo_trap.obj
c:\users\cmonmeow\desktop\shipwright\build\x64\soh\soh.dir\release\z_en_vali.obj
c:\users\cmonmeow\desktop\shipwright\build\x64\soh\soh.dir\release\z_en_vase.obj
c:\users\cmonmeow\desktop\shipwright\build\x64\soh\soh.dir\release\z_en_vb_ball.obj
c:\users\cmonmeow\desktop\shipwright\build\x64\soh\soh.dir\release\z_en_viewer.obj
c:\users\cmonmeow\desktop\shipwright\build\x64\soh\soh.dir\release\z_en_vm.obj
c:\users\cmonmeow\desktop\shipwright\build\x64\soh\soh.dir\release\z_en_wallmas.obj
c:\users\cmonmeow\desktop\shipwright\build\x64\soh\soh.dir\release\z_en_wall_tubo.obj
c:\users\cmonmeow\desktop\shipwright\build\x64\soh\soh.dir\release\z_en_weather_tag.obj
c:\users\cmonmeow\desktop\shipwright\build\x64\soh\soh.dir\release\z_en_weiyer.obj
c:\users\cmonmeow\desktop\shipwright\build\x64\soh\soh.dir\release\z_en_wf.obj
c:\users\cmonmeow\desktop\shipwright\build\x64\soh\soh.dir\release\z_en_wonder_item.obj
c:\users\cmonmeow\desktop\shipwright\build\x64\soh\soh.dir\release\z_en_wonder_talk.obj
c:\users\cmonmeow\desktop\shipwright\build\x64\soh\soh.dir\release\z_en_wonder_talk2.obj
c:\users\cmonmeow\desktop\shipwright\build\x64\soh\soh.dir\release\z_en_wood02.obj
c:\users\cmonmeow\desktop\shipwright\build\x64\soh\soh.dir\release\z_en_xc.obj
c:\users\cmonmeow\desktop\shipwright\build\x64\soh\soh.dir\release\z_en_yabusame_mark.obj
c:\users\cmonmeow\desktop\shipwright\build\x64\soh\soh.dir\release\z_en_yukabyun.obj
c:\users\cmonmeow\desktop\shipwright\build\x64\soh\soh.dir\release\z_en_zf.obj
c:\users\cmonmeow\desktop\shipwright\build\x64\soh\soh.dir\release\z_en_zl1.obj
c:\users\cmonmeow\desktop\shipwright\build\x64\soh\soh.dir\release\z_en_zl1_camera_data.obj
c:\users\cmonmeow\desktop\shipwright\build\x64\soh\soh.dir\release\z_en_zl1_cutscene_data.obj
c:\users\cmonmeow\desktop\shipwright\build\x64\soh\soh.dir\release\z_en_zl2.obj
c:\users\cmonmeow\desktop\shipwright\build\x64\soh\soh.dir\release\z_en_zl3.obj
c:\users\cmonmeow\desktop\shipwright\build\x64\soh\soh.dir\release\z_en_zl4.obj
c:\users\cmonmeow\desktop\shipwright\build\x64\soh\soh.dir\release\z_en_zl4_cutscene_data.obj
c:\users\cmonmeow\desktop\shipwright\build\x64\soh\soh.dir\release\z_en_zo.obj
c:\users\cmonmeow\desktop\shipwright\build\x64\soh\soh.dir\release\z_face_reaction.obj
c:\users\cmonmeow\desktop\shipwright\build\x64\soh\soh.dir\release\z_fbdemo.obj
c:\users\cmonmeow\desktop\shipwright\build\x64\soh\soh.dir\release\z_fbdemo_circle.obj
c:\users\cmonmeow\desktop\shipwright\build\x64\soh\soh.dir\release\z_fbdemo_triforce.obj
c:\users\cmonmeow\desktop\shipwright\build\x64\soh\soh.dir\release\z_fbdemo_wipe1.obj
c:\users\cmonmeow\desktop\shipwright\build\x64\soh\soh.dir\release\z_file_choose.obj
c:\users\cmonmeow\desktop\shipwright\build\x64\soh\soh.dir\release\z_file_copy_erase.obj
c:\users\cmonmeow\desktop\shipwright\build\x64\soh\soh.dir\release\z_file_nameset_data.obj
c:\users\cmonmeow\desktop\shipwright\build\x64\soh\soh.dir\release\z_file_nameset_nes.obj
c:\users\cmonmeow\desktop\shipwright\build\x64\soh\soh.dir\release\z_file_nameset_pal.obj
c:\users\cmonmeow\desktop\shipwright\build\x64\soh\soh.dir\release\z_horse.obj
c:\users\cmonmeow\desktop\shipwright\build\x64\soh\soh.dir\release\z_item_b_heart.obj
c:\users\cmonmeow\desktop\shipwright\build\x64\soh\soh.dir\release\z_item_etcetera.obj
c:\users\cmonmeow\desktop\shipwright\build\x64\soh\soh.dir\release\z_item_inbox.obj
c:\users\cmonmeow\desktop\shipwright\build\x64\soh\soh.dir\release\z_item_ocarina.obj
c:\users\cmonmeow\desktop\shipwright\build\x64\soh\soh.dir\release\z_item_shield.obj
c:\users\cmonmeow\desktop\shipwright\build\x64\soh\soh.dir\release\z_jpeg.obj
c:\users\cmonmeow\desktop\shipwright\build\x64\soh\soh.dir\release\z_kaleido_collect.obj
c:\users\cmonmeow\desktop\shipwright\build\x64\soh\soh.dir\release\z_kaleido_debug.obj
c:\users\cmonmeow\desktop\shipwright\build\x64\soh\soh.dir\release\z_kaleido_equipment.obj
c:\users\cmonmeow\desktop\shipwright\build\x64\soh\soh.dir\release\z_kaleido_item.obj
c:\users\cmonmeow\desktop\shipwright\build\x64\soh\soh.dir\release\z_kaleido_manager.obj
c:\users\cmonmeow\desktop\shipwright\build\x64\soh\soh.dir\release\z_kaleido_map_pal.obj
c:\users\cmonmeow\desktop\shipwright\build\x64\soh\soh.dir\release\z_kaleido_prompt.obj
c:\users\cmonmeow\desktop\shipwright\build\x64\soh\soh.dir\release\z_kaleido_scope_call.obj
c:\users\cmonmeow\desktop\shipwright\build\x64\soh\soh.dir\release\z_kaleido_scope_pal.obj
c:\users\cmonmeow\desktop\shipwright\build\x64\soh\soh.dir\release\z_kaleido_setup.obj
c:\users\cmonmeow\desktop\shipwright\build\x64\soh\soh.dir\release\z_kanfont.obj
c:\users\cmonmeow\desktop\shipwright\build\x64\soh\soh.dir\release\z_kanji.obj
c:\users\cmonmeow\desktop\shipwright\build\x64\soh\soh.dir\release\z_lmap_mark.obj
c:\users\cmonmeow\desktop\shipwright\build\x64\soh\soh.dir\release\z_lmap_mark_data.obj
c:\users\cmonmeow\desktop\shipwright\build\x64\soh\soh.dir\release\z_magic_dark.obj
c:\users\cmonmeow\desktop\shipwright\build\x64\soh\soh.dir\release\z_magic_fire.obj
c:\users\cmonmeow\desktop\shipwright\build\x64\soh\soh.dir\release\z_magic_wind.obj
c:\users\cmonmeow\desktop\shipwright\build\x64\soh\soh.dir\release\z_map_data.obj
c:\users\cmonmeow\desktop\shipwright\build\x64\soh\soh.dir\release\z_map_exp.obj
c:\users\cmonmeow\desktop\shipwright\build\x64\soh\soh.dir\release\z_map_mark.obj
c:\users\cmonmeow\desktop\shipwright\build\x64\soh\soh.dir\release\z_map_mark_data.obj
c:\users\cmonmeow\desktop\shipwright\build\x64\soh\soh.dir\release\z_message_otr.obj
c:\users\cmonmeow\desktop\shipwright\build\x64\soh\soh.dir\release\z_message_pal.obj
c:\users\cmonmeow\desktop\shipwright\build\x64\soh\soh.dir\release\z_mir_ray.obj
c:\users\cmonmeow\desktop\shipwright\build\x64\soh\soh.dir\release\z_moji.obj
c:\users\cmonmeow\desktop\shipwright\build\x64\soh\soh.dir\release\z_msgevent.obj
c:\users\cmonmeow\desktop\shipwright\build\x64\soh\soh.dir\release\z_object_kankyo.obj
c:\users\cmonmeow\desktop\shipwright\build\x64\soh\soh.dir\release\z_obj_bean.obj
c:\users\cmonmeow\desktop\shipwright\build\x64\soh\soh.dir\release\z_obj_blockstop.obj
c:\users\cmonmeow\desktop\shipwright\build\x64\soh\soh.dir\release\z_obj_bombiwa.obj
c:\users\cmonmeow\desktop\shipwright\build\x64\soh\soh.dir\release\z_obj_comb.obj
c:\users\cmonmeow\desktop\shipwright\build\x64\soh\soh.dir\release\z_obj_dekujr.obj
c:\users\cmonmeow\desktop\shipwright\build\x64\soh\soh.dir\release\z_obj_elevator.obj
c:\users\cmonmeow\desktop\shipwright\build\x64\soh\soh.dir\release\z_obj_hamishi.obj
c:\users\cmonmeow\desktop\shipwright\build\x64\soh\soh.dir\release\z_obj_hana.obj
c:\users\cmonmeow\desktop\shipwright\build\x64\soh\soh.dir\release\z_obj_hsblock.obj
c:\users\cmonmeow\desktop\shipwright\build\x64\soh\soh.dir\release\z_obj_ice_poly.obj
c:\users\cmonmeow\desktop\shipwright\build\x64\soh\soh.dir\release\z_obj_kibako.obj
c:\users\cmonmeow\desktop\shipwright\build\x64\soh\soh.dir\release\z_obj_kibako2.obj
c:\users\cmonmeow\desktop\shipwright\build\x64\soh\soh.dir\release\z_obj_lift.obj
c:\users\cmonmeow\desktop\shipwright\build\x64\soh\soh.dir\release\z_obj_lightswitch.obj
c:\users\cmonmeow\desktop\shipwright\build\x64\soh\soh.dir\release\z_obj_makekinsuta.obj
c:\users\cmonmeow\desktop\shipwright\build\x64\soh\soh.dir\release\z_obj_makeoshihiki.obj
c:\users\cmonmeow\desktop\shipwright\build\x64\soh\soh.dir\release\z_obj_mure.obj
c:\users\cmonmeow\desktop\shipwright\build\x64\soh\soh.dir\release\z_obj_mure2.obj
c:\users\cmonmeow\desktop\shipwright\build\x64\soh\soh.dir\release\z_obj_mure3.obj
c:\users\cmonmeow\desktop\shipwright\build\x64\soh\soh.dir\release\z_obj_oshihiki.obj
c:\users\cmonmeow\desktop\shipwright\build\x64\soh\soh.dir\release\z_obj_roomtimer.obj
c:\users\cmonmeow\desktop\shipwright\build\x64\soh\soh.dir\release\z_obj_switch.obj
c:\users\cmonmeow\desktop\shipwright\build\x64\soh\soh.dir\release\z_obj_syokudai.obj
c:\users\cmonmeow\desktop\shipwright\build\x64\soh\soh.dir\release\z_obj_timeblock.obj
c:\users\cmonmeow\desktop\shipwright\build\x64\soh\soh.dir\release\z_obj_tsubo.obj
c:\users\cmonmeow\desktop\shipwright\build\x64\soh\soh.dir\release\z_obj_warp2block.obj
c:\users\cmonmeow\desktop\shipwright\build\x64\soh\soh.dir\release\z_oceff_spot.obj
c:\users\cmonmeow\desktop\shipwright\build\x64\soh\soh.dir\release\z_oceff_storm.obj
c:\users\cmonmeow\desktop\shipwright\build\x64\soh\soh.dir\release\z_oceff_wipe.obj
c:\users\cmonmeow\desktop\shipwright\build\x64\soh\soh.dir\release\z_oceff_wipe2.obj
c:\users\cmonmeow\desktop\shipwright\build\x64\soh\soh.dir\release\z_oceff_wipe3.obj
c:\users\cmonmeow\desktop\shipwright\build\x64\soh\soh.dir\release\z_oceff_wipe4.obj
c:\users\cmonmeow\desktop\shipwright\build\x64\soh\soh.dir\release\z_onepointdemo.obj
c:\users\cmonmeow\desktop\shipwright\build\x64\soh\soh.dir\release\z_opening.obj
c:\users\cmonmeow\desktop\shipwright\build\x64\soh\soh.dir\release\z_path.obj
c:\users\cmonmeow\desktop\shipwright\build\x64\soh\soh.dir\release\z_sample.obj
c:\users\cmonmeow\desktop\shipwright\build\x64\soh\soh.dir\release\z_select.obj
c:\users\cmonmeow\desktop\shipwright\build\x64\soh\soh.dir\release\z_shot_sun.obj
c:\users\cmonmeow\desktop\shipwright\build\x64\soh\soh.dir\release\z_sram.obj
c:\users\cmonmeow\desktop\shipwright\build\x64\soh\soh.dir\release\z_ss_sram.obj
c:\users\cmonmeow\desktop\shipwright\build\x64\soh\soh.dir\release\z_title.obj
c:\users\cmonmeow\desktop\shipwright\build\x64\soh\soh.dir\release\soh.tlog\cl.command.1.tlog
c:\users\cmonmeow\desktop\shipwright\build\x64\soh\soh.dir\release\soh.tlog\cl.items.tlog
c:\users\cmonmeow\desktop\shipwright\build\x64\soh\soh.dir\release\soh.tlog\cl.read.1.tlog
c:\users\cmonmeow\desktop\shipwright\build\x64\soh\soh.dir\release\soh.tlog\cl.write.1.tlog
c:\users\cmonmeow\desktop\shipwright\build\x64\soh\soh.dir\release\soh.tlog\custombuild.command.1.tlog
c:\users\cmonmeow\desktop\shipwright\build\x64\soh\soh.dir\release\soh.tlog\custombuild.read.1.tlog
c:\users\cmonmeow\desktop\shipwright\build\x64\soh\soh.dir\release\soh.tlog\custombuild.write.1.tlog
c:\users\cmonmeow\desktop\shipwright\build\x64\soh\soh.dir\release\soh.tlog\link.command.1.tlog
c:\users\cmonmeow\desktop\shipwright\build\x64\soh\soh.dir\release\soh.tlog\link.read.1.tlog
c:\users\cmonmeow\desktop\shipwright\build\x64\soh\soh.dir\release\soh.tlog\link.secondary.1.tlog
c:\users\cmonmeow\desktop\shipwright\build\x64\soh\soh.dir\release\soh.tlog\link.write.1.tlog
c:\users\cmonmeow\desktop\shipwright\build\x64\soh\soh.dir\release\soh.tlog\rc.command.1.tlog
c:\users\cmonmeow\desktop\shipwright\build\x64\soh\soh.dir\release\soh.tlog\rc.read.1.tlog
c:\users\cmonmeow\desktop\shipwright\build\x64\soh\soh.dir\release\soh.tlog\rc.write.1.tlog
