c:\users\cmonmeow\desktop\shipwright\build\x64\soh\cmakefiles\generate.stamp
c:\users\cmonmeow\desktop\shipwright\build\x64\soh\soh.dir\debug\a11ynoscreenflashforfinishingblow.obj
c:\users\cmonmeow\desktop\shipwright\build\x64\soh\soh.dir\debug\actordb.obj
c:\users\cmonmeow\desktop\shipwright\build\x64\soh\soh.dir\debug\additionalreticles.obj
c:\users\cmonmeow\desktop\shipwright\build\x64\soh\soh.dir\debug\agedependentequipment.obj
c:\users\cmonmeow\desktop\shipwright\build\x64\soh\soh.dir\debug\alwayswingoronpot.obj
c:\users\cmonmeow\desktop\shipwright\build\x64\soh\soh.dir\debug\arrowcycle.obj
c:\users\cmonmeow\desktop\shipwright\build\x64\soh\soh.dir\debug\assignabletunicsandboots.obj
c:\users\cmonmeow\desktop\shipwright\build\x64\soh\soh.dir\debug\bonkdamage.obj
c:\users\cmonmeow\desktop\shipwright\build\x64\soh\soh.dir\debug\bossdefeattimestamps.obj
c:\users\cmonmeow\desktop\shipwright\build\x64\soh\soh.dir\debug\bossrush.obj
c:\users\cmonmeow\desktop\shipwright\build\x64\soh\soh.dir\debug\bottleadventure.obj
c:\users\cmonmeow\desktop\shipwright\build\x64\soh\soh.dir\debug\bounceoffwalls.obj
c:\users\cmonmeow\desktop\shipwright\build\x64\soh\soh.dir\debug\brokengiantsknife.obj
c:\users\cmonmeow\desktop\shipwright\build\x64\soh\soh.dir\debug\crashhandlerext.obj
c:\users\cmonmeow\desktop\shipwright\build\x64\soh\soh.dir\debug\crawlspeed.obj
c:\users\cmonmeow\desktop\shipwright\build\x64\soh\soh.dir\debug\cuccostoreturn.obj
c:\users\cmonmeow\desktop\shipwright\build\x64\soh\soh.dir\debug\customequipment.obj
c:\users\cmonmeow\desktop\shipwright\build\x64\soh\soh.dir\debug\customlogotitle.obj
c:\users\cmonmeow\desktop\shipwright\build\x64\soh\soh.dir\debug\customskeletons.obj
c:\users\cmonmeow\desktop\shipwright\build\x64\soh\soh.dir\debug\dampefire.obj
c:\users\cmonmeow\desktop\shipwright\build\x64\soh\soh.dir\debug\daytimegs.obj
c:\users\cmonmeow\desktop\shipwright\build\x64\soh\soh.dir\debug\dekunutupgradefix.obj
c:\users\cmonmeow\desktop\shipwright\build\x64\soh\soh.dir\debug\dekustick.obj
c:\users\cmonmeow\desktop\shipwright\build\x64\soh\soh.dir\debug\dirtpathfix.obj
c:\users\cmonmeow\desktop\shipwright\build\x64\soh\soh.dir\debug\disable2dbackgrounds.obj
c:\users\cmonmeow\desktop\shipwright\build\x64\soh\soh.dir\debug\disablefixedcamera.obj
c:\users\cmonmeow\desktop\shipwright\build\x64\soh\soh.dir\debug\disablejabuwobble.obj
c:\users\cmonmeow\desktop\shipwright\build\x64\soh\soh.dir\debug\disablekokiridrawdistance.obj
c:\users\cmonmeow\desktop\shipwright\build\x64\soh\soh.dir\debug\disablelinkspinwithgoronpot.obj
c:\users\cmonmeow\desktop\shipwright\build\x64\soh\soh.dir\debug\disablesandstorm.obj
c:\users\cmonmeow\desktop\shipwright\build\x64\soh\soh.dir\debug\easyframeadvance.obj
c:\users\cmonmeow\desktop\shipwright\build\x64\soh\soh.dir\debug\easyisg.obj
c:\users\cmonmeow\desktop\shipwright\build\x64\soh\soh.dir\debug\easyqpa.obj
c:\users\cmonmeow\desktop\shipwright\build\x64\soh\soh.dir\debug\enemybgmdisable.obj
c:\users\cmonmeow\desktop\shipwright\build\x64\soh\soh.dir\debug\enemydefeatcounts.obj
c:\users\cmonmeow\desktop\shipwright\build\x64\soh\soh.dir\debug\fasterbeanskulltula.obj
c:\users\cmonmeow\desktop\shipwright\build\x64\soh\soh.dir\debug\fasterbottleempty.obj
c:\users\cmonmeow\desktop\shipwright\build\x64\soh\soh.dir\debug\fasterheavyblocklift.obj
c:\users\cmonmeow\desktop\shipwright\build\x64\soh\soh.dir\debug\fasterpausemenu.obj
c:\users\cmonmeow\desktop\shipwright\build\x64\soh\soh.dir\debug\fasterrupeeaccumulator.obj
c:\users\cmonmeow\desktop\shipwright\build\x64\soh\soh.dir\debug\fastershadowship.obj
c:\users\cmonmeow\desktop\shipwright\build\x64\soh\soh.dir\debug\fileselectmoreinfo.obj
c:\users\cmonmeow\desktop\shipwright\build\x64\soh\soh.dir\debug\fixkokiriforestqueststate.obj
c:\users\cmonmeow\desktop\shipwright\build\x64\soh\soh.dir\debug\fixtwohandedidleanim.obj
c:\users\cmonmeow\desktop\shipwright\build\x64\soh\soh.dir\debug\floorswitches.obj
c:\users\cmonmeow\desktop\shipwright\build\x64\soh\soh.dir\debug\freezetime.obj
c:\users\cmonmeow\desktop\shipwright\build\x64\soh\soh.dir\debug\goroncitydoorfix.obj
c:\users\cmonmeow\desktop\shipwright\build\x64\soh\soh.dir\debug\gstargetable.obj
c:\users\cmonmeow\desktop\shipwright\build\x64\soh\soh.dir\debug\hammerhandfix.obj
c:\users\cmonmeow\desktop\shipwright\build\x64\soh\soh.dir\debug\health.obj
c:\users\cmonmeow\desktop\shipwright\build\x64\soh\soh.dir\debug\hookshotreticle.obj
c:\users\cmonmeow\desktop\shipwright\build\x64\soh\soh.dir\debug\hurtcontainer.obj
c:\users\cmonmeow\desktop\shipwright\build\x64\soh\soh.dir\debug\hyperenemies.obj
c:\users\cmonmeow\desktop\shipwright\build\x64\soh\soh.dir\debug\itemunequip.obj
c:\users\cmonmeow\desktop\shipwright\build\x64\soh\soh.dir\debug\leeverenemybgm.obj
c:\users\cmonmeow\desktop\shipwright\build\x64\soh\soh.dir\debug\magic.obj
c:\users\cmonmeow\desktop\shipwright\build\x64\soh\soh.dir\debug\maskselect.obj
c:\users\cmonmeow\desktop\shipwright\build\x64\soh\soh.dir\debug\money.obj
c:\users\cmonmeow\desktop\shipwright\build\x64\soh\soh.dir\debug\moonjump.obj
c:\users\cmonmeow\desktop\shipwright\build\x64\soh\soh.dir\debug\movejabujabuelevator.obj
c:\users\cmonmeow\desktop\shipwright\build\x64\soh\soh.dir\debug\n64weirdframes.obj
c:\users\cmonmeow\desktop\shipwright\build\x64\soh\soh.dir\debug\nayruslove.obj
c:\users\cmonmeow\desktop\shipwright\build\x64\soh\soh.dir\debug\nokeeseguaytarget.obj
c:\users\cmonmeow\desktop\shipwright\build\x64\soh\soh.dir\debug\noredeadfreeze.obj
c:\users\cmonmeow\desktop\shipwright\build\x64\soh\soh.dir\debug\pausebufferinputs.obj
c:\users\cmonmeow\desktop\shipwright\build\x64\soh\soh.dir\debug\pausewarp.obj
c:\users\cmonmeow\desktop\shipwright\build\x64\soh\soh.dir\debug\performancetimer.obj
c:\users\cmonmeow\desktop\shipwright\build\x64\soh\soh.dir\debug\randomizedenemysizes.obj
c:\users\cmonmeow\desktop\shipwright\build\x64\soh\soh.dir\debug\rebottlebluefire.obj
c:\users\cmonmeow\desktop\shipwright\build\x64\soh\soh.dir\debug\remotebombchu.obj
c:\users\cmonmeow\desktop\shipwright\build\x64\soh\soh.dir\debug\removespinattackdarkness.obj
c:\users\cmonmeow\desktop\shipwright\build\x64\soh\soh.dir\debug\resetgameplayframes.obj
c:\users\cmonmeow\desktop\shipwright\build\x64\soh\soh.dir\debug\resetnavitimer.obj
c:\users\cmonmeow\desktop\shipwright\build\x64\soh\soh.dir\debug\rupeedash.obj
c:\users\cmonmeow\desktop\shipwright\build\x64\soh\soh.dir\debug\shadowtag.obj
c:\users\cmonmeow\desktop\shipwright\build\x64\soh\soh.dir\debug\skipamypuzzle.obj
c:\users\cmonmeow\desktop\shipwright\build\x64\soh\soh.dir\debug\skipdekutreeintro.obj
c:\users\cmonmeow\desktop\shipwright\build\x64\soh\soh.dir\debug\skiplostwoodsbridge.obj
c:\users\cmonmeow\desktop\shipwright\build\x64\soh\soh.dir\debug\skipowltravel.obj
c:\users\cmonmeow\desktop\shipwright\build\x64\soh\soh.dir\debug\skiptogivingzeldasletter.obj
c:\users\cmonmeow\desktop\shipwright\build\x64\soh\soh.dir\debug\skipwatergatedelay.obj
c:\users\cmonmeow\desktop\shipwright\build\x64\soh\soh.dir\debug\skipzeldafleeingcastle.obj
c:\users\cmonmeow\desktop\shipwright\build\x64\soh\soh.dir\debug\switchtimermultiplier.obj
c:\users\cmonmeow\desktop\shipwright\build\x64\soh\soh.dir\debug\timeflowfileselect.obj
c:\users\cmonmeow\desktop\shipwright\build\x64\soh\soh.dir\debug\totmedallions.obj
c:\users\cmonmeow\desktop\shipwright\build\x64\soh\soh.dir\debug\treesdropsticks.obj
c:\users\cmonmeow\desktop\shipwright\build\x64\soh\soh.dir\debug\unrestricteditems.obj
c:\users\cmonmeow\desktop\shipwright\build\x64\soh\soh.dir\debug\unsheathewithoutslashing.obj
c:\users\cmonmeow\desktop\shipwright\build\x64\soh\soh.dir\debug\visualagony.obj
c:\users\cmonmeow\desktop\shipwright\build\x64\soh\soh.dir\debug\wideshutterdoorranges.obj
c:\users\cmonmeow\desktop\shipwright\build\x64\soh\soh.dir\debug\vc145.idb
c:\users\cmonmeow\desktop\shipwright\build\x64\soh\soh.dir\debug\vc145.pdb
c:\users\cmonmeow\desktop\shipwright\build\x64\soh\soh.dir\debug\soh.tlog\custombuild.command.1.tlog
c:\users\cmonmeow\desktop\shipwright\build\x64\soh\soh.dir\debug\soh.tlog\custombuild.read.1.tlog
c:\users\cmonmeow\desktop\shipwright\build\x64\soh\soh.dir\debug\soh.tlog\custombuild.write.1.tlog
