c:\users\cmonmeow\desktop\shipwright\build\x64\_deps\stormlib-build\storm.dir\debug\ltm_desc.obj
c:\users\cmonmeow\desktop\shipwright\build\x64\_deps\stormlib-build\storm.dir\debug\crypt_prng_is_valid.obj
c:\users\cmonmeow\desktop\shipwright\build\x64\_deps\stormlib-build\storm.dir\debug\der_decode_octet_string.obj
c:\users\cmonmeow\desktop\shipwright\build\x64\_deps\stormlib-build\storm.dir\debug\der_encode_ia5_string.obj
c:\users\cmonmeow\desktop\shipwright\build\x64\_deps\stormlib-build\storm.dir\debug\der_length_boolean.obj
c:\users\cmonmeow\desktop\shipwright\build\x64\_deps\stormlib-build\storm.dir\debug\ltc_ecc_map.obj
c:\users\cmonmeow\desktop\shipwright\build\x64\_deps\stormlib-build\storm.dir\debug\pkcs_1_v1_5_encode.obj
c:\users\cmonmeow\desktop\shipwright\build\x64\_deps\stormlib-build\storm.dir\debug\bn_fast_s_mp_sqr.obj
c:\users\cmonmeow\desktop\shipwright\build\x64\_deps\stormlib-build\storm.dir\debug\bn_mp_cnt_lsb.obj
c:\users\cmonmeow\desktop\shipwright\build\x64\_deps\stormlib-build\storm.dir\debug\bn_mp_gcd.obj
c:\users\cmonmeow\desktop\shipwright\build\x64\_deps\stormlib-build\storm.dir\debug\bn_mp_is_square.obj
c:\users\cmonmeow\desktop\shipwright\build\x64\_deps\stormlib-build\storm.dir\debug\bn_mp_montgomery_setup.obj
c:\users\cmonmeow\desktop\shipwright\build\x64\_deps\stormlib-build\storm.dir\debug\bn_mp_prime_is_divisible.obj
c:\users\cmonmeow\desktop\shipwright\build\x64\_deps\stormlib-build\storm.dir\debug\bn_mp_reduce.obj
c:\users\cmonmeow\desktop\shipwright\build\x64\_deps\stormlib-build\storm.dir\debug\bn_mp_signed_bin_size.obj
c:\users\cmonmeow\desktop\shipwright\build\x64\_deps\stormlib-build\storm.dir\debug\bn_mp_to_signed_bin_n.obj
c:\users\cmonmeow\desktop\shipwright\build\x64\_deps\stormlib-build\storm.dir\debug\bn_s_mp_exptmod.obj
c:\users\cmonmeow\desktop\shipwright\build\x64\_deps\stormlib-build\storm.dir\debug\implode.obj
c:\users\cmonmeow\desktop\shipwright\build\x64\_deps\stormlib-build\storm.dir\debug\base64_decode.obj
c:\users\cmonmeow\desktop\shipwright\build\x64\_deps\stormlib-build\storm.dir\debug\crypt_ltc_mp_descriptor.obj
c:\users\cmonmeow\desktop\shipwright\build\x64\_deps\stormlib-build\storm.dir\debug\der_decode_ia5_string.obj
c:\users\cmonmeow\desktop\shipwright\build\x64\_deps\stormlib-build\storm.dir\debug\der_decode_short_integer.obj
c:\users\cmonmeow\desktop\shipwright\build\x64\_deps\stormlib-build\storm.dir\debug\der_encode_set.obj
c:\users\cmonmeow\desktop\shipwright\build\x64\_deps\stormlib-build\storm.dir\debug\der_length_utctime.obj
c:\users\cmonmeow\desktop\shipwright\build\x64\_deps\stormlib-build\storm.dir\debug\pkcs_1_oaep_decode.obj
c:\users\cmonmeow\desktop\shipwright\build\x64\_deps\stormlib-build\storm.dir\debug\bn_fast_mp_montgomery_reduce.obj
c:\users\cmonmeow\desktop\shipwright\build\x64\_deps\stormlib-build\storm.dir\debug\bn_mp_clear.obj
c:\users\cmonmeow\desktop\shipwright\build\x64\_deps\stormlib-build\storm.dir\debug\bn_mp_div_2d.obj
c:\users\cmonmeow\desktop\shipwright\build\x64\_deps\stormlib-build\storm.dir\debug\bn_mp_exteuclid.obj
c:\users\cmonmeow\desktop\shipwright\build\x64\_deps\stormlib-build\storm.dir\debug\bn_mp_jacobi.obj
c:\users\cmonmeow\desktop\shipwright\build\x64\_deps\stormlib-build\storm.dir\debug\bn_mp_mulmod.obj
c:\users\cmonmeow\desktop\shipwright\build\x64\_deps\stormlib-build\storm.dir\debug\bn_mp_prime_miller_rabin.obj
c:\users\cmonmeow\desktop\shipwright\build\x64\_deps\stormlib-build\storm.dir\debug\bn_mp_reduce_2k_l.obj
c:\users\cmonmeow\desktop\shipwright\build\x64\_deps\stormlib-build\storm.dir\debug\bn_mp_sqrmod.obj
c:\users\cmonmeow\desktop\shipwright\build\x64\_deps\stormlib-build\storm.dir\debug\bn_mp_to_unsigned_bin.obj
c:\users\cmonmeow\desktop\shipwright\build\x64\_deps\stormlib-build\storm.dir\debug\bn_s_mp_sub.obj
c:\users\cmonmeow\desktop\shipwright\build\x64\_deps\stormlib-build\storm.dir\debug\md5.obj
c:\users\cmonmeow\desktop\shipwright\build\x64\_deps\stormlib-build\storm.dir\debug\crypt_hash_is_valid.obj
c:\users\cmonmeow\desktop\shipwright\build\x64\_deps\stormlib-build\storm.dir\debug\der_decode_choice.obj
c:\users\cmonmeow\desktop\shipwright\build\x64\_deps\stormlib-build\storm.dir\debug\der_decode_utf8_string.obj
c:\users\cmonmeow\desktop\shipwright\build\x64\_deps\stormlib-build\storm.dir\debug\der_encode_setof.obj
c:\users\cmonmeow\desktop\shipwright\build\x64\_deps\stormlib-build\storm.dir\debug\der_sequence_free.obj
c:\users\cmonmeow\desktop\shipwright\build\x64\_deps\stormlib-build\storm.dir\debug\pkcs_1_v1_5_decode.obj
c:\users\cmonmeow\desktop\shipwright\build\x64\_deps\stormlib-build\storm.dir\debug\bn_fast_s_mp_mul_high_digs.obj
c:\users\cmonmeow\desktop\shipwright\build\x64\_deps\stormlib-build\storm.dir\debug\bn_mp_clamp.obj
c:\users\cmonmeow\desktop\shipwright\build\x64\_deps\stormlib-build\storm.dir\debug\bn_mp_div_d.obj
c:\users\cmonmeow\desktop\shipwright\build\x64\_deps\stormlib-build\storm.dir\debug\bn_mp_init.obj
c:\users\cmonmeow\desktop\shipwright\build\x64\_deps\stormlib-build\storm.dir\debug\bn_mp_lcm.obj
c:\users\cmonmeow\desktop\shipwright\build\x64\_deps\stormlib-build\storm.dir\debug\bn_mp_mul_2.obj
c:\users\cmonmeow\desktop\shipwright\build\x64\_deps\stormlib-build\storm.dir\debug\bn_mp_prime_random_ex.obj
c:\users\cmonmeow\desktop\shipwright\build\x64\_deps\stormlib-build\storm.dir\debug\bn_mp_reduce_is_2k.obj
c:\users\cmonmeow\desktop\shipwright\build\x64\_deps\stormlib-build\storm.dir\debug\bn_mp_sub.obj
c:\users\cmonmeow\desktop\shipwright\build\x64\_deps\stormlib-build\storm.dir\debug\bn_mp_zero.obj
c:\users\cmonmeow\desktop\shipwright\build\x64\_deps\stormlib-build\storm.dir\debug\explode.obj
c:\users\cmonmeow\desktop\shipwright\build\x64\_deps\stormlib-build\storm.dir\debug\rand_prime.obj
c:\users\cmonmeow\desktop\shipwright\build\x64\_deps\stormlib-build\storm.dir\debug\crypt_register_hash.obj
c:\users\cmonmeow\desktop\shipwright\build\x64\_deps\stormlib-build\storm.dir\debug\der_decode_object_identifier.obj
c:\users\cmonmeow\desktop\shipwright\build\x64\_deps\stormlib-build\storm.dir\debug\der_encode_boolean.obj
c:\users\cmonmeow\desktop\shipwright\build\x64\_deps\stormlib-build\storm.dir\debug\der_encode_utf8_string.obj
c:\users\cmonmeow\desktop\shipwright\build\x64\_deps\stormlib-build\storm.dir\debug\der_length_short_integer.obj
c:\users\cmonmeow\desktop\shipwright\build\x64\_deps\stormlib-build\storm.dir\debug\rsa_exptmod.obj
c:\users\cmonmeow\desktop\shipwright\build\x64\_deps\stormlib-build\storm.dir\debug\bn_mp_2expt.obj
c:\users\cmonmeow\desktop\shipwright\build\x64\_deps\stormlib-build\storm.dir\debug\bn_mp_cmp.obj
c:\users\cmonmeow\desktop\shipwright\build\x64\_deps\stormlib-build\storm.dir\debug\bn_mp_dr_reduce.obj
c:\users\cmonmeow\desktop\shipwright\build\x64\_deps\stormlib-build\storm.dir\debug\bn_mp_grow.obj
c:\users\cmonmeow\desktop\shipwright\build\x64\_deps\stormlib-build\storm.dir\debug\bn_mp_mod.obj
c:\users\cmonmeow\desktop\shipwright\build\x64\_deps\stormlib-build\storm.dir\debug\bn_mp_or.obj
c:\users\cmonmeow\desktop\shipwright\build\x64\_deps\stormlib-build\storm.dir\debug\bn_mp_read_signed_bin.obj
c:\users\cmonmeow\desktop\shipwright\build\x64\_deps\stormlib-build\storm.dir\debug\bn_mp_set.obj
c:\users\cmonmeow\desktop\shipwright\build\x64\_deps\stormlib-build\storm.dir\debug\bn_mp_toom_mul.obj
c:\users\cmonmeow\desktop\shipwright\build\x64\_deps\stormlib-build\storm.dir\debug\bn_s_mp_add.obj
c:\users\cmonmeow\desktop\shipwright\build\x64\_deps\stormlib-build\storm.dir\debug\lzmadec.obj
c:\users\cmonmeow\desktop\shipwright\build\x64\_deps\stormlib-build\storm.dir\debug\der_encode_bit_string.obj
c:\users\cmonmeow\desktop\shipwright\build\x64\_deps\stormlib-build\storm.dir\debug\der_encode_short_integer.obj
c:\users\cmonmeow\desktop\shipwright\build\x64\_deps\stormlib-build\storm.dir\debug\der_length_octet_string.obj
c:\users\cmonmeow\desktop\shipwright\build\x64\_deps\stormlib-build\storm.dir\debug\pkcs_1_pss_decode.obj
c:\users\cmonmeow\desktop\shipwright\build\x64\_deps\stormlib-build\storm.dir\debug\bncore.obj
c:\users\cmonmeow\desktop\shipwright\build\x64\_deps\stormlib-build\storm.dir\debug\bn_mp_abs.obj
c:\users\cmonmeow\desktop\shipwright\build\x64\_deps\stormlib-build\storm.dir\debug\bn_mp_copy.obj
c:\users\cmonmeow\desktop\shipwright\build\x64\_deps\stormlib-build\storm.dir\debug\bn_mp_fread.obj
c:\users\cmonmeow\desktop\shipwright\build\x64\_deps\stormlib-build\storm.dir\debug\bn_mp_init_size.obj
c:\users\cmonmeow\desktop\shipwright\build\x64\_deps\stormlib-build\storm.dir\debug\bn_mp_montgomery_calc_normalization.obj
c:\users\cmonmeow\desktop\shipwright\build\x64\_deps\stormlib-build\storm.dir\debug\bn_mp_rand.obj
c:\users\cmonmeow\desktop\shipwright\build\x64\_deps\stormlib-build\storm.dir\debug\bn_mp_reduce_setup.obj
c:\users\cmonmeow\desktop\shipwright\build\x64\_deps\stormlib-build\storm.dir\debug\bn_mp_sub_d.obj
c:\users\cmonmeow\desktop\shipwright\build\x64\_deps\stormlib-build\storm.dir\debug\bn_mp_xor.obj
c:\users\cmonmeow\desktop\shipwright\build\x64\_deps\stormlib-build\storm.dir\debug\hash_memory.obj
c:\users\cmonmeow\desktop\shipwright\build\x64\_deps\stormlib-build\storm.dir\debug\crypt_find_hash.obj
c:\users\cmonmeow\desktop\shipwright\build\x64\_deps\stormlib-build\storm.dir\debug\der_decode_bit_string.obj
c:\users\cmonmeow\desktop\shipwright\build\x64\_deps\stormlib-build\storm.dir\debug\der_decode_sequence_flexi.obj
c:\users\cmonmeow\desktop\shipwright\build\x64\_deps\stormlib-build\storm.dir\debug\der_encode_sequence_ex.obj
c:\users\cmonmeow\desktop\shipwright\build\x64\_deps\stormlib-build\storm.dir\debug\der_length_printable_string.obj
c:\users\cmonmeow\desktop\shipwright\build\x64\_deps\stormlib-build\storm.dir\debug\ltc_ecc_projective_dbl_point.obj
c:\users\cmonmeow\desktop\shipwright\build\x64\_deps\stormlib-build\storm.dir\debug\rsa_verify_hash.obj
c:\users\cmonmeow\desktop\shipwright\build\x64\_deps\stormlib-build\storm.dir\debug\bn_mp_cmp_mag.obj
c:\users\cmonmeow\desktop\shipwright\build\x64\_deps\stormlib-build\storm.dir\debug\bn_mp_dr_setup.obj
c:\users\cmonmeow\desktop\shipwright\build\x64\_deps\stormlib-build\storm.dir\debug\bn_mp_init_multi.obj
c:\users\cmonmeow\desktop\shipwright\build\x64\_deps\stormlib-build\storm.dir\debug\bn_mp_karatsuba_sqr.obj
c:\users\cmonmeow\desktop\shipwright\build\x64\_deps\stormlib-build\storm.dir\debug\bn_mp_neg.obj
c:\users\cmonmeow\desktop\shipwright\build\x64\_deps\stormlib-build\storm.dir\debug\bn_mp_radix_size.obj
c:\users\cmonmeow\desktop\shipwright\build\x64\_deps\stormlib-build\storm.dir\debug\bn_mp_reduce_is_2k_l.obj
c:\users\cmonmeow\desktop\shipwright\build\x64\_deps\stormlib-build\storm.dir\debug\bn_mp_to_signed_bin.obj
c:\users\cmonmeow\desktop\shipwright\build\x64\_deps\stormlib-build\storm.dir\debug\bn_s_mp_mul_high_digs.obj
c:\users\cmonmeow\desktop\shipwright\build\x64\_deps\stormlib-build\storm.dir\debug\sha1.obj
c:\users\cmonmeow\desktop\shipwright\build\x64\_deps\stormlib-build\storm.dir\debug\crypt_find_prng.obj
c:\users\cmonmeow\desktop\shipwright\build\x64\_deps\stormlib-build\storm.dir\debug\der_decode_boolean.obj
c:\users\cmonmeow\desktop\shipwright\build\x64\_deps\stormlib-build\storm.dir\debug\der_decode_sequence_multi.obj
c:\users\cmonmeow\desktop\shipwright\build\x64\_deps\stormlib-build\storm.dir\debug\der_encode_sequence_multi.obj
c:\users\cmonmeow\desktop\shipwright\build\x64\_deps\stormlib-build\storm.dir\debug\der_length_sequence.obj
c:\users\cmonmeow\desktop\shipwright\build\x64\_deps\stormlib-build\storm.dir\debug\pkcs_1_mgf1.obj
c:\users\cmonmeow\desktop\shipwright\build\x64\_deps\stormlib-build\storm.dir\debug\bn_fast_mp_invmod.obj
c:\users\cmonmeow\desktop\shipwright\build\x64\_deps\stormlib-build\storm.dir\debug\bn_mp_add.obj
c:\users\cmonmeow\desktop\shipwright\build\x64\_deps\stormlib-build\storm.dir\debug\bn_mp_div_2.obj
c:\users\cmonmeow\desktop\shipwright\build\x64\_deps\stormlib-build\storm.dir\debug\bn_mp_exptmod.obj
c:\users\cmonmeow\desktop\shipwright\build\x64\_deps\stormlib-build\storm.dir\debug\bn_mp_init_set.obj
c:\users\cmonmeow\desktop\shipwright\build\x64\_deps\stormlib-build\storm.dir\debug\bn_mp_mod_2d.obj
c:\users\cmonmeow\desktop\shipwright\build\x64\_deps\stormlib-build\storm.dir\debug\bn_mp_prime_fermat.obj
c:\users\cmonmeow\desktop\shipwright\build\x64\_deps\stormlib-build\storm.dir\debug\bn_mp_read_radix.obj
c:\users\cmonmeow\desktop\shipwright\build\x64\_deps\stormlib-build\storm.dir\debug\bn_mp_shrink.obj
c:\users\cmonmeow\desktop\shipwright\build\x64\_deps\stormlib-build\storm.dir\debug\bn_mp_toradix.obj
c:\users\cmonmeow\desktop\shipwright\build\x64\_deps\stormlib-build\storm.dir\debug\bn_reverse.obj
c:\users\cmonmeow\desktop\shipwright\build\x64\_deps\stormlib-build\storm.dir\debug\lzmaenc.obj
c:\users\cmonmeow\desktop\shipwright\build\x64\_deps\stormlib-build\storm.dir\debug\der_encode_object_identifier.obj
c:\users\cmonmeow\desktop\shipwright\build\x64\_deps\stormlib-build\storm.dir\debug\der_length_ia5_string.obj
c:\users\cmonmeow\desktop\shipwright\build\x64\_deps\stormlib-build\storm.dir\debug\ltc_ecc_points.obj
c:\users\cmonmeow\desktop\shipwright\build\x64\_deps\stormlib-build\storm.dir\debug\rsa_free.obj
c:\users\cmonmeow\desktop\shipwright\build\x64\_deps\stormlib-build\storm.dir\debug\bn_mp_addmod.obj
c:\users\cmonmeow\desktop\shipwright\build\x64\_deps\stormlib-build\storm.dir\debug\bn_mp_count_bits.obj
c:\users\cmonmeow\desktop\shipwright\build\x64\_deps\stormlib-build\storm.dir\debug\bn_mp_expt_d.obj
c:\users\cmonmeow\desktop\shipwright\build\x64\_deps\stormlib-build\storm.dir\debug\bn_mp_invmod_slow.obj
c:\users\cmonmeow\desktop\shipwright\build\x64\_deps\stormlib-build\storm.dir\debug\bn_mp_montgomery_reduce.obj
c:\users\cmonmeow\desktop\shipwright\build\x64\_deps\stormlib-build\storm.dir\debug\bn_mp_prime_next_prime.obj
c:\users\cmonmeow\desktop\shipwright\build\x64\_deps\stormlib-build\storm.dir\debug\bn_mp_reduce_2k_setup_l.obj
c:\users\cmonmeow\desktop\shipwright\build\x64\_deps\stormlib-build\storm.dir\debug\bn_mp_submod.obj
c:\users\cmonmeow\desktop\shipwright\build\x64\_deps\stormlib-build\storm.dir\debug\bn_prime_tab.obj
c:\users\cmonmeow\desktop\shipwright\build\x64\_deps\stormlib-build\storm.dir\debug\lookup3.obj
c:\users\cmonmeow\desktop\shipwright\build\x64\_deps\stormlib-build\storm.dir\debug\multi.obj
c:\users\cmonmeow\desktop\shipwright\build\x64\_deps\stormlib-build\storm.dir\debug\crypt_prng_descriptor.obj
c:\users\cmonmeow\desktop\shipwright\build\x64\_deps\stormlib-build\storm.dir\debug\der_decode_integer.obj
c:\users\cmonmeow\desktop\shipwright\build\x64\_deps\stormlib-build\storm.dir\debug\der_decode_utctime.obj
c:\users\cmonmeow\desktop\shipwright\build\x64\_deps\stormlib-build\storm.dir\debug\der_encode_utctime.obj
c:\users\cmonmeow\desktop\shipwright\build\x64\_deps\stormlib-build\storm.dir\debug\der_length_utf8_string.obj
c:\users\cmonmeow\desktop\shipwright\build\x64\_deps\stormlib-build\storm.dir\debug\pkcs_1_pss_encode.obj
c:\users\cmonmeow\desktop\shipwright\build\x64\_deps\stormlib-build\storm.dir\debug\bn_fast_s_mp_mul_digs.obj
c:\users\cmonmeow\desktop\shipwright\build\x64\_deps\stormlib-build\storm.dir\debug\bn_mp_and.obj
c:\users\cmonmeow\desktop\shipwright\build\x64\_deps\stormlib-build\storm.dir\debug\bn_mp_div_3.obj
c:\users\cmonmeow\desktop\shipwright\build\x64\_deps\stormlib-build\storm.dir\debug\bn_mp_fwrite.obj
c:\users\cmonmeow\desktop\shipwright\build\x64\_deps\stormlib-build\storm.dir\debug\bn_mp_init_set_int.obj
c:\users\cmonmeow\desktop\shipwright\build\x64\_deps\stormlib-build\storm.dir\debug\bn_mp_mod_d.obj
c:\users\cmonmeow\desktop\shipwright\build\x64\_deps\stormlib-build\storm.dir\debug\bn_mp_n_root.obj
c:\users\cmonmeow\desktop\shipwright\build\x64\_deps\stormlib-build\storm.dir\debug\bn_mp_read_unsigned_bin.obj
c:\users\cmonmeow\desktop\shipwright\build\x64\_deps\stormlib-build\storm.dir\debug\bn_mp_sqr.obj
c:\users\cmonmeow\desktop\shipwright\build\x64\_deps\stormlib-build\storm.dir\debug\bn_mp_unsigned_bin_size.obj
c:\users\cmonmeow\desktop\shipwright\build\x64\_deps\stormlib-build\storm.dir\debug\crypt_libc.obj
c:\users\cmonmeow\desktop\shipwright\build\x64\_deps\stormlib-build\storm.dir\debug\crypt_argchk.obj
c:\users\cmonmeow\desktop\shipwright\build\x64\_deps\stormlib-build\storm.dir\debug\crypt_register_prng.obj
c:\users\cmonmeow\desktop\shipwright\build\x64\_deps\stormlib-build\storm.dir\debug\der_decode_printable_string.obj
c:\users\cmonmeow\desktop\shipwright\build\x64\_deps\stormlib-build\storm.dir\debug\der_encode_octet_string.obj
c:\users\cmonmeow\desktop\shipwright\build\x64\_deps\stormlib-build\storm.dir\debug\der_length_integer.obj
c:\users\cmonmeow\desktop\shipwright\build\x64\_deps\stormlib-build\storm.dir\debug\ltc_ecc_projective_add_point.obj
c:\users\cmonmeow\desktop\shipwright\build\x64\_deps\stormlib-build\storm.dir\debug\rsa_sign_hash.obj
c:\users\cmonmeow\desktop\shipwright\build\x64\_deps\stormlib-build\storm.dir\debug\bn_mp_cmp_d.obj
c:\users\cmonmeow\desktop\shipwright\build\x64\_deps\stormlib-build\storm.dir\debug\bn_mp_exch.obj
c:\users\cmonmeow\desktop\shipwright\build\x64\_deps\stormlib-build\storm.dir\debug\bn_mp_init_copy.obj
c:\users\cmonmeow\desktop\shipwright\build\x64\_deps\stormlib-build\storm.dir\debug\bn_mp_lshd.obj
c:\users\cmonmeow\desktop\shipwright\build\x64\_deps\stormlib-build\storm.dir\debug\bn_mp_mul_2d.obj
c:\users\cmonmeow\desktop\shipwright\build\x64\_deps\stormlib-build\storm.dir\debug\bn_mp_radix_smap.obj
c:\users\cmonmeow\desktop\shipwright\build\x64\_deps\stormlib-build\storm.dir\debug\bn_mp_rshd.obj
c:\users\cmonmeow\desktop\shipwright\build\x64\_deps\stormlib-build\storm.dir\debug\bn_mp_toom_sqr.obj
c:\users\cmonmeow\desktop\shipwright\build\x64\_deps\stormlib-build\storm.dir\debug\bn_s_mp_sqr.obj
c:\users\cmonmeow\desktop\shipwright\build\x64\_deps\stormlib-build\storm.dir\debug\rsa_verify_simple.obj
c:\users\cmonmeow\desktop\shipwright\build\x64\_deps\stormlib-build\storm.dir\debug\crypt_hash_descriptor.obj
c:\users\cmonmeow\desktop\shipwright\build\x64\_deps\stormlib-build\storm.dir\debug\zeromem.obj
c:\users\cmonmeow\desktop\shipwright\build\x64\_deps\stormlib-build\storm.dir\debug\der_decode_sequence_ex.obj
c:\users\cmonmeow\desktop\shipwright\build\x64\_deps\stormlib-build\storm.dir\debug\der_encode_printable_string.obj
c:\users\cmonmeow\desktop\shipwright\build\x64\_deps\stormlib-build\storm.dir\debug\der_length_object_identifier.obj
c:\users\cmonmeow\desktop\shipwright\build\x64\_deps\stormlib-build\storm.dir\debug\ltc_ecc_mul2add.obj
c:\users\cmonmeow\desktop\shipwright\build\x64\_deps\stormlib-build\storm.dir\debug\rsa_import.obj
c:\users\cmonmeow\desktop\shipwright\build\x64\_deps\stormlib-build\storm.dir\debug\bn_mp_add_d.obj
c:\users\cmonmeow\desktop\shipwright\build\x64\_deps\stormlib-build\storm.dir\debug\bn_mp_div.obj
c:\users\cmonmeow\desktop\shipwright\build\x64\_deps\stormlib-build\storm.dir\debug\bn_mp_exptmod_fast.obj
c:\users\cmonmeow\desktop\shipwright\build\x64\_deps\stormlib-build\storm.dir\debug\bn_mp_invmod.obj
c:\users\cmonmeow\desktop\shipwright\build\x64\_deps\stormlib-build\storm.dir\debug\bn_mp_mul.obj
c:\users\cmonmeow\desktop\shipwright\build\x64\_deps\stormlib-build\storm.dir\debug\bn_mp_prime_is_prime.obj
c:\users\cmonmeow\desktop\shipwright\build\x64\_deps\stormlib-build\storm.dir\debug\bn_mp_reduce_2k.obj
c:\users\cmonmeow\desktop\shipwright\build\x64\_deps\stormlib-build\storm.dir\debug\bn_mp_set_int.obj
c:\users\cmonmeow\desktop\shipwright\build\x64\_deps\stormlib-build\storm.dir\debug\bn_mp_toradix_n.obj
c:\users\cmonmeow\desktop\shipwright\build\x64\_deps\stormlib-build\storm.dir\debug\bn_s_mp_mul_digs.obj
c:\users\cmonmeow\desktop\shipwright\build\x64\_deps\stormlib-build\storm.dir\debug\lzfind.obj
c:\users\cmonmeow\desktop\shipwright\build\x64\_deps\stormlib-build\storm.dir\debug\der_encode_integer.obj
c:\users\cmonmeow\desktop\shipwright\build\x64\_deps\stormlib-build\storm.dir\debug\der_length_bit_string.obj
c:\users\cmonmeow\desktop\shipwright\build\x64\_deps\stormlib-build\storm.dir\debug\ltc_ecc_mulmod.obj
c:\users\cmonmeow\desktop\shipwright\build\x64\_deps\stormlib-build\storm.dir\debug\rsa_make_key.obj
c:\users\cmonmeow\desktop\shipwright\build\x64\_deps\stormlib-build\storm.dir\debug\bn_mp_clear_multi.obj
c:\users\cmonmeow\desktop\shipwright\build\x64\_deps\stormlib-build\storm.dir\debug\bn_mp_dr_is_modulus.obj
c:\users\cmonmeow\desktop\shipwright\build\x64\_deps\stormlib-build\storm.dir\debug\bn_mp_get_int.obj
c:\users\cmonmeow\desktop\shipwright\build\x64\_deps\stormlib-build\storm.dir\debug\bn_mp_karatsuba_mul.obj
c:\users\cmonmeow\desktop\shipwright\build\x64\_deps\stormlib-build\storm.dir\debug\bn_mp_mul_d.obj
c:\users\cmonmeow\desktop\shipwright\build\x64\_deps\stormlib-build\storm.dir\debug\bn_mp_prime_rabin_miller_trials.obj
c:\users\cmonmeow\desktop\shipwright\build\x64\_deps\stormlib-build\storm.dir\debug\bn_mp_reduce_2k_setup.obj
c:\users\cmonmeow\desktop\shipwright\build\x64\_deps\stormlib-build\storm.dir\debug\bn_mp_sqrt.obj
c:\users\cmonmeow\desktop\shipwright\build\x64\_deps\stormlib-build\storm.dir\debug\bn_mp_to_unsigned_bin_n.obj
c:\users\cmonmeow\desktop\shipwright\build\x64\_deps\stormlib-build\storm.dir\debug\adpcm.obj
c:\users\cmonmeow\desktop\shipwright\build\x64\_deps\stormlib-build\storm.dir\debug\sfilecreatearchive.obj
c:\users\cmonmeow\desktop\shipwright\build\x64\_deps\stormlib-build\storm.dir\debug\huff.obj
c:\users\cmonmeow\desktop\shipwright\build\x64\_deps\stormlib-build\storm.dir\debug\sfilefindfile.obj
c:\users\cmonmeow\desktop\shipwright\build\x64\_deps\stormlib-build\storm.dir\debug\filestream.obj
c:\users\cmonmeow\desktop\shipwright\build\x64\_deps\stormlib-build\storm.dir\debug\sfileverify.obj
c:\users\cmonmeow\desktop\shipwright\build\x64\_deps\stormlib-build\storm.dir\debug\sparse.obj
c:\users\cmonmeow\desktop\shipwright\build\x64\_deps\stormlib-build\storm.dir\debug\sfileextractfile.obj
c:\users\cmonmeow\desktop\shipwright\build\x64\_deps\stormlib-build\storm.dir\debug\sbasecommon.obj
c:\users\cmonmeow\desktop\shipwright\build\x64\_deps\stormlib-build\storm.dir\debug\sfileopenarchive.obj
c:\users\cmonmeow\desktop\shipwright\build\x64\_deps\stormlib-build\storm.dir\debug\sbasefiletable.obj
c:\users\cmonmeow\desktop\shipwright\build\x64\_deps\stormlib-build\storm.dir\debug\sfilereadfile.obj
c:\users\cmonmeow\desktop\shipwright\build\x64\_deps\stormlib-build\storm.dir\debug\sbasesubtypes.obj
c:\users\cmonmeow\desktop\shipwright\build\x64\_deps\stormlib-build\storm.dir\debug\sfilelistfile.obj
c:\users\cmonmeow\desktop\shipwright\build\x64\_deps\stormlib-build\storm.dir\debug\sbasedumpdata.obj
c:\users\cmonmeow\desktop\shipwright\build\x64\_deps\stormlib-build\storm.dir\debug\sfilegetfileinfo.obj
c:\users\cmonmeow\desktop\shipwright\build\x64\_deps\stormlib-build\storm.dir\debug\sfileaddfile.obj
c:\users\cmonmeow\desktop\shipwright\build\x64\_deps\stormlib-build\storm.dir\debug\sfilecompactarchive.obj
c:\users\cmonmeow\desktop\shipwright\build\x64\_deps\stormlib-build\storm.dir\debug\sfileopenfileex.obj
c:\users\cmonmeow\desktop\shipwright\build\x64\_deps\stormlib-build\storm.dir\debug\scompression.obj
c:\users\cmonmeow\desktop\shipwright\build\x64\_deps\stormlib-build\storm.dir\debug\sfilepatcharchives.obj
c:\users\cmonmeow\desktop\shipwright\build\x64\_deps\stormlib-build\storm.dir\debug\sfileattributes.obj
c:\users\cmonmeow\desktop\shipwright\build\x64\_deps\stormlib-build\cmakefiles\generate.stamp
c:\users\cmonmeow\desktop\shipwright\build\x64\_deps\stormlib-build\debug\stormlib.lib
c:\users\cmonmeow\desktop\shipwright\build\x64\_deps\stormlib-build\storm.dir\debug\storm.tlog\cl.10360.write.1.tlog
c:\users\cmonmeow\desktop\shipwright\build\x64\_deps\stormlib-build\storm.dir\debug\storm.tlog\cl.command.1.tlog
c:\users\cmonmeow\desktop\shipwright\build\x64\_deps\stormlib-build\storm.dir\debug\storm.tlog\cl.items.tlog
c:\users\cmonmeow\desktop\shipwright\build\x64\_deps\stormlib-build\storm.dir\debug\storm.tlog\cl.read.1.tlog
c:\users\cmonmeow\desktop\shipwright\build\x64\_deps\stormlib-build\storm.dir\debug\storm.tlog\custombuild.command.1.tlog
c:\users\cmonmeow\desktop\shipwright\build\x64\_deps\stormlib-build\storm.dir\debug\storm.tlog\custombuild.read.1.tlog
c:\users\cmonmeow\desktop\shipwright\build\x64\_deps\stormlib-build\storm.dir\debug\storm.tlog\custombuild.write.1.tlog
c:\users\cmonmeow\desktop\shipwright\build\x64\_deps\stormlib-build\storm.dir\debug\storm.tlog\lib-link.read.1.tlog
c:\users\cmonmeow\desktop\shipwright\build\x64\_deps\stormlib-build\storm.dir\debug\storm.tlog\lib-link.write.1.tlog
c:\users\cmonmeow\desktop\shipwright\build\x64\_deps\stormlib-build\storm.dir\debug\storm.tlog\lib.command.1.tlog
