c:\users\cmonmeow\desktop\shipwright\build\x64\otrexporter\otrexporter\otrexporter.dir\debug\displaylistexporter.obj
c:\users\cmonmeow\desktop\shipwright\build\x64\otrexporter\otrexporter\otrexporter.dir\debug\exporterarchiveo2r.obj
c:\users\cmonmeow\desktop\shipwright\build\x64\otrexporter\otrexporter\otrexporter.dir\debug\pathexporter.obj
c:\users\cmonmeow\desktop\shipwright\build\x64\otrexporter\otrexporter\otrexporter.dir\debug\audioexporter.obj
c:\users\cmonmeow\desktop\shipwright\build\x64\otrexporter\otrexporter\otrexporter.dir\debug\vtxexporter.obj
c:\users\cmonmeow\desktop\shipwright\build\x64\otrexporter\otrexporter\otrexporter.dir\debug\ckeyframeexporter.obj
c:\users\cmonmeow\desktop\shipwright\build\x64\otrexporter\otrexporter\otrexporter.dir\debug\exporterarchiveotr.obj
c:\users\cmonmeow\desktop\shipwright\build\x64\otrexporter\otrexporter\otrexporter.dir\debug\main.obj
c:\users\cmonmeow\desktop\shipwright\build\x64\otrexporter\otrexporter\otrexporter.dir\debug\blobexporter.obj
c:\users\cmonmeow\desktop\shipwright\build\x64\otrexporter\otrexporter\otrexporter.dir\debug\skeletonexporter.obj
c:\users\cmonmeow\desktop\shipwright\build\x64\otrexporter\otrexporter\otrexporter.dir\debug\cutsceneexporter.obj
c:\users\cmonmeow\desktop\shipwright\build\x64\otrexporter\otrexporter\otrexporter.dir\debug\textmmexporter.obj
c:\users\cmonmeow\desktop\shipwright\build\x64\otrexporter\otrexporter\otrexporter.dir\debug\textureexporter.obj
c:\users\cmonmeow\desktop\shipwright\build\x64\otrexporter\otrexporter\otrexporter.dir\debug\exporter.obj
c:\users\cmonmeow\desktop\shipwright\build\x64\otrexporter\otrexporter\otrexporter.dir\debug\playeranimationexporter.obj
c:\users\cmonmeow\desktop\shipwright\build\x64\otrexporter\otrexporter\otrexporter.dir\debug\collisionexporter.obj
c:\users\cmonmeow\desktop\shipwright\build\x64\otrexporter\otrexporter\otrexporter.dir\debug\skeletonlimbexporter.obj
c:\users\cmonmeow\desktop\shipwright\build\x64\otrexporter\otrexporter\otrexporter.dir\debug\animationexporter.obj
c:\users\cmonmeow\desktop\shipwright\build\x64\otrexporter\otrexporter\otrexporter.dir\debug\textureanimationexporter.obj
c:\users\cmonmeow\desktop\shipwright\build\x64\otrexporter\otrexporter\otrexporter.dir\debug\versioninfo.obj
c:\users\cmonmeow\desktop\shipwright\build\x64\otrexporter\otrexporter\otrexporter.dir\debug\exporterarchive.obj
c:\users\cmonmeow\desktop\shipwright\build\x64\otrexporter\otrexporter\otrexporter.dir\debug\mtxexporter.obj
c:\users\cmonmeow\desktop\shipwright\build\x64\otrexporter\otrexporter\otrexporter.dir\debug\backgroundexporter.obj
c:\users\cmonmeow\desktop\shipwright\build\x64\otrexporter\otrexporter\otrexporter.dir\debug\textexporter.obj
c:\users\cmonmeow\desktop\shipwright\build\x64\otrexporter\otrexporter\otrexporter.dir\debug\arrayexporter.obj
c:\users\cmonmeow\desktop\shipwright\build\x64\otrexporter\otrexporter\otrexporter.dir\debug\roomexporter.obj
c:\users\cmonmeow\desktop\shipwright\x64\debug\otrexporter.pdb
c:\users\cmonmeow\desktop\shipwright\build\x64\otrexporter\otrexporter\cmakefiles\generate.stamp
c:\users\cmonmeow\desktop\shipwright\x64\debug\otrexporter.lib
c:\users\cmonmeow\desktop\shipwright\build\x64\otrexporter\otrexporter\otrexporter.dir\debug\otrexporter.tlog\cl.10504.write.1.tlog
c:\users\cmonmeow\desktop\shipwright\build\x64\otrexporter\otrexporter\otrexporter.dir\debug\otrexporter.tlog\cl.command.1.tlog
c:\users\cmonmeow\desktop\shipwright\build\x64\otrexporter\otrexporter\otrexporter.dir\debug\otrexporter.tlog\cl.items.tlog
c:\users\cmonmeow\desktop\shipwright\build\x64\otrexporter\otrexporter\otrexporter.dir\debug\otrexporter.tlog\cl.read.1.tlog
c:\users\cmonmeow\desktop\shipwright\build\x64\otrexporter\otrexporter\otrexporter.dir\debug\otrexporter.tlog\custombuild.command.1.tlog
c:\users\cmonmeow\desktop\shipwright\build\x64\otrexporter\otrexporter\otrexporter.dir\debug\otrexporter.tlog\custombuild.read.1.tlog
c:\users\cmonmeow\desktop\shipwright\build\x64\otrexporter\otrexporter\otrexporter.dir\debug\otrexporter.tlog\custombuild.write.1.tlog
c:\users\cmonmeow\desktop\shipwright\build\x64\otrexporter\otrexporter\otrexporter.dir\debug\otrexporter.tlog\lib-link.read.1.tlog
c:\users\cmonmeow\desktop\shipwright\build\x64\otrexporter\otrexporter\otrexporter.dir\debug\otrexporter.tlog\lib-link.write.1.tlog
c:\users\cmonmeow\desktop\shipwright\build\x64\otrexporter\otrexporter\otrexporter.dir\debug\otrexporter.tlog\lib.command.1.tlog
