c:\users\cmonmeow\desktop\shipwright\build\x64\soh\pathengine_network.dir\release\reliableudpservice.obj
c:\users\cmonmeow\desktop\shipwright\build\x64\soh\pathengine_network.dir\release\netmessage.obj
c:\users\cmonmeow\desktop\shipwright\build\x64\soh\pathengine_network.dir\release\netapi.obj
c:\users\cmonmeow\desktop\shipwright\build\x64\soh\pathengine_network.dir\release\bitmask.obj
c:\users\cmonmeow\desktop\shipwright\build\x64\soh\pathengine_network.dir\release\nettransportnet.obj
c:\users\cmonmeow\desktop\shipwright\build\x64\soh\pathengine_network.dir\release\netchannel.obj
c:\users\cmonmeow\desktop\shipwright\build\x64\soh\pathengine_network.dir\release\netpeer.obj
c:\users\cmonmeow\desktop\shipwright\build\x64\soh\pathengine_network.dir\release\shipwrightnetworkruntime.obj
c:\users\cmonmeow\desktop\shipwright\build\x64\soh\pathengine_network.dir\release\servercollisionworld.obj
c:\users\cmonmeow\desktop\shipwright\build\x64\soh\cmakefiles\generate.stamp
c:\users\cmonmeow\desktop\shipwright\build\x64\soh\release\pathengine_network.lib
c:\users\cmonmeow\desktop\shipwright\build\x64\soh\pathengine_network.dir\release\pathengi.cc8974d8.tlog\cl.command.1.tlog
c:\users\cmonmeow\desktop\shipwright\build\x64\soh\pathengine_network.dir\release\pathengi.cc8974d8.tlog\cl.items.tlog
c:\users\cmonmeow\desktop\shipwright\build\x64\soh\pathengine_network.dir\release\pathengi.cc8974d8.tlog\cl.read.1.tlog
c:\users\cmonmeow\desktop\shipwright\build\x64\soh\pathengine_network.dir\release\pathengi.cc8974d8.tlog\cl.write.1.tlog
c:\users\cmonmeow\desktop\shipwright\build\x64\soh\pathengine_network.dir\release\pathengi.cc8974d8.tlog\custombuild.command.1.tlog
c:\users\cmonmeow\desktop\shipwright\build\x64\soh\pathengine_network.dir\release\pathengi.cc8974d8.tlog\custombuild.read.1.tlog
c:\users\cmonmeow\desktop\shipwright\build\x64\soh\pathengine_network.dir\release\pathengi.cc8974d8.tlog\custombuild.write.1.tlog
c:\users\cmonmeow\desktop\shipwright\build\x64\soh\pathengine_network.dir\release\pathengi.cc8974d8.tlog\lib-link.read.1.tlog
c:\users\cmonmeow\desktop\shipwright\build\x64\soh\pathengine_network.dir\release\pathengi.cc8974d8.tlog\lib-link.write.1.tlog
c:\users\cmonmeow\desktop\shipwright\build\x64\soh\pathengine_network.dir\release\pathengi.cc8974d8.tlog\lib.command.1.tlog
