  AnimationExporter.cpp
  ArrayExporter.cpp
  AudioExporter.cpp
  BackgroundExporter.cpp
  BlobExporter.cpp
  CollisionExporter.cpp
  CKeyFrameExporter.cpp
  CutsceneExporter.cpp
  DisplayListExporter.cpp
  Exporter.cpp
  ExporterArchive.cpp
  ExporterArchiveO2R.cpp
  ExporterArchiveOTR.cpp
  Main.cpp
C:\Users\CmonMeow\Desktop\Shipwright\ZAPDTR\ZAPD\Utils\BitConverter.h(197,50): warning C4267: 'argument': conversion from 'size_t' to 'int32_t', possible loss of data
  (compiling source file '../../../../OTRExporter/OTRExporter/AudioExporter.cpp')
  
C:\Users\CmonMeow\Desktop\Shipwright\ZAPDTR\ZAPD\Utils\BitConverter.h(202,50): warning C4267: 'argument': conversion from 'size_t' to 'int32_t', possible loss of data
  (compiling source file '../../../../OTRExporter/OTRExporter/AudioExporter.cpp')
  
C:\Users\CmonMeow\Desktop\Shipwright\ZAPDTR\ZAPD\Utils\BitConverter.h(197,50): warning C4267: 'argument': conversion from 'size_t' to 'int32_t', possible loss of data
  (compiling source file '../../../../OTRExporter/OTRExporter/AnimationExporter.cpp')
  
C:\Users\CmonMeow\Desktop\Shipwright\ZAPDTR\ZAPD\Utils\BitConverter.h(202,50): warning C4267: 'argument': conversion from 'size_t' to 'int32_t', possible loss of data
  (compiling source file '../../../../OTRExporter/OTRExporter/AnimationExporter.cpp')
  
C:\Users\CmonMeow\Desktop\Shipwright\ZAPDTR\ZAPD\Utils\BitConverter.h(197,50): warning C4267: 'argument': conversion from 'size_t' to 'int32_t', possible loss of data
  (compiling source file '../../../../OTRExporter/OTRExporter/CutsceneExporter.cpp')
  
C:\Users\CmonMeow\Desktop\Shipwright\ZAPDTR\ZAPD\Utils\BitConverter.h(202,50): warning C4267: 'argument': conversion from 'size_t' to 'int32_t', possible loss of data
  (compiling source file '../../../../OTRExporter/OTRExporter/CutsceneExporter.cpp')
  
C:\Users\CmonMeow\Desktop\Shipwright\ZAPDTR\ZAPD\Utils\BitConverter.h(197,50): warning C4267: 'argument': conversion from 'size_t' to 'int32_t', possible loss of data
  (compiling source file '../../../../OTRExporter/OTRExporter/BlobExporter.cpp')
  
C:\Users\CmonMeow\Desktop\Shipwright\ZAPDTR\ZAPD\Utils\BitConverter.h(202,50): warning C4267: 'argument': conversion from 'size_t' to 'int32_t', possible loss of data
  (compiling source file '../../../../OTRExporter/OTRExporter/BlobExporter.cpp')
  
C:\Users\CmonMeow\Desktop\Shipwright\ZAPDTR\ZAPD\Utils\BitConverter.h(197,50): warning C4267: 'argument': conversion from 'size_t' to 'int32_t', possible loss of data
  (compiling source file '../../../../OTRExporter/OTRExporter/CollisionExporter.cpp')
  
C:\Users\CmonMeow\Desktop\Shipwright\ZAPDTR\ZAPD\Utils\BitConverter.h(202,50): warning C4267: 'argument': conversion from 'size_t' to 'int32_t', possible loss of data
  (compiling source file '../../../../OTRExporter/OTRExporter/CollisionExporter.cpp')
  
C:\Users\CmonMeow\Desktop\Shipwright\ZAPDTR\ZAPD\Utils\BitConverter.h(197,50): warning C4267: 'argument': conversion from 'size_t' to 'int32_t', possible loss of data
  (compiling source file '../../../../OTRExporter/OTRExporter/ArrayExporter.cpp')
  
C:\Users\CmonMeow\Desktop\Shipwright\ZAPDTR\ZAPD\Utils\BitConverter.h(202,50): warning C4267: 'argument': conversion from 'size_t' to 'int32_t', possible loss of data
  (compiling source file '../../../../OTRExporter/OTRExporter/ArrayExporter.cpp')
  
C:\Users\CmonMeow\Desktop\Shipwright\ZAPDTR\ZAPD\Utils\BitConverter.h(197,50): warning C4267: 'argument': conversion from 'size_t' to 'int32_t', possible loss of data
  (compiling source file '../../../../OTRExporter/OTRExporter/BackgroundExporter.cpp')
  
C:\Users\CmonMeow\Desktop\Shipwright\ZAPDTR\ZAPD\Utils\BitConverter.h(202,50): warning C4267: 'argument': conversion from 'size_t' to 'int32_t', possible loss of data
  (compiling source file '../../../../OTRExporter/OTRExporter/BackgroundExporter.cpp')
  
C:\Users\CmonMeow\Desktop\Shipwright\ZAPDTR\ZAPD\Utils\BitConverter.h(197,50): warning C4267: 'argument': conversion from 'size_t' to 'int32_t', possible loss of data
  (compiling source file '../../../../OTRExporter/OTRExporter/DisplayListExporter.cpp')
  
C:\Users\CmonMeow\Desktop\Shipwright\ZAPDTR\ZAPD\Utils\BitConverter.h(202,50): warning C4267: 'argument': conversion from 'size_t' to 'int32_t', possible loss of data
  (compiling source file '../../../../OTRExporter/OTRExporter/DisplayListExporter.cpp')
  
C:\Users\CmonMeow\Desktop\Shipwright\ZAPDTR\ZAPD\Utils\BitConverter.h(197,50): warning C4267: 'argument': conversion from 'size_t' to 'int32_t', possible loss of data
  (compiling source file '../../../../OTRExporter/OTRExporter/Exporter.cpp')
  
C:\Users\CmonMeow\Desktop\Shipwright\ZAPDTR\ZAPD\Utils\BitConverter.h(202,50): warning C4267: 'argument': conversion from 'size_t' to 'int32_t', possible loss of data
  (compiling source file '../../../../OTRExporter/OTRExporter/Exporter.cpp')
  
C:\Users\CmonMeow\Desktop\Shipwright\ZAPDTR\ZAPD\Utils\BitConverter.h(197,50): warning C4267: 'argument': conversion from 'size_t' to 'int32_t', possible loss of data
  (compiling source file '../../../../OTRExporter/OTRExporter/Main.cpp')
  
C:\Users\CmonMeow\Desktop\Shipwright\ZAPDTR\ZAPD\Utils\BitConverter.h(202,50): warning C4267: 'argument': conversion from 'size_t' to 'int32_t', possible loss of data
  (compiling source file '../../../../OTRExporter/OTRExporter/Main.cpp')
  
  MtxExporter.cpp
C:\Users\CmonMeow\Desktop\Shipwright\OTRExporter\OTRExporter\DisplayListExporter.cpp(107,23): warning C4244: '=': conversion from 'uintptr_t' to 'uint32_t', possible loss of data
C:\Users\CmonMeow\Desktop\Shipwright\OTRExporter\OTRExporter\DisplayListExporter.cpp(108,23): warning C4244: '=': conversion from 'uintptr_t' to 'uint32_t', possible loss of data
C:\Users\CmonMeow\Desktop\Shipwright\OTRExporter\OTRExporter\DisplayListExporter.cpp(114,23): warning C4244: '=': conversion from 'uintptr_t' to 'uint32_t', possible loss of data
C:\Users\CmonMeow\Desktop\Shipwright\OTRExporter\OTRExporter\DisplayListExporter.cpp(115,23): warning C4244: '=': conversion from 'uintptr_t' to 'uint32_t', possible loss of data
C:\Users\CmonMeow\Desktop\Shipwright\OTRExporter\OTRExporter\DisplayListExporter.cpp(125,23): warning C4244: '=': conversion from 'uintptr_t' to 'uint32_t', possible loss of data
C:\Users\CmonMeow\Desktop\Shipwright\OTRExporter\OTRExporter\DisplayListExporter.cpp(126,23): warning C4244: '=': conversion from 'uintptr_t' to 'uint32_t', possible loss of data
C:\Users\CmonMeow\Desktop\Shipwright\OTRExporter\OTRExporter\DisplayListExporter.cpp(142,23): warning C4244: '=': conversion from 'uintptr_t' to 'uint32_t', possible loss of data
C:\Users\CmonMeow\Desktop\Shipwright\OTRExporter\OTRExporter\DisplayListExporter.cpp(143,23): warning C4244: '=': conversion from 'uintptr_t' to 'uint32_t', possible loss of data
C:\Users\CmonMeow\Desktop\Shipwright\OTRExporter\OTRExporter\DisplayListExporter.cpp(149,23): warning C4244: '=': conversion from 'uintptr_t' to 'uint32_t', possible loss of data
C:\Users\CmonMeow\Desktop\Shipwright\OTRExporter\OTRExporter\DisplayListExporter.cpp(150,23): warning C4244: '=': conversion from 'uintptr_t' to 'uint32_t', possible loss of data
C:\Users\CmonMeow\Desktop\Shipwright\OTRExporter\OTRExporter\DisplayListExporter.cpp(156,23): warning C4244: '=': conversion from 'uintptr_t' to 'uint32_t', possible loss of data
C:\Users\CmonMeow\Desktop\Shipwright\OTRExporter\OTRExporter\DisplayListExporter.cpp(157,23): warning C4244: '=': conversion from 'uintptr_t' to 'uint32_t', possible loss of data
C:\Users\CmonMeow\Desktop\Shipwright\OTRExporter\OTRExporter\DisplayListExporter.cpp(163,23): warning C4244: '=': conversion from 'uintptr_t' to 'uint32_t', possible loss of data
C:\Users\CmonMeow\Desktop\Shipwright\OTRExporter\OTRExporter\DisplayListExporter.cpp(164,23): warning C4244: '=': conversion from 'uintptr_t' to 'uint32_t', possible loss of data
C:\Users\CmonMeow\Desktop\Shipwright\OTRExporter\OTRExporter\DisplayListExporter.cpp(170,23): warning C4244: '=': conversion from 'uintptr_t' to 'uint32_t', possible loss of data
C:\Users\CmonMeow\Desktop\Shipwright\OTRExporter\OTRExporter\DisplayListExporter.cpp(171,23): warning C4244: '=': conversion from 'uintptr_t' to 'uint32_t', possible loss of data
C:\Users\CmonMeow\Desktop\Shipwright\OTRExporter\OTRExporter\DisplayListExporter.cpp(180,23): warning C4244: '=': conversion from 'uintptr_t' to 'uint32_t', possible loss of data
C:\Users\CmonMeow\Desktop\Shipwright\OTRExporter\OTRExporter\DisplayListExporter.cpp(181,23): warning C4244: '=': conversion from 'uintptr_t' to 'uint32_t', possible loss of data
C:\Users\CmonMeow\Desktop\Shipwright\OTRExporter\OTRExporter\DisplayListExporter.cpp(187,23): warning C4244: '=': conversion from 'uintptr_t' to 'uint32_t', possible loss of data
C:\Users\CmonMeow\Desktop\Shipwright\OTRExporter\OTRExporter\DisplayListExporter.cpp(188,23): warning C4244: '=': conversion from 'uintptr_t' to 'uint32_t', possible loss of data
C:\Users\CmonMeow\Desktop\Shipwright\OTRExporter\OTRExporter\DisplayListExporter.cpp(199,23): warning C4244: '=': conversion from 'uintptr_t' to 'uint32_t', possible loss of data
C:\Users\CmonMeow\Desktop\Shipwright\OTRExporter\OTRExporter\DisplayListExporter.cpp(200,23): warning C4244: '=': conversion from 'uintptr_t' to 'uint32_t', possible loss of data
C:\Users\CmonMeow\Desktop\Shipwright\OTRExporter\OTRExporter\DisplayListExporter.cpp(215,24): warning C4244: '=': conversion from 'uintptr_t' to 'uint32_t', possible loss of data
C:\Users\CmonMeow\Desktop\Shipwright\OTRExporter\OTRExporter\DisplayListExporter.cpp(216,24): warning C4244: '=': conversion from 'uintptr_t' to 'uint32_t', possible loss of data
C:\Users\CmonMeow\Desktop\Shipwright\OTRExporter\OTRExporter\DisplayListExporter.cpp(225,24): warning C4244: '=': conversion from 'uintptr_t' to 'uint32_t', possible loss of data
C:\Users\CmonMeow\Desktop\Shipwright\OTRExporter\OTRExporter\DisplayListExporter.cpp(226,24): warning C4244: '=': conversion from 'uintptr_t' to 'uint32_t', possible loss of data
C:\Users\CmonMeow\Desktop\Shipwright\OTRExporter\OTRExporter\DisplayListExporter.cpp(307,23): warning C4244: '=': conversion from 'uintptr_t' to 'uint32_t', possible loss of data
C:\Users\CmonMeow\Desktop\Shipwright\OTRExporter\OTRExporter\DisplayListExporter.cpp(308,23): warning C4244: '=': conversion from 'uintptr_t' to 'uint32_t', possible loss of data
C:\Users\CmonMeow\Desktop\Shipwright\OTRExporter\OTRExporter\DisplayListExporter.cpp(317,23): warning C4244: '=': conversion from 'uintptr_t' to 'uint32_t', possible loss of data
C:\Users\CmonMeow\Desktop\Shipwright\OTRExporter\OTRExporter\DisplayListExporter.cpp(318,23): warning C4244: '=': conversion from 'uintptr_t' to 'uint32_t', possible loss of data
C:\Users\CmonMeow\Desktop\Shipwright\OTRExporter\OTRExporter\DisplayListExporter.cpp(333,24): warning C4244: '=': conversion from 'uintptr_t' to 'uint32_t', possible loss of data
C:\Users\CmonMeow\Desktop\Shipwright\OTRExporter\OTRExporter\DisplayListExporter.cpp(334,24): warning C4244: '=': conversion from 'uintptr_t' to 'uint32_t', possible loss of data
C:\Users\CmonMeow\Desktop\Shipwright\OTRExporter\OTRExporter\DisplayListExporter.cpp(346,23): warning C4244: '=': conversion from 'uintptr_t' to 'uint32_t', possible loss of data
C:\Users\CmonMeow\Desktop\Shipwright\OTRExporter\OTRExporter\DisplayListExporter.cpp(347,23): warning C4244: '=': conversion from 'uintptr_t' to 'uint32_t', possible loss of data
C:\Users\CmonMeow\Desktop\Shipwright\OTRExporter\OTRExporter\DisplayListExporter.cpp(359,23): warning C4244: '=': conversion from 'uintptr_t' to 'uint32_t', possible loss of data
C:\Users\CmonMeow\Desktop\Shipwright\OTRExporter\OTRExporter\DisplayListExporter.cpp(360,23): warning C4244: '=': conversion from 'uintptr_t' to 'uint32_t', possible loss of data
C:\Users\CmonMeow\Desktop\Shipwright\OTRExporter\OTRExporter\DisplayListExporter.cpp(379,23): warning C4244: '=': conversion from 'uintptr_t' to 'uint32_t', possible loss of data
C:\Users\CmonMeow\Desktop\Shipwright\OTRExporter\OTRExporter\DisplayListExporter.cpp(477,24): warning C4244: '=': conversion from 'uintptr_t' to 'uint32_t', possible loss of data
C:\Users\CmonMeow\Desktop\Shipwright\OTRExporter\OTRExporter\DisplayListExporter.cpp(478,24): warning C4244: '=': conversion from 'uintptr_t' to 'uint32_t', possible loss of data
C:\Users\CmonMeow\Desktop\Shipwright\OTRExporter\OTRExporter\DisplayListExporter.cpp(569,23): warning C4244: '=': conversion from 'uintptr_t' to 'uint32_t', possible loss of data
C:\Users\CmonMeow\Desktop\Shipwright\OTRExporter\OTRExporter\DisplayListExporter.cpp(570,23): warning C4244: '=': conversion from 'uintptr_t' to 'uint32_t', possible loss of data
C:\Users\CmonMeow\Desktop\Shipwright\OTRExporter\OTRExporter\DisplayListExporter.cpp(580,22): warning C4244: '=': conversion from 'uintptr_t' to 'uint32_t', possible loss of data
C:\Users\CmonMeow\Desktop\Shipwright\OTRExporter\OTRExporter\DisplayListExporter.cpp(581,22): warning C4244: '=': conversion from 'uintptr_t' to 'uint32_t', possible loss of data
C:\Users\CmonMeow\Desktop\Shipwright\OTRExporter\OTRExporter\DisplayListExporter.cpp(594,22): warning C4244: '=': conversion from 'uintptr_t' to 'uint32_t', possible loss of data
C:\Users\CmonMeow\Desktop\Shipwright\OTRExporter\OTRExporter\DisplayListExporter.cpp(595,22): warning C4244: '=': conversion from 'uintptr_t' to 'uint32_t', possible loss of data
C:\Users\CmonMeow\Desktop\Shipwright\OTRExporter\OTRExporter\DisplayListExporter.cpp(606,22): warning C4244: '=': conversion from 'uintptr_t' to 'uint32_t', possible loss of data
C:\Users\CmonMeow\Desktop\Shipwright\OTRExporter\OTRExporter\DisplayListExporter.cpp(607,22): warning C4244: '=': conversion from 'uintptr_t' to 'uint32_t', possible loss of data
C:\Users\CmonMeow\Desktop\Shipwright\OTRExporter\OTRExporter\DisplayListExporter.cpp(620,23): warning C4244: '=': conversion from 'uintptr_t' to 'uint32_t', possible loss of data
C:\Users\CmonMeow\Desktop\Shipwright\OTRExporter\OTRExporter\DisplayListExporter.cpp(621,23): warning C4244: '=': conversion from 'uintptr_t' to 'uint32_t', possible loss of data
C:\Users\CmonMeow\Desktop\Shipwright\OTRExporter\OTRExporter\DisplayListExporter.cpp(634,23): warning C4244: '=': conversion from 'uintptr_t' to 'uint32_t', possible loss of data
C:\Users\CmonMeow\Desktop\Shipwright\OTRExporter\OTRExporter\DisplayListExporter.cpp(635,23): warning C4244: '=': conversion from 'uintptr_t' to 'uint32_t', possible loss of data
C:\Users\CmonMeow\Desktop\Shipwright\OTRExporter\OTRExporter\DisplayListExporter.cpp(658,23): warning C4244: '=': conversion from 'uintptr_t' to 'uint32_t', possible loss of data
C:\Users\CmonMeow\Desktop\Shipwright\OTRExporter\OTRExporter\DisplayListExporter.cpp(659,23): warning C4244: '=': conversion from 'uintptr_t' to 'uint32_t', possible loss of data
C:\Users\CmonMeow\Desktop\Shipwright\OTRExporter\OTRExporter\DisplayListExporter.cpp(689,23): warning C4244: '=': conversion from 'uintptr_t' to 'uint32_t', possible loss of data
C:\Users\CmonMeow\Desktop\Shipwright\OTRExporter\OTRExporter\DisplayListExporter.cpp(690,23): warning C4244: '=': conversion from 'uintptr_t' to 'uint32_t', possible loss of data
C:\Users\CmonMeow\Desktop\Shipwright\OTRExporter\OTRExporter\DisplayListExporter.cpp(713,23): warning C4244: '=': conversion from 'uintptr_t' to 'uint32_t', possible loss of data
C:\Users\CmonMeow\Desktop\Shipwright\OTRExporter\OTRExporter\DisplayListExporter.cpp(714,23): warning C4244: '=': conversion from 'uintptr_t' to 'uint32_t', possible loss of data
C:\Users\CmonMeow\Desktop\Shipwright\OTRExporter\OTRExporter\DisplayListExporter.cpp(726,23): warning C4244: '=': conversion from 'uintptr_t' to 'uint32_t', possible loss of data
C:\Users\CmonMeow\Desktop\Shipwright\OTRExporter\OTRExporter\DisplayListExporter.cpp(727,23): warning C4244: '=': conversion from 'uintptr_t' to 'uint32_t', possible loss of data
C:\Users\CmonMeow\Desktop\Shipwright\OTRExporter\OTRExporter\DisplayListExporter.cpp(736,23): warning C4244: '=': conversion from 'uintptr_t' to 'uint32_t', possible loss of data
C:\Users\CmonMeow\Desktop\Shipwright\OTRExporter\OTRExporter\DisplayListExporter.cpp(737,23): warning C4244: '=': conversion from 'uintptr_t' to 'uint32_t', possible loss of data
C:\Users\CmonMeow\Desktop\Shipwright\OTRExporter\OTRExporter\DisplayListExporter.cpp(749,23): warning C4244: '=': conversion from 'uintptr_t' to 'uint32_t', possible loss of data
C:\Users\CmonMeow\Desktop\Shipwright\OTRExporter\OTRExporter\DisplayListExporter.cpp(750,23): warning C4244: '=': conversion from 'uintptr_t' to 'uint32_t', possible loss of data
C:\Users\CmonMeow\Desktop\Shipwright\OTRExporter\OTRExporter\DisplayListExporter.cpp(759,39): warning C4244: 'argument': conversion from '_Ty' to 'segptr_t', possible loss of data
C:\Users\CmonMeow\Desktop\Shipwright\OTRExporter\OTRExporter\DisplayListExporter.cpp(759,39): warning C4244:         with
C:\Users\CmonMeow\Desktop\Shipwright\OTRExporter\OTRExporter\DisplayListExporter.cpp(759,39): warning C4244:         [
C:\Users\CmonMeow\Desktop\Shipwright\OTRExporter\OTRExporter\DisplayListExporter.cpp(759,39): warning C4244:             _Ty=uint64_t
C:\Users\CmonMeow\Desktop\Shipwright\OTRExporter\OTRExporter\DisplayListExporter.cpp(759,39): warning C4244:         ]
C:\Users\CmonMeow\Desktop\Shipwright\OTRExporter\OTRExporter\DisplayListExporter.cpp(775,24): warning C4244: '=': conversion from 'uintptr_t' to 'uint32_t', possible loss of data
C:\Users\CmonMeow\Desktop\Shipwright\OTRExporter\OTRExporter\DisplayListExporter.cpp(776,24): warning C4244: '=': conversion from 'uintptr_t' to 'uint32_t', possible loss of data
C:\Users\CmonMeow\Desktop\Shipwright\OTRExporter\OTRExporter\DisplayListExporter.cpp(849,24): warning C4244: '=': conversion from 'uintptr_t' to 'uint32_t', possible loss of data
C:\Users\CmonMeow\Desktop\Shipwright\OTRExporter\OTRExporter\DisplayListExporter.cpp(850,24): warning C4244: '=': conversion from 'uintptr_t' to 'uint32_t', possible loss of data
C:\Users\CmonMeow\Desktop\Shipwright\OTRExporter\OTRExporter\DisplayListExporter.cpp(888,25): warning C4244: '=': conversion from 'uintptr_t' to 'uint32_t', possible loss of data
C:\Users\CmonMeow\Desktop\Shipwright\OTRExporter\OTRExporter\DisplayListExporter.cpp(891,25): warning C4244: '=': conversion from 'uintptr_t' to 'uint32_t', possible loss of data
C:\Users\CmonMeow\Desktop\Shipwright\OTRExporter\OTRExporter\AudioExporter.cpp(252,90): warning C4267: 'argument': conversion from 'size_t' to 'unsigned int', possible loss of data
C:\Users\CmonMeow\Desktop\Shipwright\OTRExporter\OTRExporter\AudioExporter.cpp(308,90): warning C4267: 'argument': conversion from 'size_t' to 'unsigned int', possible loss of data
  PathExporter.cpp
  PlayerAnimationExporter.cpp
C:\Users\CmonMeow\Desktop\Shipwright\OTRExporter\OTRExporter\Main.cpp(110,45): warning C4101: 'e': unreferenced local variable
C:\Users\CmonMeow\Desktop\Shipwright\OTRExporter\OTRExporter\Main.cpp(112,41): warning C4101: 'e': unreferenced local variable
  RoomExporter.cpp
  SkeletonExporter.cpp
  SkeletonLimbExporter.cpp
  TextExporter.cpp
  TextMMExporter.cpp
  TextureExporter.cpp
  TextureAnimationExporter.cpp
  VersionInfo.cpp
C:\Users\CmonMeow\Desktop\Shipwright\ZAPDTR\ZAPD\Utils\BitConverter.h(197,50): warning C4267: 'argument': conversion from 'size_t' to 'int32_t', possible loss of data
  (compiling source file '../../../../OTRExporter/OTRExporter/MtxExporter.cpp')
  
C:\Users\CmonMeow\Desktop\Shipwright\ZAPDTR\ZAPD\Utils\BitConverter.h(202,50): warning C4267: 'argument': conversion from 'size_t' to 'int32_t', possible loss of data
  (compiling source file '../../../../OTRExporter/OTRExporter/MtxExporter.cpp')
  
C:\Users\CmonMeow\Desktop\Shipwright\ZAPDTR\ZAPD\Utils\BitConverter.h(197,50): warning C4267: 'argument': conversion from 'size_t' to 'int32_t', possible loss of data
  (compiling source file '../../../../OTRExporter/OTRExporter/PathExporter.cpp')
  
C:\Users\CmonMeow\Desktop\Shipwright\ZAPDTR\ZAPD\Utils\BitConverter.h(202,50): warning C4267: 'argument': conversion from 'size_t' to 'int32_t', possible loss of data
  (compiling source file '../../../../OTRExporter/OTRExporter/PathExporter.cpp')
  
C:\Users\CmonMeow\Desktop\Shipwright\ZAPDTR\ZAPD\Utils\BitConverter.h(197,50): warning C4267: 'argument': conversion from 'size_t' to 'int32_t', possible loss of data
  (compiling source file '../../../../OTRExporter/OTRExporter/PlayerAnimationExporter.cpp')
  
C:\Users\CmonMeow\Desktop\Shipwright\ZAPDTR\ZAPD\Utils\BitConverter.h(202,50): warning C4267: 'argument': conversion from 'size_t' to 'int32_t', possible loss of data
  (compiling source file '../../../../OTRExporter/OTRExporter/PlayerAnimationExporter.cpp')
  
C:\Users\CmonMeow\Desktop\Shipwright\ZAPDTR\ZAPD\Utils\BitConverter.h(197,50): warning C4267: 'argument': conversion from 'size_t' to 'int32_t', possible loss of data
  (compiling source file '../../../../OTRExporter/OTRExporter/RoomExporter.cpp')
  
C:\Users\CmonMeow\Desktop\Shipwright\ZAPDTR\ZAPD\Utils\BitConverter.h(202,50): warning C4267: 'argument': conversion from 'size_t' to 'int32_t', possible loss of data
  (compiling source file '../../../../OTRExporter/OTRExporter/RoomExporter.cpp')
  
C:\Users\CmonMeow\Desktop\Shipwright\ZAPDTR\ZAPD\Utils\BitConverter.h(197,50): warning C4267: 'argument': conversion from 'size_t' to 'int32_t', possible loss of data
  (compiling source file '../../../../OTRExporter/OTRExporter/SkeletonExporter.cpp')
  
C:\Users\CmonMeow\Desktop\Shipwright\ZAPDTR\ZAPD\Utils\BitConverter.h(202,50): warning C4267: 'argument': conversion from 'size_t' to 'int32_t', possible loss of data
  (compiling source file '../../../../OTRExporter/OTRExporter/SkeletonExporter.cpp')
  
C:\Users\CmonMeow\Desktop\Shipwright\ZAPDTR\ZAPD\Utils\BitConverter.h(197,50): warning C4267: 'argument': conversion from 'size_t' to 'int32_t', possible loss of data
  (compiling source file '../../../../OTRExporter/OTRExporter/SkeletonLimbExporter.cpp')
  
C:\Users\CmonMeow\Desktop\Shipwright\ZAPDTR\ZAPD\Utils\BitConverter.h(202,50): warning C4267: 'argument': conversion from 'size_t' to 'int32_t', possible loss of data
  (compiling source file '../../../../OTRExporter/OTRExporter/SkeletonLimbExporter.cpp')
  
C:\Users\CmonMeow\Desktop\Shipwright\ZAPDTR\ZAPD\Utils\BitConverter.h(197,50): warning C4267: 'argument': conversion from 'size_t' to 'int32_t', possible loss of data
  (compiling source file '../../../../OTRExporter/OTRExporter/TextExporter.cpp')
  
C:\Users\CmonMeow\Desktop\Shipwright\ZAPDTR\ZAPD\Utils\BitConverter.h(202,50): warning C4267: 'argument': conversion from 'size_t' to 'int32_t', possible loss of data
  (compiling source file '../../../../OTRExporter/OTRExporter/TextExporter.cpp')
  
C:\Users\CmonMeow\Desktop\Shipwright\ZAPDTR\ZAPD\Utils\BitConverter.h(197,50): warning C4267: 'argument': conversion from 'size_t' to 'int32_t', possible loss of data
  (compiling source file '../../../../OTRExporter/OTRExporter/TextureExporter.cpp')
  
C:\Users\CmonMeow\Desktop\Shipwright\ZAPDTR\ZAPD\Utils\BitConverter.h(202,50): warning C4267: 'argument': conversion from 'size_t' to 'int32_t', possible loss of data
  (compiling source file '../../../../OTRExporter/OTRExporter/TextureExporter.cpp')
  
  VtxExporter.cpp
C:\Users\CmonMeow\Desktop\Shipwright\ZAPDTR\ZAPD\Utils\BitConverter.h(197,50): warning C4267: 'argument': conversion from 'size_t' to 'int32_t', possible loss of data
  (compiling source file '../../../../OTRExporter/OTRExporter/VtxExporter.cpp')
  
C:\Users\CmonMeow\Desktop\Shipwright\ZAPDTR\ZAPD\Utils\BitConverter.h(202,50): warning C4267: 'argument': conversion from 'size_t' to 'int32_t', possible loss of data
  (compiling source file '../../../../OTRExporter/OTRExporter/VtxExporter.cpp')
  
C:\Users\CmonMeow\Desktop\Shipwright\OTRExporter\OTRExporter\RoomExporter.cpp(405,36): warning C4244: 'initializing': conversion from 'uint64_t' to 'uint32_t', possible loss of data
  OTRExporter.vcxproj -> C:\Users\CmonMeow\Desktop\Shipwright\x64\Release\OTRExporter.lib
