c:\users\cmonmeow\desktop\shipwright\build\x64\otrexporter\otrexporter\otrexporter.dir\release\arrayexporter.obj
c:\users\cmonmeow\desktop\shipwright\build\x64\otrexporter\otrexporter\otrexporter.dir\release\roomexporter.obj
c:\users\cmonmeow\desktop\shipwright\build\x64\otrexporter\otrexporter\otrexporter.dir\release\backgroundexporter.obj
c:\users\cmonmeow\desktop\shipwright\build\x64\otrexporter\otrexporter\otrexporter.dir\release\textureexporter.obj
c:\users\cmonmeow\desktop\shipwright\build\x64\otrexporter\otrexporter\otrexporter.dir\release\blobexporter.obj
c:\users\cmonmeow\desktop\shipwright\build\x64\otrexporter\otrexporter\otrexporter.dir\release\skeletonexporter.obj
c:\users\cmonmeow\desktop\shipwright\build\x64\otrexporter\otrexporter\otrexporter.dir\release\exporter.obj
c:\users\cmonmeow\desktop\shipwright\build\x64\otrexporter\otrexporter\otrexporter.dir\release\textexporter.obj
c:\users\cmonmeow\desktop\shipwright\build\x64\otrexporter\otrexporter\otrexporter.dir\release\animationexporter.obj
c:\users\cmonmeow\desktop\shipwright\build\x64\otrexporter\otrexporter\otrexporter.dir\release\versioninfo.obj
c:\users\cmonmeow\desktop\shipwright\build\x64\otrexporter\otrexporter\otrexporter.dir\release\main.obj
c:\users\cmonmeow\desktop\shipwright\build\x64\otrexporter\otrexporter\otrexporter.dir\release\audioexporter.obj
c:\users\cmonmeow\desktop\shipwright\build\x64\otrexporter\otrexporter\otrexporter.dir\release\collisionexporter.obj
c:\users\cmonmeow\desktop\shipwright\build\x64\otrexporter\otrexporter\otrexporter.dir\release\playeranimationexporter.obj
c:\users\cmonmeow\desktop\shipwright\build\x64\otrexporter\otrexporter\otrexporter.dir\release\displaylistexporter.obj
c:\users\cmonmeow\desktop\shipwright\build\x64\otrexporter\otrexporter\otrexporter.dir\release\mtxexporter.obj
c:\users\cmonmeow\desktop\shipwright\build\x64\otrexporter\otrexporter\otrexporter.dir\release\skeletonlimbexporter.obj
c:\users\cmonmeow\desktop\shipwright\build\x64\otrexporter\otrexporter\otrexporter.dir\release\pathexporter.obj
c:\users\cmonmeow\desktop\shipwright\build\x64\otrexporter\otrexporter\otrexporter.dir\release\vtxexporter.obj
c:\users\cmonmeow\desktop\shipwright\build\x64\otrexporter\otrexporter\otrexporter.dir\release\cutsceneexporter.obj
c:\users\cmonmeow\desktop\shipwright\x64\release\otrexporter.pdb
c:\users\cmonmeow\desktop\shipwright\build\x64\otrexporter\otrexporter\otrexporter.dir\release\exporterarchiveotr.obj
c:\users\cmonmeow\desktop\shipwright\build\x64\otrexporter\otrexporter\otrexporter.dir\release\exporterarchiveo2r.obj
c:\users\cmonmeow\desktop\shipwright\build\x64\otrexporter\otrexporter\otrexporter.dir\release\exporterarchive.obj
c:\users\cmonmeow\desktop\shipwright\build\x64\otrexporter\otrexporter\otrexporter.dir\release\ckeyframeexporter.obj
c:\users\cmonmeow\desktop\shipwright\build\x64\otrexporter\otrexporter\otrexporter.dir\release\textureanimationexporter.obj
c:\users\cmonmeow\desktop\shipwright\build\x64\otrexporter\otrexporter\otrexporter.dir\release\textmmexporter.obj
c:\users\cmonmeow\desktop\shipwright\build\x64\otrexporter\otrexporter\cmakefiles\generate.stamp
c:\users\cmonmeow\desktop\shipwright\x64\release\otrexporter.lib
c:\users\cmonmeow\desktop\shipwright\build\x64\otrexporter\otrexporter\otrexporter.dir\release\otrexporter.tlog\cl.command.1.tlog
c:\users\cmonmeow\desktop\shipwright\build\x64\otrexporter\otrexporter\otrexporter.dir\release\otrexporter.tlog\cl.items.tlog
c:\users\cmonmeow\desktop\shipwright\build\x64\otrexporter\otrexporter\otrexporter.dir\release\otrexporter.tlog\cl.read.1.tlog
c:\users\cmonmeow\desktop\shipwright\build\x64\otrexporter\otrexporter\otrexporter.dir\release\otrexporter.tlog\cl.write.1.tlog
c:\users\cmonmeow\desktop\shipwright\build\x64\otrexporter\otrexporter\otrexporter.dir\release\otrexporter.tlog\custombuild.command.1.tlog
c:\users\cmonmeow\desktop\shipwright\build\x64\otrexporter\otrexporter\otrexporter.dir\release\otrexporter.tlog\custombuild.read.1.tlog
c:\users\cmonmeow\desktop\shipwright\build\x64\otrexporter\otrexporter\otrexporter.dir\release\otrexporter.tlog\custombuild.write.1.tlog
c:\users\cmonmeow\desktop\shipwright\build\x64\otrexporter\otrexporter\otrexporter.dir\release\otrexporter.tlog\lib-link.read.1.tlog
c:\users\cmonmeow\desktop\shipwright\build\x64\otrexporter\otrexporter\otrexporter.dir\release\otrexporter.tlog\lib-link.write.1.tlog
c:\users\cmonmeow\desktop\shipwright\build\x64\otrexporter\otrexporter\otrexporter.dir\release\otrexporter.tlog\lib.command.1.tlog
