c:\users\cmonmeow\desktop\shipwright\build\x64\zapd\zapdlib.dir\debug\warninghandler.obj
c:\users\cmonmeow\desktop\shipwright\build\x64\zapd\zapdlib.dir\debug\zblob.obj
c:\users\cmonmeow\desktop\shipwright\build\x64\zapd\zapdlib.dir\debug\zplayeranimationdata.obj
c:\users\cmonmeow\desktop\shipwright\build\x64\zapd\zapdlib.dir\debug\ztexture.obj
c:\users\cmonmeow\desktop\shipwright\build\x64\zapd\zapdlib.dir\debug\setcutscenes.obj
c:\users\cmonmeow\desktop\shipwright\build\x64\zapd\zapdlib.dir\debug\setskyboxmodifier.obj
c:\users\cmonmeow\desktop\shipwright\build\x64\zapd\zapdlib.dir\debug\unused1d.obj
c:\users\cmonmeow\desktop\shipwright\build\x64\zapd\zapdlib.dir\debug\fileworker.obj
c:\users\cmonmeow\desktop\shipwright\build\x64\zapd\zapdlib.dir\debug\cutscene_common.obj
c:\users\cmonmeow\desktop\shipwright\build\x64\zapd\zapdlib.dir\debug\cutsceneoot_commands.obj
c:\users\cmonmeow\desktop\shipwright\build\x64\zapd\zapdlib.dir\debug\zckeyframeanim.obj
c:\users\cmonmeow\desktop\shipwright\build\x64\zapd\zapdlib.dir\debug\zsurfacetype.obj
c:\users\cmonmeow\desktop\shipwright\build\x64\zapd\zapdlib.dir\debug\setactorlist.obj
c:\users\cmonmeow\desktop\shipwright\build\x64\zapd\zapdlib.dir\debug\setlightingsettings.obj
c:\users\cmonmeow\desktop\shipwright\build\x64\zapd\zapdlib.dir\debug\setstartpositionlist.obj
c:\users\cmonmeow\desktop\shipwright\build\x64\zapd\zapdlib.dir\debug\main.obj
c:\users\cmonmeow\desktop\shipwright\build\x64\zapd\zapdlib.dir\debug\zcutscene.obj
c:\users\cmonmeow\desktop\shipwright\build\x64\zapd\zapdlib.dir\debug\zskeleton.obj
c:\users\cmonmeow\desktop\shipwright\build\x64\zapd\zapdlib.dir\debug\zroomcommand.obj
c:\users\cmonmeow\desktop\shipwright\build\x64\zapd\zapdlib.dir\debug\setexitlist.obj
c:\users\cmonmeow\desktop\shipwright\build\x64\zapd\zapdlib.dir\debug\setsoundsettings.obj
c:\users\cmonmeow\desktop\shipwright\build\x64\zapd\zapdlib.dir\debug\memorystream.obj
c:\users\cmonmeow\desktop\shipwright\build\x64\zapd\zapdlib.dir\debug\ztextmm.obj
c:\users\cmonmeow\desktop\shipwright\build\x64\zapd\zapdlib.dir\debug\zaudiodecode.obj
c:\users\cmonmeow\desktop\shipwright\build\x64\zapd\zapdlib.dir\debug\zbackground.obj
c:\users\cmonmeow\desktop\shipwright\build\x64\zapd\zapdlib.dir\debug\zpath.obj
c:\users\cmonmeow\desktop\shipwright\build\x64\zapd\zapdlib.dir\debug\ztextureanimation.obj
c:\users\cmonmeow\desktop\shipwright\build\x64\zapd\zapdlib.dir\debug\setcscamera.obj
c:\users\cmonmeow\desktop\shipwright\build\x64\zapd\zapdlib.dir\debug\setroombehavior.obj
c:\users\cmonmeow\desktop\shipwright\build\x64\zapd\zapdlib.dir\debug\zroomcommandunk.obj
c:\users\cmonmeow\desktop\shipwright\build\x64\zapd\zapdlib.dir\debug\setcutsceneentrylist.obj
c:\users\cmonmeow\desktop\shipwright\build\x64\zapd\zapdlib.dir\debug\zaudio.obj
c:\users\cmonmeow\desktop\shipwright\build\x64\zapd\zapdlib.dir\debug\zresource.obj
c:\users\cmonmeow\desktop\shipwright\build\x64\zapd\zapdlib.dir\debug\endmarker.obj
c:\users\cmonmeow\desktop\shipwright\build\x64\zapd\zapdlib.dir\debug\setlightlist.obj
c:\users\cmonmeow\desktop\shipwright\build\x64\zapd\zapdlib.dir\debug\setspecialobjects.obj
c:\users\cmonmeow\desktop\shipwright\build\x64\zapd\zapdlib.dir\debug\globals.obj
c:\users\cmonmeow\desktop\shipwright\build\x64\zapd\zapdlib.dir\debug\zcollisionpoly.obj
c:\users\cmonmeow\desktop\shipwright\build\x64\zapd\zapdlib.dir\debug\zpointer.obj
c:\users\cmonmeow\desktop\shipwright\build\x64\zapd\zapdlib.dir\debug\zvector.obj
c:\users\cmonmeow\desktop\shipwright\build\x64\zapd\zapdlib.dir\debug\setcollisionheader.obj
c:\users\cmonmeow\desktop\shipwright\build\x64\zapd\zapdlib.dir\debug\setobjectlist.obj
c:\users\cmonmeow\desktop\shipwright\build\x64\zapd\zapdlib.dir\debug\setworldmapvisited.obj
c:\users\cmonmeow\desktop\shipwright\build\x64\zapd\zapdlib.dir\debug\imagebackend.obj
c:\users\cmonmeow\desktop\shipwright\build\x64\zapd\zapdlib.dir\debug\zanimation.obj
c:\users\cmonmeow\desktop\shipwright\build\x64\zapd\zapdlib.dir\debug\zlimb.obj
c:\users\cmonmeow\desktop\shipwright\build\x64\zapd\zapdlib.dir\debug\ztext.obj
c:\users\cmonmeow\desktop\shipwright\build\x64\zapd\zapdlib.dir\debug\setcamerasettings.obj
c:\users\cmonmeow\desktop\shipwright\build\x64\zapd\zapdlib.dir\debug\setpathways.obj
c:\users\cmonmeow\desktop\shipwright\build\x64\zapd\zapdlib.dir\debug\unused09.obj
c:\users\cmonmeow\desktop\shipwright\build\x64\zapd\zapdlib.dir\debug\outputformatter.obj
c:\users\cmonmeow\desktop\shipwright\build\x64\zapd\zapdlib.dir\debug\zarray.obj
c:\users\cmonmeow\desktop\shipwright\build\x64\zapd\zapdlib.dir\debug\zmtx.obj
c:\users\cmonmeow\desktop\shipwright\build\x64\zapd\zapdlib.dir\debug\zsymbol.obj
c:\users\cmonmeow\desktop\shipwright\build\x64\zapd\zapdlib.dir\debug\setanimatedmateriallist.obj
c:\users\cmonmeow\desktop\shipwright\build\x64\zapd\zapdlib.dir\debug\setminimaplist.obj
c:\users\cmonmeow\desktop\shipwright\build\x64\zapd\zapdlib.dir\debug\setwind.obj
c:\users\cmonmeow\desktop\shipwright\build\x64\zapd\zapdlib.dir\debug\declaration.obj
c:\users\cmonmeow\desktop\shipwright\build\x64\zapd\zapdlib.dir\debug\zactorlist.obj
c:\users\cmonmeow\desktop\shipwright\build\x64\zapd\zapdlib.dir\debug\zfile.obj
c:\users\cmonmeow\desktop\shipwright\build\x64\zapd\zapdlib.dir\debug\zwaterbox.obj
c:\users\cmonmeow\desktop\shipwright\build\x64\zapd\zapdlib.dir\debug\setechosettings.obj
c:\users\cmonmeow\desktop\shipwright\build\x64\zapd\zapdlib.dir\debug\setroomlist.obj
c:\users\cmonmeow\desktop\shipwright\build\x64\zapd\zapdlib.dir\debug\binarywriter.obj
c:\users\cmonmeow\desktop\shipwright\build\x64\zapd\zapdlib.dir\debug\gameconfig.obj
c:\users\cmonmeow\desktop\shipwright\build\x64\zapd\zapdlib.dir\debug\zcollision.obj
c:\users\cmonmeow\desktop\shipwright\build\x64\zapd\zapdlib.dir\debug\zrom.obj
c:\users\cmonmeow\desktop\shipwright\build\x64\zapd\zapdlib.dir\debug\zvtx.obj
c:\users\cmonmeow\desktop\shipwright\build\x64\zapd\zapdlib.dir\debug\setentrancelist.obj
c:\users\cmonmeow\desktop\shipwright\build\x64\zapd\zapdlib.dir\debug\setskyboxsettings.obj
c:\users\cmonmeow\desktop\shipwright\build\x64\zapd\zapdlib.dir\debug\binaryreader.obj
c:\users\cmonmeow\desktop\shipwright\build\x64\zapd\zapdlib.dir\debug\crashhandler.obj
c:\users\cmonmeow\desktop\shipwright\build\x64\zapd\zapdlib.dir\debug\skinlimbstructs.obj
c:\users\cmonmeow\desktop\shipwright\build\x64\zapd\zapdlib.dir\debug\zdisplaylist.obj
c:\users\cmonmeow\desktop\shipwright\build\x64\zapd\zapdlib.dir\debug\zstring.obj
c:\users\cmonmeow\desktop\shipwright\build\x64\zapd\zapdlib.dir\debug\setalternateheaders.obj
c:\users\cmonmeow\desktop\shipwright\build\x64\zapd\zapdlib.dir\debug\setminimapchests.obj
c:\users\cmonmeow\desktop\shipwright\build\x64\zapd\zapdlib.dir\debug\settransitionactorlist.obj
c:\users\cmonmeow\desktop\shipwright\build\x64\zapd\zapdlib.dir\debug\yaz0.obj
c:\users\cmonmeow\desktop\shipwright\build\x64\zapd\zapdlib.dir\debug\cutscenemm_commands.obj
c:\users\cmonmeow\desktop\shipwright\build\x64\zapd\zapdlib.dir\debug\zckeyframe.obj
c:\users\cmonmeow\desktop\shipwright\build\x64\zapd\zapdlib.dir\debug\zscalar.obj
c:\users\cmonmeow\desktop\shipwright\build\x64\zapd\zapdlib.dir\debug\zroom.obj
c:\users\cmonmeow\desktop\shipwright\build\x64\zapd\zapdlib.dir\debug\setmesh.obj
c:\users\cmonmeow\desktop\shipwright\build\x64\zapd\zapdlib.dir\debug\settimesettings.obj
c:\users\cmonmeow\desktop\shipwright\x64\debug\zapdlib.pdb
c:\users\cmonmeow\desktop\shipwright\build\x64\zapd\zapdlib.dir\debug\uc.obj
c:\users\cmonmeow\desktop\shipwright\build\x64\zapd\zapdlib.dir\debug\uc_f3dex2.obj
c:\users\cmonmeow\desktop\shipwright\build\x64\zapd\zapdlib.dir\debug\gfxd.obj
c:\users\cmonmeow\desktop\shipwright\build\x64\zapd\cmakefiles\generate.stamp
c:\users\cmonmeow\desktop\shipwright\x64\debug\zapdlib.lib
c:\users\cmonmeow\desktop\shipwright\build\x64\zapd\zapdlib.dir\debug\zapdlib.tlog\cl.10312.write.1.tlog
c:\users\cmonmeow\desktop\shipwright\build\x64\zapd\zapdlib.dir\debug\zapdlib.tlog\cl.command.1.tlog
c:\users\cmonmeow\desktop\shipwright\build\x64\zapd\zapdlib.dir\debug\zapdlib.tlog\cl.items.tlog
c:\users\cmonmeow\desktop\shipwright\build\x64\zapd\zapdlib.dir\debug\zapdlib.tlog\cl.read.1.tlog
c:\users\cmonmeow\desktop\shipwright\build\x64\zapd\zapdlib.dir\debug\zapdlib.tlog\custombuild.command.1.tlog
c:\users\cmonmeow\desktop\shipwright\build\x64\zapd\zapdlib.dir\debug\zapdlib.tlog\custombuild.read.1.tlog
c:\users\cmonmeow\desktop\shipwright\build\x64\zapd\zapdlib.dir\debug\zapdlib.tlog\custombuild.write.1.tlog
c:\users\cmonmeow\desktop\shipwright\build\x64\zapd\zapdlib.dir\debug\zapdlib.tlog\lib-link.read.1.tlog
c:\users\cmonmeow\desktop\shipwright\build\x64\zapd\zapdlib.dir\debug\zapdlib.tlog\lib-link.write.1.tlog
c:\users\cmonmeow\desktop\shipwright\build\x64\zapd\zapdlib.dir\debug\zapdlib.tlog\lib.command.1.tlog
